
Coordinate Descent:
Starting position: 1 with performance: 95466 ms
Tile size: 4 with performance: 64605 ms
Tile size: 8 with performance: 58142 ms
Tile size: 16 with performance: 55977 ms
Tile size: 32 with performance: 55353 ms
Tile size: 64 with performance: 55198 ms
Tile size: 128 with performance: 55106 ms
Tile size: 256 with performance: 55045 ms
Tile size: 512 with performance: 54787 ms
coordinate search took 1832317 microseconds.
Converged to: 512 with performance: 54787 ms

Exhaustive search:
1 96642
2 77770
4 64567
8 58314
16 56066
32 55970
64 55446
128 55018
256 54819
512 54892
exhaustive search took 629578 microseconds.
Converged to: 256 with performance: 54819 ms
