
Coordinate Descent:
Starting position: 1 with performance: 78910 ms
Tile size: 4 with performance: 57190 ms
Tile size: 8 with performance: 52112 ms
Tile size: 16 with performance: 50870 ms
Tile size: 32 with performance: 50604 ms
Tile size: 64 with performance: 50504 ms
Tile size: 128 with performance: 50327 ms
Tile size: 256 with performance: 50287 ms
coordinate search took 1541484 microseconds.
Converged to: 256 with performance: 50287 ms

Exhaustive search:
1 79492
2 72658
4 57067
8 52075
16 50892
32 50995
64 50505
128 50357
256 50347
512 50395
exhaustive search took 564855 microseconds.
Converged to: 256 with performance: 50347 ms
