
Coordinate Descent:
Starting position: 1 with performance: 79037 ms
Tile size: 4 with performance: 57061 ms
Tile size: 8 with performance: 52020 ms
Tile size: 16 with performance: 50855 ms
Tile size: 32 with performance: 50586 ms
Tile size: 64 with performance: 50384 ms
Tile size: 128 with performance: 50297 ms
coordinate search took 1388639 microseconds.
Converged to: 128 with performance: 50297 ms

Exhaustive search:
1 78884
2 72688
4 57055
8 52018
16 50818
32 50585
64 50423
128 50312
256 50500
512 50373
exhaustive search took 563715 microseconds.
Converged to: 128 with performance: 50312 ms
