2024-09-14 11:33:38 [INFO] [task_scheduler.cc:160] Initializing Task #0: "main"
2024-09-14 11:33:38 [INFO] [task_scheduler.cc:35] 
# from tvm.script import ir as I
# from tvm.script import tir as T

@I.ir_module
class Module:
    @T.prim_func
    def main(A: T.Buffer((1, 3, 224, 224), "float32"), W: T.Buffer((64, 3, 3, 3), "float32"), conv2d_nchw: T.Buffer((1, 64, 224, 224), "float32")):
        T.func_attr({"tir.noalias": T.bool(True)})
        # with T.block("root"):
        pad_temp = T.alloc_buffer((1, 3, 226, 226))
        for i0, i1, i2, i3 in T.grid(1, 3, 226, 226):
            with T.block("pad_temp"):
                v_i0, v_i1, v_i2, v_i3 = T.axis.remap("SSSS", [i0, i1, i2, i3])
                T.reads(A[v_i0, v_i1, v_i2 - 1, v_i3 - 1])
                T.writes(pad_temp[v_i0, v_i1, v_i2, v_i3])
                pad_temp[v_i0, v_i1, v_i2, v_i3] = T.if_then_else(1 <= v_i2 and v_i2 < 225 and 1 <= v_i3 and v_i3 < 225, A[v_i0, v_i1, v_i2 - 1, v_i3 - 1], T.float32(0))
        for nn, ff, yy, xx, rc, ry, rx in T.grid(1, 64, 224, 224, 3, 3, 3):
            with T.block("conv2d_nchw"):
                v_nn, v_ff, v_yy, v_xx, v_rc, v_ry, v_rx = T.axis.remap("SSSSRRR", [nn, ff, yy, xx, rc, ry, rx])
                T.reads(pad_temp[v_nn, v_rc, v_yy + v_ry, v_xx + v_rx], W[v_ff, v_rc, v_ry, v_rx])
                T.writes(conv2d_nchw[v_nn, v_ff, v_yy, v_xx])
                with T.init():
                    conv2d_nchw[v_nn, v_ff, v_yy, v_xx] = T.float32(0)
                conv2d_nchw[v_nn, v_ff, v_yy, v_xx] = conv2d_nchw[v_nn, v_ff, v_yy, v_xx] + pad_temp[v_nn, v_rc, v_yy + v_ry, v_xx + v_rx] * W[v_ff, v_rc, v_ry, v_rx]
2024-09-14 11:33:38 [INFO] [task_scheduler.cc:164] Total 3 design space(s) generated
2024-09-14 11:33:38 [INFO] [task_scheduler.cc:170] Design space #0:
# from tvm.script import ir as I
# from tvm.script import tir as T

@I.ir_module
class Module:
    @T.prim_func
    def main(A: T.Buffer((1, 3, 224, 224), "float32"), W: T.Buffer((64, 3, 3, 3), "float32"), conv2d_nchw: T.Buffer((1, 64, 224, 224), "float32")):
        T.func_attr({"tir.noalias": T.bool(True)})
        with T.block("root"):
            T.reads()
            T.writes()
            T.block_attr({"meta_schedule.parallel": 128, "meta_schedule.unroll_explicit": 16, "meta_schedule.vectorize": 64})
            pad_temp = T.alloc_buffer((1, 3, 226, 226))
            conv2d_nchw_global = T.alloc_buffer((1, 64, 224, 224))
            for nn_0, ff_0, yy_0, xx_0, nn_1, ff_1 in T.grid(1, 1, 4, 2, 1, 4):
                for ax0, ax1, ax2, ax3 in T.grid(1, 3, 58, 114):
                    with T.block("pad_temp"):
                        v_i0, v_i1 = T.axis.remap("SS", [ax0, ax1])
                        v_i2 = T.axis.spatial(226, yy_0 * 56 + ax2)
                        v_i3 = T.axis.spatial(226, xx_0 * 112 + ax3)
                        T.reads(A[v_i0, v_i1, v_i2 - 1, v_i3 - 1])
                        T.writes(pad_temp[v_i0, v_i1, v_i2, v_i3])
                        pad_temp[v_i0, v_i1, v_i2, v_i3] = T.if_then_else(1 <= v_i2 and v_i2 < 225 and 1 <= v_i3 and v_i3 < 225, A[v_i0, v_i1, v_i2 - 1, v_i3 - 1], T.float32(0))
                for yy_1, xx_1 in T.grid(1, 7):
                    for rc_0, ry_0, rx_0, nn_2, ff_2, yy_2, xx_2, rc_1, ry_1, rx_1, nn_3, ff_3, yy_3, xx_3 in T.grid(3, 3, 1, 1, 2, 28, 8, 1, 1, 3, 1, 8, 2, 2):
                        with T.block("conv2d_nchw"):
                            v_nn = T.axis.spatial(1, nn_0 + nn_1 + nn_2 + nn_3)
                            v_ff = T.axis.spatial(64, ff_0 * 64 + ff_1 * 16 + ff_2 * 8 + ff_3)
                            v_yy = T.axis.spatial(224, yy_0 * 56 + yy_1 * 56 + yy_2 * 2 + yy_3)
                            v_xx = T.axis.spatial(224, xx_0 * 112 + xx_1 * 16 + xx_2 * 2 + xx_3)
                            v_rc = T.axis.reduce(3, rc_0 + rc_1)
                            v_ry = T.axis.reduce(3, ry_0 + ry_1)
                            v_rx = T.axis.reduce(3, rx_0 * 3 + rx_1)
                            T.reads(pad_temp[v_nn, v_rc, v_yy + v_ry, v_xx + v_rx], W[v_ff, v_rc, v_ry, v_rx])
                            T.writes(conv2d_nchw_global[v_nn, v_ff, v_yy, v_xx])
                            T.block_attr({"meta_schedule.tiling_structure": "SSRSRS"})
                            with T.init():
                                conv2d_nchw_global[v_nn, v_ff, v_yy, v_xx] = T.float32(0)
                            conv2d_nchw_global[v_nn, v_ff, v_yy, v_xx] = conv2d_nchw_global[v_nn, v_ff, v_yy, v_xx] + pad_temp[v_nn, v_rc, v_yy + v_ry, v_xx + v_rx] * W[v_ff, v_rc, v_ry, v_rx]
                    for ax0, ax1, ax2, ax3 in T.grid(1, 16, 56, 16):
                        with T.block("conv2d_nchw_global"):
                            v0 = T.axis.spatial(1, ax0)
                            v1 = T.axis.spatial(64, ff_1 * 16 + ax1)
                            v2 = T.axis.spatial(224, yy_0 * 56 + ax2)
                            v3 = T.axis.spatial(224, xx_0 * 112 + xx_1 * 16 + ax3)
                            T.reads(conv2d_nchw_global[v0, v1, v2, v3])
                            T.writes(conv2d_nchw[v0, v1, v2, v3])
                            conv2d_nchw[v0, v1, v2, v3] = conv2d_nchw_global[v0, v1, v2, v3]
b0 = sch.get_block(name="pad_temp", func_name="main")
b1 = sch.get_block(name="conv2d_nchw", func_name="main")
b2 = sch.get_block(name="root", func_name="main")
sch.annotate(block_or_loop=b1, ann_key="meta_schedule.tiling_structure", ann_val="SSRSRS")
l3, l4, l5, l6, l7, l8, l9 = sch.get_loops(block=b1)
v10, v11, v12, v13 = sch.sample_perfect_tile(loop=l3, n=4, max_innermost_factor=64, decision=[1, 1, 1, 1])
l14, l15, l16, l17 = sch.split(loop=l3, factors=[v10, v11, v12, v13], preserve_unit_iters=True)
v18, v19, v20, v21 = sch.sample_perfect_tile(loop=l4, n=4, max_innermost_factor=64, decision=[1, 4, 2, 8])
l22, l23, l24, l25 = sch.split(loop=l4, factors=[v18, v19, v20, v21], preserve_unit_iters=True)
v26, v27, v28, v29 = sch.sample_perfect_tile(loop=l5, n=4, max_innermost_factor=64, decision=[4, 1, 28, 2])
l30, l31, l32, l33 = sch.split(loop=l5, factors=[v26, v27, v28, v29], preserve_unit_iters=True)
v34, v35, v36, v37 = sch.sample_perfect_tile(loop=l6, n=4, max_innermost_factor=64, decision=[2, 7, 8, 2])
l38, l39, l40, l41 = sch.split(loop=l6, factors=[v34, v35, v36, v37], preserve_unit_iters=True)
v42, v43 = sch.sample_perfect_tile(loop=l7, n=2, max_innermost_factor=64, decision=[3, 1])
l44, l45 = sch.split(loop=l7, factors=[v42, v43], preserve_unit_iters=True)
v46, v47 = sch.sample_perfect_tile(loop=l8, n=2, max_innermost_factor=64, decision=[3, 1])
l48, l49 = sch.split(loop=l8, factors=[v46, v47], preserve_unit_iters=True)
v50, v51 = sch.sample_perfect_tile(loop=l9, n=2, max_innermost_factor=64, decision=[1, 3])
l52, l53 = sch.split(loop=l9, factors=[v50, v51], preserve_unit_iters=True)
sch.reorder(l14, l22, l30, l38, l15, l23, l31, l39, l44, l48, l52, l16, l24, l32, l40, l45, l49, l53, l17, l25, l33, l41)
b54 = sch.cache_write(block=b1, write_buffer_index=0, storage_scope="global")
sch.reverse_compute_at(block=b54, loop=l39, preserve_unit_loops=True, index=-1)
sch.annotate(block_or_loop=b2, ann_key="meta_schedule.parallel", ann_val=128)
sch.annotate(block_or_loop=b2, ann_key="meta_schedule.vectorize", ann_val=64)
v55 = sch.sample_categorical(candidates=[0, 16, 64, 512], probs=[0.25, 0.25, 0.25, 0.25], decision=1)
sch.annotate(block_or_loop=b2, ann_key="meta_schedule.unroll_explicit", ann_val=v55)
l56 = sch.sample_compute_location(block=b0, decision=5)
sch.compute_at(block=b0, loop=l56, preserve_unit_loops=True, index=-1)
2024-09-14 11:33:38 [INFO] [task_scheduler.cc:170] Design space #1:
# from tvm.script import ir as I
# from tvm.script import tir as T

@I.ir_module
class Module:
    @T.prim_func
    def main(A: T.Buffer((1, 3, 224, 224), "float32"), W: T.Buffer((64, 3, 3, 3), "float32"), conv2d_nchw: T.Buffer((1, 64, 224, 224), "float32")):
        T.func_attr({"tir.noalias": T.bool(True)})
        with T.block("root"):
            T.reads()
            T.writes()
            T.block_attr({"meta_schedule.parallel": 128, "meta_schedule.unroll_explicit": 64, "meta_schedule.vectorize": 64})
            pad_temp = T.alloc_buffer((1, 3, 226, 226))
            conv2d_nchw_global = T.alloc_buffer((1, 64, 224, 224))
            for nn_0, ff_0, yy_0 in T.grid(1, 1, 4):
                for ax0, ax1, ax2, ax3 in T.grid(1, 3, 58, 226):
                    with T.block("pad_temp"):
                        v_i0, v_i1 = T.axis.remap("SS", [ax0, ax1])
                        v_i2 = T.axis.spatial(226, yy_0 * 56 + ax2)
                        v_i3 = T.axis.spatial(226, ax3)
                        T.reads(A[v_i0, v_i1, v_i2 - 1, v_i3 - 1])
                        T.writes(pad_temp[v_i0, v_i1, v_i2, v_i3])
                        pad_temp[v_i0, v_i1, v_i2, v_i3] = T.if_then_else(1 <= v_i2 and v_i2 < 225 and 1 <= v_i3 and v_i3 < 225, A[v_i0, v_i1, v_i2 - 1, v_i3 - 1], T.float32(0))
                for xx_0 in range(2):
                    for nn_1, ff_1, yy_1, xx_1, rc_0, ry_0, rx_0, nn_2, ff_2, yy_2, xx_2, rc_1, ry_1, rx_1, nn_3, ff_3, yy_3, xx_3 in T.grid(1, 4, 1, 7, 3, 3, 1, 1, 2, 28, 8, 1, 1, 3, 1, 8, 2, 2):
                        with T.block("conv2d_nchw"):
                            v_nn = T.axis.spatial(1, nn_0 + nn_1 + nn_2 + nn_3)
                            v_ff = T.axis.spatial(64, ff_0 * 64 + ff_1 * 16 + ff_2 * 8 + ff_3)
                            v_yy = T.axis.spatial(224, yy_0 * 56 + yy_1 * 56 + yy_2 * 2 + yy_3)
                            v_xx = T.axis.spatial(224, xx_0 * 112 + xx_1 * 16 + xx_2 * 2 + xx_3)
                            v_rc = T.axis.reduce(3, rc_0 + rc_1)
                            v_ry = T.axis.reduce(3, ry_0 + ry_1)
                            v_rx = T.axis.reduce(3, rx_0 * 3 + rx_1)
                            T.reads(pad_temp[v_nn, v_rc, v_yy + v_ry, v_xx + v_rx], W[v_ff, v_rc, v_ry, v_rx])
                            T.writes(conv2d_nchw_global[v_nn, v_ff, v_yy, v_xx])
                            T.block_attr({"meta_schedule.tiling_structure": "SSRSRS"})
                            with T.init():
                                conv2d_nchw_global[v_nn, v_ff, v_yy, v_xx] = T.float32(0)
                            conv2d_nchw_global[v_nn, v_ff, v_yy, v_xx] = conv2d_nchw_global[v_nn, v_ff, v_yy, v_xx] + pad_temp[v_nn, v_rc, v_yy + v_ry, v_xx + v_rx] * W[v_ff, v_rc, v_ry, v_rx]
                    for ax0, ax1, ax2, ax3 in T.grid(1, 64, 56, 112):
                        with T.block("conv2d_nchw_global"):
                            v0, v1 = T.axis.remap("SS", [ax0, ax1])
                            v2 = T.axis.spatial(224, yy_0 * 56 + ax2)
                            v3 = T.axis.spatial(224, xx_0 * 112 + ax3)
                            T.reads(conv2d_nchw_global[v0, v1, v2, v3])
                            T.writes(conv2d_nchw[v0, v1, v2, v3])
                            conv2d_nchw[v0, v1, v2, v3] = conv2d_nchw_global[v0, v1, v2, v3]
b0 = sch.get_block(name="pad_temp", func_name="main")
b1 = sch.get_block(name="conv2d_nchw", func_name="main")
b2 = sch.get_block(name="root", func_name="main")
sch.annotate(block_or_loop=b1, ann_key="meta_schedule.tiling_structure", ann_val="SSRSRS")
l3, l4, l5, l6, l7, l8, l9 = sch.get_loops(block=b1)
v10, v11, v12, v13 = sch.sample_perfect_tile(loop=l3, n=4, max_innermost_factor=64, decision=[1, 1, 1, 1])
l14, l15, l16, l17 = sch.split(loop=l3, factors=[v10, v11, v12, v13], preserve_unit_iters=True)
v18, v19, v20, v21 = sch.sample_perfect_tile(loop=l4, n=4, max_innermost_factor=64, decision=[1, 4, 2, 8])
l22, l23, l24, l25 = sch.split(loop=l4, factors=[v18, v19, v20, v21], preserve_unit_iters=True)
v26, v27, v28, v29 = sch.sample_perfect_tile(loop=l5, n=4, max_innermost_factor=64, decision=[4, 1, 28, 2])
l30, l31, l32, l33 = sch.split(loop=l5, factors=[v26, v27, v28, v29], preserve_unit_iters=True)
v34, v35, v36, v37 = sch.sample_perfect_tile(loop=l6, n=4, max_innermost_factor=64, decision=[2, 7, 8, 2])
l38, l39, l40, l41 = sch.split(loop=l6, factors=[v34, v35, v36, v37], preserve_unit_iters=True)
v42, v43 = sch.sample_perfect_tile(loop=l7, n=2, max_innermost_factor=64, decision=[3, 1])
l44, l45 = sch.split(loop=l7, factors=[v42, v43], preserve_unit_iters=True)
v46, v47 = sch.sample_perfect_tile(loop=l8, n=2, max_innermost_factor=64, decision=[3, 1])
l48, l49 = sch.split(loop=l8, factors=[v46, v47], preserve_unit_iters=True)
v50, v51 = sch.sample_perfect_tile(loop=l9, n=2, max_innermost_factor=64, decision=[1, 3])
l52, l53 = sch.split(loop=l9, factors=[v50, v51], preserve_unit_iters=True)
sch.reorder(l14, l22, l30, l38, l15, l23, l31, l39, l44, l48, l52, l16, l24, l32, l40, l45, l49, l53, l17, l25, l33, l41)
b54 = sch.cache_write(block=b1, write_buffer_index=0, storage_scope="global")
sch.reverse_compute_at(block=b54, loop=l38, preserve_unit_loops=True, index=-1)
sch.annotate(block_or_loop=b2, ann_key="meta_schedule.parallel", ann_val=128)
sch.annotate(block_or_loop=b2, ann_key="meta_schedule.vectorize", ann_val=64)
v55 = sch.sample_categorical(candidates=[0, 16, 64, 512], probs=[0.25, 0.25, 0.25, 0.25], decision=2)
sch.annotate(block_or_loop=b2, ann_key="meta_schedule.unroll_explicit", ann_val=v55)
l56 = sch.sample_compute_location(block=b0, decision=2)
sch.compute_at(block=b0, loop=l56, preserve_unit_loops=True, index=-1)
2024-09-14 11:33:38 [INFO] [task_scheduler.cc:170] Design space #2:
# from tvm.script import ir as I
# from tvm.script import tir as T

@I.ir_module
class Module:
    @T.prim_func
    def main(A: T.Buffer((1, 3, 224, 224), "float32"), W: T.Buffer((64, 3, 3, 3), "float32"), conv2d_nchw: T.Buffer((1, 64, 224, 224), "float32")):
        T.func_attr({"tir.noalias": T.bool(True)})
        with T.block("root"):
            T.reads()
            T.writes()
            T.block_attr({"meta_schedule.parallel": 128, "meta_schedule.unroll_explicit": 512, "meta_schedule.vectorize": 64})
            for nn_0, ff_0, yy_0, xx_0, nn_1, ff_1, yy_1, xx_1, rc_0, ry_0, rx_0, nn_2, ff_2, yy_2, xx_2, rc_1, ry_1, rx_1, nn_3, ff_3, yy_3, xx_3 in T.grid(1, 1, 4, 2, 1, 4, 1, 7, 3, 3, 1, 1, 2, 28, 8, 1, 1, 3, 1, 8, 2, 2):
                with T.block("conv2d_nchw"):
                    v_nn = T.axis.spatial(1, nn_0 + nn_1 + nn_2 + nn_3)
                    v_ff = T.axis.spatial(64, ff_0 * 64 + ff_1 * 16 + ff_2 * 8 + ff_3)
                    v_yy = T.axis.spatial(224, yy_0 * 56 + yy_1 * 56 + yy_2 * 2 + yy_3)
                    v_xx = T.axis.spatial(224, xx_0 * 112 + xx_1 * 16 + xx_2 * 2 + xx_3)
                    v_rc = T.axis.reduce(3, rc_0 + rc_1)
                    v_ry = T.axis.reduce(3, ry_0 + ry_1)
                    v_rx = T.axis.reduce(3, rx_0 * 3 + rx_1)
                    T.reads(A[v_nn, v_rc, v_yy + v_ry - 1, v_xx + v_rx - 1], W[v_ff, v_rc, v_ry, v_rx])
                    T.writes(conv2d_nchw[v_nn, v_ff, v_yy, v_xx])
                    T.block_attr({"meta_schedule.tiling_structure": "SSRSRS"})
                    with T.init():
                        conv2d_nchw[v_nn, v_ff, v_yy, v_xx] = T.float32(0)
                    conv2d_nchw[v_nn, v_ff, v_yy, v_xx] = conv2d_nchw[v_nn, v_ff, v_yy, v_xx] + T.if_then_else(1 <= v_yy + v_ry and v_yy + v_ry < 225 and 1 <= v_xx + v_rx and v_xx + v_rx < 225, A[v_nn, v_rc, v_yy + v_ry - 1, v_xx + v_rx - 1], T.float32(0)) * W[v_ff, v_rc, v_ry, v_rx]
b0 = sch.get_block(name="pad_temp", func_name="main")
b1 = sch.get_block(name="conv2d_nchw", func_name="main")
b2 = sch.get_block(name="root", func_name="main")
sch.annotate(block_or_loop=b1, ann_key="meta_schedule.tiling_structure", ann_val="SSRSRS")
l3, l4, l5, l6, l7, l8, l9 = sch.get_loops(block=b1)
v10, v11, v12, v13 = sch.sample_perfect_tile(loop=l3, n=4, max_innermost_factor=64, decision=[1, 1, 1, 1])
l14, l15, l16, l17 = sch.split(loop=l3, factors=[v10, v11, v12, v13], preserve_unit_iters=True)
v18, v19, v20, v21 = sch.sample_perfect_tile(loop=l4, n=4, max_innermost_factor=64, decision=[1, 4, 2, 8])
l22, l23, l24, l25 = sch.split(loop=l4, factors=[v18, v19, v20, v21], preserve_unit_iters=True)
v26, v27, v28, v29 = sch.sample_perfect_tile(loop=l5, n=4, max_innermost_factor=64, decision=[4, 1, 28, 2])
l30, l31, l32, l33 = sch.split(loop=l5, factors=[v26, v27, v28, v29], preserve_unit_iters=True)
v34, v35, v36, v37 = sch.sample_perfect_tile(loop=l6, n=4, max_innermost_factor=64, decision=[2, 7, 8, 2])
l38, l39, l40, l41 = sch.split(loop=l6, factors=[v34, v35, v36, v37], preserve_unit_iters=True)
v42, v43 = sch.sample_perfect_tile(loop=l7, n=2, max_innermost_factor=64, decision=[3, 1])
l44, l45 = sch.split(loop=l7, factors=[v42, v43], preserve_unit_iters=True)
v46, v47 = sch.sample_perfect_tile(loop=l8, n=2, max_innermost_factor=64, decision=[3, 1])
l48, l49 = sch.split(loop=l8, factors=[v46, v47], preserve_unit_iters=True)
v50, v51 = sch.sample_perfect_tile(loop=l9, n=2, max_innermost_factor=64, decision=[1, 3])
l52, l53 = sch.split(loop=l9, factors=[v50, v51], preserve_unit_iters=True)
sch.reorder(l14, l22, l30, l38, l15, l23, l31, l39, l44, l48, l52, l16, l24, l32, l40, l45, l49, l53, l17, l25, l33, l41)
sch.annotate(block_or_loop=b2, ann_key="meta_schedule.parallel", ann_val=128)
sch.annotate(block_or_loop=b2, ann_key="meta_schedule.vectorize", ann_val=64)
v54 = sch.sample_categorical(candidates=[0, 16, 64, 512], probs=[0.25, 0.25, 0.25, 0.25], decision=3)
sch.annotate(block_or_loop=b2, ann_key="meta_schedule.unroll_explicit", ann_val=v54)
l55 = sch.sample_compute_location(block=b0, decision=-2)
sch.compute_at(block=b0, loop=l55, preserve_unit_loops=True, index=-1)
2024-09-14 11:33:38 [INFO] [evolutionary_search.cc:713] Generating candidates......
2024-09-14 11:33:38 [INFO] [evolutionary_search.cc:715] Picked top 0 candidate(s) from database
2024-09-14 11:33:39 [INFO] [evolutionary_search.cc:533] Sample-Init-Population summary:
Postproc #0 [meta_schedule.DisallowDynamicLoop(0x645da189c338)]: 0 failure(s)
Postproc #1 [meta_schedule.RewriteParallelVectorizeUnroll(0x645da1869cc8)]: 0 failure(s)
Postproc #2 [meta_schedule.RewriteReductionBlock(0x645da19854a8)]: 0 failure(s)
Postproc #3 [meta_schedule.RewriteLayout(0x645da194e618)]: 0 failure(s)
2024-09-14 11:33:39 [INFO] [evolutionary_search.cc:723] Sampled 512 candidate(s)
2024-09-14 11:33:40 [INFO] [evolutionary_search.cc:621] Evolve iter #0 done. Summary:
Postproc #0 [meta_schedule.DisallowDynamicLoop(0x645da189c338)]: 0 failure(s)
Postproc #1 [meta_schedule.RewriteParallelVectorizeUnroll(0x645da1869cc8)]: 0 failure(s)
Postproc #2 [meta_schedule.RewriteReductionBlock(0x645da19854a8)]: 0 failure(s)
Postproc #3 [meta_schedule.RewriteLayout(0x645da194e618)]: 0 failure(s)
2024-09-14 11:33:41 [INFO] [evolutionary_search.cc:621] Evolve iter #1 done. Summary:
Postproc #0 [meta_schedule.DisallowDynamicLoop(0x645da189c338)]: 0 failure(s)
Postproc #1 [meta_schedule.RewriteParallelVectorizeUnroll(0x645da1869cc8)]: 0 failure(s)
Postproc #2 [meta_schedule.RewriteReductionBlock(0x645da19854a8)]: 0 failure(s)
Postproc #3 [meta_schedule.RewriteLayout(0x645da194e618)]: 0 failure(s)
2024-09-14 11:33:42 [INFO] [evolutionary_search.cc:621] Evolve iter #2 done. Summary:
Postproc #0 [meta_schedule.DisallowDynamicLoop(0x645da189c338)]: 0 failure(s)
Postproc #1 [meta_schedule.RewriteParallelVectorizeUnroll(0x645da1869cc8)]: 0 failure(s)
Postproc #2 [meta_schedule.RewriteReductionBlock(0x645da19854a8)]: 0 failure(s)
Postproc #3 [meta_schedule.RewriteLayout(0x645da194e618)]: 0 failure(s)
2024-09-14 11:33:44 [INFO] [evolutionary_search.cc:621] Evolve iter #3 done. Summary:
Postproc #0 [meta_schedule.DisallowDynamicLoop(0x645da189c338)]: 0 failure(s)
Postproc #1 [meta_schedule.RewriteParallelVectorizeUnroll(0x645da1869cc8)]: 0 failure(s)
Postproc #2 [meta_schedule.RewriteReductionBlock(0x645da19854a8)]: 0 failure(s)
Postproc #3 [meta_schedule.RewriteLayout(0x645da194e618)]: 0 failure(s)
2024-09-14 11:33:44 [INFO] [evolutionary_search.cc:649] Scores of the best 10 candidates:
[1 : 10]:	0.9999  0.9996  0.9990  0.9989  0.9987  0.9983  0.9981  0.9980  0.9970  0.9956
2024-09-14 11:33:44 [INFO] [evolutionary_search.cc:727] Got 10 candidate(s) with evolutionary search
2024-09-14 11:33:44 [INFO] [evolutionary_search.cc:730] Sending 10 candidates(s) for measurement
2024-09-14 11:33:51 [INFO] [task_scheduler.cc:131] [Task #0: main] Trial #1: GFLOPs: 53.8440. Time: 3220.5682 us. Best GFLOPs: 53.8440
2024-09-14 11:33:51 [INFO] [task_scheduler.cc:131] [Task #0: main] Trial #2: GFLOPs: 55.1051. Time: 3146.8612 us. Best GFLOPs: 55.1051
2024-09-14 11:33:51 [INFO] [task_scheduler.cc:131] [Task #0: main] Trial #3: GFLOPs: 45.3495. Time: 3823.8174 us. Best GFLOPs: 55.1051
2024-09-14 11:33:51 [INFO] [task_scheduler.cc:131] [Task #0: main] Trial #4: GFLOPs: 45.9514. Time: 3773.7301 us. Best GFLOPs: 55.1051
2024-09-14 11:33:51 [INFO] [task_scheduler.cc:131] [Task #0: main] Trial #5: GFLOPs: 129.6072. Time: 1337.9524 us. Best GFLOPs: 129.6072
2024-09-14 11:33:51 [INFO] [task_scheduler.cc:131] [Task #0: main] Trial #6: GFLOPs: 49.5239. Time: 3501.5081 us. Best GFLOPs: 129.6072
2024-09-14 11:33:51 [INFO] [task_scheduler.cc:131] [Task #0: main] Trial #7: GFLOPs: 40.3069. Time: 4302.2024 us. Best GFLOPs: 129.6072
2024-09-14 11:33:51 [INFO] [task_scheduler.cc:131] [Task #0: main] Trial #8: GFLOPs: 23.2669. Time: 7453.0127 us. Best GFLOPs: 129.6072
2024-09-14 11:33:51 [INFO] [task_scheduler.cc:131] [Task #0: main] Trial #9: GFLOPs: 103.9785. Time: 1667.7312 us. Best GFLOPs: 129.6072
2024-09-14 11:33:51 [INFO] [task_scheduler.cc:131] [Task #0: main] Trial #10: GFLOPs: 158.6225. Time: 1093.2136 us. Best GFLOPs: 158.6225
2024-09-15 10:36:58 [INFO] [task_scheduler.cc:160] Initializing Task #0: "main"
2024-09-15 10:36:58 [INFO] [task_scheduler.cc:35] 
# from tvm.script import ir as I
# from tvm.script import tir as T

@I.ir_module
class Module:
    @T.prim_func
    def main(A: T.Buffer((1, 3, 224, 224), "float32"), W: T.Buffer((64, 3, 3, 3), "float32"), conv2d_nchw: T.Buffer((1, 64, 224, 224), "float32")):
        T.func_attr({"tir.noalias": T.bool(True)})
        # with T.block("root"):
        pad_temp = T.alloc_buffer((1, 3, 226, 226))
        for i0, i1, i2, i3 in T.grid(1, 3, 226, 226):
            with T.block("pad_temp"):
                v_i0, v_i1, v_i2, v_i3 = T.axis.remap("SSSS", [i0, i1, i2, i3])
                T.reads(A[v_i0, v_i1, v_i2 - 1, v_i3 - 1])
                T.writes(pad_temp[v_i0, v_i1, v_i2, v_i3])
                pad_temp[v_i0, v_i1, v_i2, v_i3] = T.if_then_else(1 <= v_i2 and v_i2 < 225 and 1 <= v_i3 and v_i3 < 225, A[v_i0, v_i1, v_i2 - 1, v_i3 - 1], T.float32(0))
        for nn, ff, yy, xx, rc, ry, rx in T.grid(1, 64, 224, 224, 3, 3, 3):
            with T.block("conv2d_nchw"):
                v_nn, v_ff, v_yy, v_xx, v_rc, v_ry, v_rx = T.axis.remap("SSSSRRR", [nn, ff, yy, xx, rc, ry, rx])
                T.reads(pad_temp[v_nn, v_rc, v_yy + v_ry, v_xx + v_rx], W[v_ff, v_rc, v_ry, v_rx])
                T.writes(conv2d_nchw[v_nn, v_ff, v_yy, v_xx])
                with T.init():
                    conv2d_nchw[v_nn, v_ff, v_yy, v_xx] = T.float32(0)
                conv2d_nchw[v_nn, v_ff, v_yy, v_xx] = conv2d_nchw[v_nn, v_ff, v_yy, v_xx] + pad_temp[v_nn, v_rc, v_yy + v_ry, v_xx + v_rx] * W[v_ff, v_rc, v_ry, v_rx]
2024-09-15 10:36:58 [INFO] [task_scheduler.cc:164] Total 3 design space(s) generated
2024-09-15 10:36:58 [INFO] [task_scheduler.cc:170] Design space #0:
# from tvm.script import ir as I
# from tvm.script import tir as T

@I.ir_module
class Module:
    @T.prim_func
    def main(A: T.Buffer((1, 3, 224, 224), "float32"), W: T.Buffer((64, 3, 3, 3), "float32"), conv2d_nchw: T.Buffer((1, 64, 224, 224), "float32")):
        T.func_attr({"tir.noalias": T.bool(True)})
        with T.block("root"):
            T.reads()
            T.writes()
            T.block_attr({"meta_schedule.parallel": 128, "meta_schedule.unroll_explicit": 0, "meta_schedule.vectorize": 64})
            conv2d_nchw_global = T.alloc_buffer((1, 64, 224, 224))
            for nn_0, ff_0, yy_0, xx_0, nn_1, ff_1, yy_1, xx_1 in T.grid(1, 2, 4, 1, 1, 4, 2, 4):
                for rc_0, ry_0, rx_0, nn_2, ff_2, yy_2, xx_2, rc_1, ry_1, rx_1, nn_3, ff_3, yy_3, xx_3 in T.grid(1, 3, 3, 1, 1, 1, 7, 3, 1, 1, 1, 8, 28, 8):
                    with T.block("conv2d_nchw"):
                        v_nn = T.axis.spatial(1, nn_0 + nn_1 + nn_2 + nn_3)
                        v_ff = T.axis.spatial(64, ff_0 * 32 + ff_1 * 8 + ff_2 * 8 + ff_3)
                        v_yy = T.axis.spatial(224, yy_0 * 56 + yy_1 * 28 + yy_2 * 28 + yy_3)
                        v_xx = T.axis.spatial(224, xx_0 * 224 + xx_1 * 56 + xx_2 * 8 + xx_3)
                        v_rc = T.axis.reduce(3, rc_0 * 3 + rc_1)
                        v_ry = T.axis.reduce(3, ry_0 + ry_1)
                        v_rx = T.axis.reduce(3, rx_0 + rx_1)
                        T.reads(A[v_nn, v_rc, v_yy + v_ry - 1, v_xx + v_rx - 1], W[v_ff, v_rc, v_ry, v_rx])
                        T.writes(conv2d_nchw_global[v_nn, v_ff, v_yy, v_xx])
                        T.block_attr({"meta_schedule.tiling_structure": "SSRSRS"})
                        with T.init():
                            conv2d_nchw_global[v_nn, v_ff, v_yy, v_xx] = T.float32(0)
                        conv2d_nchw_global[v_nn, v_ff, v_yy, v_xx] = conv2d_nchw_global[v_nn, v_ff, v_yy, v_xx] + T.if_then_else(1 <= v_yy + v_ry and v_yy + v_ry < 225 and 1 <= v_xx + v_rx and v_xx + v_rx < 225, A[v_nn, v_rc, v_yy + v_ry - 1, v_xx + v_rx - 1], T.float32(0)) * W[v_ff, v_rc, v_ry, v_rx]
                for ax0, ax1, ax2, ax3 in T.grid(1, 8, 28, 56):
                    with T.block("conv2d_nchw_global"):
                        v0 = T.axis.spatial(1, ax0)
                        v1 = T.axis.spatial(64, ff_0 * 32 + ff_1 * 8 + ax1)
                        v2 = T.axis.spatial(224, yy_0 * 56 + yy_1 * 28 + ax2)
                        v3 = T.axis.spatial(224, xx_1 * 56 + ax3)
                        T.reads(conv2d_nchw_global[v0, v1, v2, v3])
                        T.writes(conv2d_nchw[v0, v1, v2, v3])
                        conv2d_nchw[v0, v1, v2, v3] = conv2d_nchw_global[v0, v1, v2, v3]
b0 = sch.get_block(name="pad_temp", func_name="main")
b1 = sch.get_block(name="conv2d_nchw", func_name="main")
b2 = sch.get_block(name="root", func_name="main")
sch.annotate(block_or_loop=b1, ann_key="meta_schedule.tiling_structure", ann_val="SSRSRS")
l3, l4, l5, l6, l7, l8, l9 = sch.get_loops(block=b1)
v10, v11, v12, v13 = sch.sample_perfect_tile(loop=l3, n=4, max_innermost_factor=64, decision=[1, 1, 1, 1])
l14, l15, l16, l17 = sch.split(loop=l3, factors=[v10, v11, v12, v13], preserve_unit_iters=True)
v18, v19, v20, v21 = sch.sample_perfect_tile(loop=l4, n=4, max_innermost_factor=64, decision=[2, 4, 1, 8])
l22, l23, l24, l25 = sch.split(loop=l4, factors=[v18, v19, v20, v21], preserve_unit_iters=True)
v26, v27, v28, v29 = sch.sample_perfect_tile(loop=l5, n=4, max_innermost_factor=64, decision=[4, 2, 1, 28])
l30, l31, l32, l33 = sch.split(loop=l5, factors=[v26, v27, v28, v29], preserve_unit_iters=True)
v34, v35, v36, v37 = sch.sample_perfect_tile(loop=l6, n=4, max_innermost_factor=64, decision=[1, 4, 7, 8])
l38, l39, l40, l41 = sch.split(loop=l6, factors=[v34, v35, v36, v37], preserve_unit_iters=True)
v42, v43 = sch.sample_perfect_tile(loop=l7, n=2, max_innermost_factor=64, decision=[1, 3])
l44, l45 = sch.split(loop=l7, factors=[v42, v43], preserve_unit_iters=True)
v46, v47 = sch.sample_perfect_tile(loop=l8, n=2, max_innermost_factor=64, decision=[3, 1])
l48, l49 = sch.split(loop=l8, factors=[v46, v47], preserve_unit_iters=True)
v50, v51 = sch.sample_perfect_tile(loop=l9, n=2, max_innermost_factor=64, decision=[3, 1])
l52, l53 = sch.split(loop=l9, factors=[v50, v51], preserve_unit_iters=True)
sch.reorder(l14, l22, l30, l38, l15, l23, l31, l39, l44, l48, l52, l16, l24, l32, l40, l45, l49, l53, l17, l25, l33, l41)
b54 = sch.cache_write(block=b1, write_buffer_index=0, storage_scope="global")
sch.reverse_compute_at(block=b54, loop=l39, preserve_unit_loops=True, index=-1)
sch.annotate(block_or_loop=b2, ann_key="meta_schedule.parallel", ann_val=128)
sch.annotate(block_or_loop=b2, ann_key="meta_schedule.vectorize", ann_val=64)
v55 = sch.sample_categorical(candidates=[0, 16, 64, 512], probs=[0.25, 0.25, 0.25, 0.25], decision=0)
sch.annotate(block_or_loop=b2, ann_key="meta_schedule.unroll_explicit", ann_val=v55)
l56 = sch.sample_compute_location(block=b0, decision=-2)
sch.compute_at(block=b0, loop=l56, preserve_unit_loops=True, index=-1)
2024-09-15 10:36:58 [INFO] [task_scheduler.cc:170] Design space #1:
# from tvm.script import ir as I
# from tvm.script import tir as T

@I.ir_module
class Module:
    @T.prim_func
    def main(A: T.Buffer((1, 3, 224, 224), "float32"), W: T.Buffer((64, 3, 3, 3), "float32"), conv2d_nchw: T.Buffer((1, 64, 224, 224), "float32")):
        T.func_attr({"tir.noalias": T.bool(True)})
        with T.block("root"):
            T.reads()
            T.writes()
            T.block_attr({"meta_schedule.parallel": 128, "meta_schedule.unroll_explicit": 64, "meta_schedule.vectorize": 64})
            pad_temp = T.alloc_buffer((1, 3, 226, 226))
            conv2d_nchw_global = T.alloc_buffer((1, 64, 224, 224))
            for nn_0, ff_0, yy_0 in T.grid(1, 2, 4):
                for ax0, ax1, ax2, ax3 in T.grid(1, 3, 58, 226):
                    with T.block("pad_temp"):
                        v_i0, v_i1 = T.axis.remap("SS", [ax0, ax1])
                        v_i2 = T.axis.spatial(226, yy_0 * 56 + ax2)
                        v_i3 = T.axis.spatial(226, ax3)
                        T.reads(A[v_i0, v_i1, v_i2 - 1, v_i3 - 1])
                        T.writes(pad_temp[v_i0, v_i1, v_i2, v_i3])
                        pad_temp[v_i0, v_i1, v_i2, v_i3] = T.if_then_else(1 <= v_i2 and v_i2 < 225 and 1 <= v_i3 and v_i3 < 225, A[v_i0, v_i1, v_i2 - 1, v_i3 - 1], T.float32(0))
                for xx_0 in range(1):
                    for nn_1, ff_1, yy_1, xx_1, rc_0, ry_0, rx_0, nn_2, ff_2, yy_2, xx_2, rc_1, ry_1, rx_1, nn_3, ff_3, yy_3, xx_3 in T.grid(1, 4, 2, 4, 1, 3, 3, 1, 1, 1, 7, 3, 1, 1, 1, 8, 28, 8):
                        with T.block("conv2d_nchw"):
                            v_nn = T.axis.spatial(1, nn_0 + nn_1 + nn_2 + nn_3)
                            v_ff = T.axis.spatial(64, ff_0 * 32 + ff_1 * 8 + ff_2 * 8 + ff_3)
                            v_yy = T.axis.spatial(224, yy_0 * 56 + yy_1 * 28 + yy_2 * 28 + yy_3)
                            v_xx = T.axis.spatial(224, xx_0 * 224 + xx_1 * 56 + xx_2 * 8 + xx_3)
                            v_rc = T.axis.reduce(3, rc_0 * 3 + rc_1)
                            v_ry = T.axis.reduce(3, ry_0 + ry_1)
                            v_rx = T.axis.reduce(3, rx_0 + rx_1)
                            T.reads(pad_temp[v_nn, v_rc, v_yy + v_ry, v_xx + v_rx], W[v_ff, v_rc, v_ry, v_rx])
                            T.writes(conv2d_nchw_global[v_nn, v_ff, v_yy, v_xx])
                            T.block_attr({"meta_schedule.tiling_structure": "SSRSRS"})
                            with T.init():
                                conv2d_nchw_global[v_nn, v_ff, v_yy, v_xx] = T.float32(0)
                            conv2d_nchw_global[v_nn, v_ff, v_yy, v_xx] = conv2d_nchw_global[v_nn, v_ff, v_yy, v_xx] + pad_temp[v_nn, v_rc, v_yy + v_ry, v_xx + v_rx] * W[v_ff, v_rc, v_ry, v_rx]
                    for ax0, ax1, ax2, ax3 in T.grid(1, 32, 56, 224):
                        with T.block("conv2d_nchw_global"):
                            v0 = T.axis.spatial(1, ax0)
                            v1 = T.axis.spatial(64, ff_0 * 32 + ax1)
                            v2 = T.axis.spatial(224, yy_0 * 56 + ax2)
                            v3 = T.axis.spatial(224, ax3)
                            T.reads(conv2d_nchw_global[v0, v1, v2, v3])
                            T.writes(conv2d_nchw[v0, v1, v2, v3])
                            conv2d_nchw[v0, v1, v2, v3] = conv2d_nchw_global[v0, v1, v2, v3]
b0 = sch.get_block(name="pad_temp", func_name="main")
b1 = sch.get_block(name="conv2d_nchw", func_name="main")
b2 = sch.get_block(name="root", func_name="main")
sch.annotate(block_or_loop=b1, ann_key="meta_schedule.tiling_structure", ann_val="SSRSRS")
l3, l4, l5, l6, l7, l8, l9 = sch.get_loops(block=b1)
v10, v11, v12, v13 = sch.sample_perfect_tile(loop=l3, n=4, max_innermost_factor=64, decision=[1, 1, 1, 1])
l14, l15, l16, l17 = sch.split(loop=l3, factors=[v10, v11, v12, v13], preserve_unit_iters=True)
v18, v19, v20, v21 = sch.sample_perfect_tile(loop=l4, n=4, max_innermost_factor=64, decision=[2, 4, 1, 8])
l22, l23, l24, l25 = sch.split(loop=l4, factors=[v18, v19, v20, v21], preserve_unit_iters=True)
v26, v27, v28, v29 = sch.sample_perfect_tile(loop=l5, n=4, max_innermost_factor=64, decision=[4, 2, 1, 28])
l30, l31, l32, l33 = sch.split(loop=l5, factors=[v26, v27, v28, v29], preserve_unit_iters=True)
v34, v35, v36, v37 = sch.sample_perfect_tile(loop=l6, n=4, max_innermost_factor=64, decision=[1, 4, 7, 8])
l38, l39, l40, l41 = sch.split(loop=l6, factors=[v34, v35, v36, v37], preserve_unit_iters=True)
v42, v43 = sch.sample_perfect_tile(loop=l7, n=2, max_innermost_factor=64, decision=[1, 3])
l44, l45 = sch.split(loop=l7, factors=[v42, v43], preserve_unit_iters=True)
v46, v47 = sch.sample_perfect_tile(loop=l8, n=2, max_innermost_factor=64, decision=[3, 1])
l48, l49 = sch.split(loop=l8, factors=[v46, v47], preserve_unit_iters=True)
v50, v51 = sch.sample_perfect_tile(loop=l9, n=2, max_innermost_factor=64, decision=[3, 1])
l52, l53 = sch.split(loop=l9, factors=[v50, v51], preserve_unit_iters=True)
sch.reorder(l14, l22, l30, l38, l15, l23, l31, l39, l44, l48, l52, l16, l24, l32, l40, l45, l49, l53, l17, l25, l33, l41)
b54 = sch.cache_write(block=b1, write_buffer_index=0, storage_scope="global")
sch.reverse_compute_at(block=b54, loop=l38, preserve_unit_loops=True, index=-1)
sch.annotate(block_or_loop=b2, ann_key="meta_schedule.parallel", ann_val=128)
sch.annotate(block_or_loop=b2, ann_key="meta_schedule.vectorize", ann_val=64)
v55 = sch.sample_categorical(candidates=[0, 16, 64, 512], probs=[0.25, 0.25, 0.25, 0.25], decision=2)
sch.annotate(block_or_loop=b2, ann_key="meta_schedule.unroll_explicit", ann_val=v55)
l56 = sch.sample_compute_location(block=b0, decision=2)
sch.compute_at(block=b0, loop=l56, preserve_unit_loops=True, index=-1)
2024-09-15 10:36:58 [INFO] [task_scheduler.cc:170] Design space #2:
# from tvm.script import ir as I
# from tvm.script import tir as T

@I.ir_module
class Module:
    @T.prim_func
    def main(A: T.Buffer((1, 3, 224, 224), "float32"), W: T.Buffer((64, 3, 3, 3), "float32"), conv2d_nchw: T.Buffer((1, 64, 224, 224), "float32")):
        T.func_attr({"tir.noalias": T.bool(True)})
        with T.block("root"):
            T.reads()
            T.writes()
            T.block_attr({"meta_schedule.parallel": 128, "meta_schedule.unroll_explicit": 0, "meta_schedule.vectorize": 64})
            pad_temp = T.alloc_buffer((1, 3, 226, 226))
            for nn_0, ff_0, yy_0, xx_0, nn_1, ff_1, yy_1, xx_1, rc_0, ry_0 in T.grid(1, 2, 4, 1, 1, 4, 2, 4, 1, 3):
                for ax0, ax1, ax2, ax3 in T.grid(1, 3, 28, 58):
                    with T.block("pad_temp"):
                        v_i0, v_i1 = T.axis.remap("SS", [ax0, ax1])
                        v_i2 = T.axis.spatial(226, yy_0 * 56 + yy_1 * 28 + ry_0 + ax2)
                        v_i3 = T.axis.spatial(226, xx_1 * 56 + ax3)
                        T.reads(A[v_i0, v_i1, v_i2 - 1, v_i3 - 1])
                        T.writes(pad_temp[v_i0, v_i1, v_i2, v_i3])
                        pad_temp[v_i0, v_i1, v_i2, v_i3] = T.if_then_else(1 <= v_i2 and v_i2 < 225 and 1 <= v_i3 and v_i3 < 225, A[v_i0, v_i1, v_i2 - 1, v_i3 - 1], T.float32(0))
                for rx_0, nn_2, ff_2, yy_2, xx_2, rc_1, ry_1, rx_1, nn_3, ff_3, yy_3, xx_3 in T.grid(3, 1, 1, 1, 7, 3, 1, 1, 1, 8, 28, 8):
                    with T.block("conv2d_nchw"):
                        v_nn = T.axis.spatial(1, nn_0 + nn_1 + nn_2 + nn_3)
                        v_ff = T.axis.spatial(64, ff_0 * 32 + ff_1 * 8 + ff_2 * 8 + ff_3)
                        v_yy = T.axis.spatial(224, yy_0 * 56 + yy_1 * 28 + yy_2 * 28 + yy_3)
                        v_xx = T.axis.spatial(224, xx_0 * 224 + xx_1 * 56 + xx_2 * 8 + xx_3)
                        v_rc = T.axis.reduce(3, rc_0 * 3 + rc_1)
                        v_ry = T.axis.reduce(3, ry_0 + ry_1)
                        v_rx = T.axis.reduce(3, rx_0 + rx_1)
                        T.reads(pad_temp[v_nn, v_rc, v_yy + v_ry, v_xx + v_rx], W[v_ff, v_rc, v_ry, v_rx])
                        T.writes(conv2d_nchw[v_nn, v_ff, v_yy, v_xx])
                        T.block_attr({"meta_schedule.tiling_structure": "SSRSRS"})
                        with T.init():
                            conv2d_nchw[v_nn, v_ff, v_yy, v_xx] = T.float32(0)
                        conv2d_nchw[v_nn, v_ff, v_yy, v_xx] = conv2d_nchw[v_nn, v_ff, v_yy, v_xx] + pad_temp[v_nn, v_rc, v_yy + v_ry, v_xx + v_rx] * W[v_ff, v_rc, v_ry, v_rx]
b0 = sch.get_block(name="pad_temp", func_name="main")
b1 = sch.get_block(name="conv2d_nchw", func_name="main")
b2 = sch.get_block(name="root", func_name="main")
sch.annotate(block_or_loop=b1, ann_key="meta_schedule.tiling_structure", ann_val="SSRSRS")
l3, l4, l5, l6, l7, l8, l9 = sch.get_loops(block=b1)
v10, v11, v12, v13 = sch.sample_perfect_tile(loop=l3, n=4, max_innermost_factor=64, decision=[1, 1, 1, 1])
l14, l15, l16, l17 = sch.split(loop=l3, factors=[v10, v11, v12, v13], preserve_unit_iters=True)
v18, v19, v20, v21 = sch.sample_perfect_tile(loop=l4, n=4, max_innermost_factor=64, decision=[2, 4, 1, 8])
l22, l23, l24, l25 = sch.split(loop=l4, factors=[v18, v19, v20, v21], preserve_unit_iters=True)
v26, v27, v28, v29 = sch.sample_perfect_tile(loop=l5, n=4, max_innermost_factor=64, decision=[4, 2, 1, 28])
l30, l31, l32, l33 = sch.split(loop=l5, factors=[v26, v27, v28, v29], preserve_unit_iters=True)
v34, v35, v36, v37 = sch.sample_perfect_tile(loop=l6, n=4, max_innermost_factor=64, decision=[1, 4, 7, 8])
l38, l39, l40, l41 = sch.split(loop=l6, factors=[v34, v35, v36, v37], preserve_unit_iters=True)
v42, v43 = sch.sample_perfect_tile(loop=l7, n=2, max_innermost_factor=64, decision=[1, 3])
l44, l45 = sch.split(loop=l7, factors=[v42, v43], preserve_unit_iters=True)
v46, v47 = sch.sample_perfect_tile(loop=l8, n=2, max_innermost_factor=64, decision=[3, 1])
l48, l49 = sch.split(loop=l8, factors=[v46, v47], preserve_unit_iters=True)
v50, v51 = sch.sample_perfect_tile(loop=l9, n=2, max_innermost_factor=64, decision=[3, 1])
l52, l53 = sch.split(loop=l9, factors=[v50, v51], preserve_unit_iters=True)
sch.reorder(l14, l22, l30, l38, l15, l23, l31, l39, l44, l48, l52, l16, l24, l32, l40, l45, l49, l53, l17, l25, l33, l41)
sch.annotate(block_or_loop=b2, ann_key="meta_schedule.parallel", ann_val=128)
sch.annotate(block_or_loop=b2, ann_key="meta_schedule.vectorize", ann_val=64)
v54 = sch.sample_categorical(candidates=[0, 16, 64, 512], probs=[0.25, 0.25, 0.25, 0.25], decision=0)
sch.annotate(block_or_loop=b2, ann_key="meta_schedule.unroll_explicit", ann_val=v54)
l55 = sch.sample_compute_location(block=b0, decision=9)
sch.compute_at(block=b0, loop=l55, preserve_unit_loops=True, index=-1)
2024-09-15 10:36:58 [INFO] [evolutionary_search.cc:713] Generating candidates......
2024-09-15 10:36:58 [INFO] [evolutionary_search.cc:715] Picked top 10 candidate(s) from database
2024-09-15 10:36:59 [INFO] [evolutionary_search.cc:533] Sample-Init-Population summary:
Postproc #0 [meta_schedule.DisallowDynamicLoop(0x58a6b08bc5d8)]: 0 failure(s)
Postproc #1 [meta_schedule.RewriteParallelVectorizeUnroll(0x58a6b07e6b48)]: 0 failure(s)
Postproc #2 [meta_schedule.RewriteReductionBlock(0x58a6b084f1c8)]: 0 failure(s)
Postproc #3 [meta_schedule.RewriteLayout(0x58a6b06c6e48)]: 0 failure(s)
2024-09-15 10:36:59 [INFO] [evolutionary_search.cc:723] Sampled 502 candidate(s)
2024-09-15 10:37:01 [INFO] [evolutionary_search.cc:621] Evolve iter #0 done. Summary:
Postproc #0 [meta_schedule.DisallowDynamicLoop(0x58a6b08bc5d8)]: 0 failure(s)
Postproc #1 [meta_schedule.RewriteParallelVectorizeUnroll(0x58a6b07e6b48)]: 0 failure(s)
Postproc #2 [meta_schedule.RewriteReductionBlock(0x58a6b084f1c8)]: 0 failure(s)
Postproc #3 [meta_schedule.RewriteLayout(0x58a6b06c6e48)]: 0 failure(s)
2024-09-15 10:37:02 [INFO] [evolutionary_search.cc:621] Evolve iter #1 done. Summary:
Postproc #0 [meta_schedule.DisallowDynamicLoop(0x58a6b08bc5d8)]: 0 failure(s)
Postproc #1 [meta_schedule.RewriteParallelVectorizeUnroll(0x58a6b07e6b48)]: 0 failure(s)
Postproc #2 [meta_schedule.RewriteReductionBlock(0x58a6b084f1c8)]: 0 failure(s)
Postproc #3 [meta_schedule.RewriteLayout(0x58a6b06c6e48)]: 0 failure(s)
2024-09-15 10:37:03 [INFO] [evolutionary_search.cc:621] Evolve iter #2 done. Summary:
Postproc #0 [meta_schedule.DisallowDynamicLoop(0x58a6b08bc5d8)]: 0 failure(s)
Postproc #1 [meta_schedule.RewriteParallelVectorizeUnroll(0x58a6b07e6b48)]: 0 failure(s)
Postproc #2 [meta_schedule.RewriteReductionBlock(0x58a6b084f1c8)]: 0 failure(s)
Postproc #3 [meta_schedule.RewriteLayout(0x58a6b06c6e48)]: 0 failure(s)
2024-09-15 10:37:04 [INFO] [evolutionary_search.cc:621] Evolve iter #3 done. Summary:
Postproc #0 [meta_schedule.DisallowDynamicLoop(0x58a6b08bc5d8)]: 0 failure(s)
Postproc #1 [meta_schedule.RewriteParallelVectorizeUnroll(0x58a6b07e6b48)]: 0 failure(s)
Postproc #2 [meta_schedule.RewriteReductionBlock(0x58a6b084f1c8)]: 0 failure(s)
Postproc #3 [meta_schedule.RewriteLayout(0x58a6b06c6e48)]: 0 failure(s)
2024-09-15 10:37:04 [INFO] [evolutionary_search.cc:649] Scores of the best 10 candidates:
[1 : 10]:	0.9994  0.9993  0.9993  0.9985  0.9983  0.9977  0.9972  0.9972  0.9971  0.9968
2024-09-15 10:37:04 [INFO] [evolutionary_search.cc:727] Got 10 candidate(s) with evolutionary search
2024-09-15 10:37:05 [INFO] [evolutionary_search.cc:730] Sending 10 candidates(s) for measurement
2024-09-15 10:37:14 [INFO] [task_scheduler.cc:131] [Task #0: main] Trial #1: GFLOPs: 18.5428. Time: 9351.7714 us. Best GFLOPs: 18.5428
2024-09-15 10:37:14 [INFO] [task_scheduler.cc:131] [Task #0: main] Trial #2: GFLOPs: 21.2847. Time: 8147.0807 us. Best GFLOPs: 21.2847
2024-09-15 10:37:14 [INFO] [task_scheduler.cc:131] [Task #0: main] Trial #3: GFLOPs: 15.1719. Time: 11429.5975 us. Best GFLOPs: 21.2847
2024-09-15 10:37:14 [INFO] [task_scheduler.cc:131] [Task #0: main] Trial #4: GFLOPs: 12.2892. Time: 14110.6680 us. Best GFLOPs: 21.2847
2024-09-15 10:37:14 [INFO] [task_scheduler.cc:131] [Task #0: main] Trial #5: GFLOPs: 15.6385. Time: 11088.5693 us. Best GFLOPs: 21.2847
2024-09-15 10:37:14 [INFO] [task_scheduler.cc:131] [Task #0: main] Trial #6: GFLOPs: 20.7901. Time: 8340.9236 us. Best GFLOPs: 21.2847
2024-09-15 10:37:14 [INFO] [task_scheduler.cc:131] [Task #0: main] Trial #7: GFLOPs: 19.5425. Time: 8873.3961 us. Best GFLOPs: 21.2847
2024-09-15 10:37:14 [INFO] [task_scheduler.cc:131] [Task #0: main] Trial #8: GFLOPs: 11.6051. Time: 14942.3635 us. Best GFLOPs: 21.2847
2024-09-15 10:37:14 [INFO] [task_scheduler.cc:131] [Task #0: main] Trial #9: GFLOPs: 10.9749. Time: 15800.3880 us. Best GFLOPs: 21.2847
2024-09-15 10:37:14 [INFO] [task_scheduler.cc:131] [Task #0: main] Trial #10: GFLOPs: 11.0480. Time: 15695.9317 us. Best GFLOPs: 21.2847
