
Coordinate Descent:
Starting position: (1, 1, 1, 1) with performance: 3666 ms
Neighbor size: 8
Neighbor size: 10
tile size (t1, t2, t3, t4): (1, 1, 1, 16) with performance: 3351 ms
Neighbor size: 10
tile size (t1, t2, t3, t4): (1, 1, 1, 64) with performance: 3335 ms
Neighbor size: 10
tile size (t1, t2, t3, t4): (1, 1, 1, 256) with performance: 3326 ms
Neighbor size: 9
coordinate search took 180429 milliseconds to converge.
Converged to: (1, 1, 1, 256) with performance: 3326 milliseconds

Exhaustive search:
1 1 1 1 3669
1 1 1 2 3511
1 1 1 4 3421
1 1 1 8 3374
1 1 1 16 3351
1 1 1 32 3337
1 1 1 64 3335
1 1 1 128 3327
1 1 1 256 3327
1 1 1 512 3327
1 1 2 1 3580
1 1 2 2 3460
1 1 2 4 3394
1 1 2 8 3359
1 1 2 16 3342
1 1 2 32 3332
1 1 2 64 3334
1 1 2 128 3330
1 1 2 256 3330
1 1 2 512 3330
1 1 4 1 3537
1 1 4 2 3432
1 1 4 4 3379
1 1 4 8 3353
1 1 4 16 3346
1 1 4 32 3337
1 1 4 64 3337
1 1 4 128 3331
1 1 4 256 3331
1 1 4 512 3331
1 1 8 1 3542
1 1 8 2 3430
1 1 8 4 3375
1 1 8 8 3355
1 1 8 16 3341
1 1 8 32 3334
1 1 8 64 3335
1 1 8 128 3331
1 1 8 256 3330
1 1 8 512 3330
1 1 16 1 3541
1 1 16 2 3438
1 1 16 4 3380
1 1 16 8 3352
1 1 16 16 3340
1 1 16 32 3333
1 1 16 64 3334
1 1 16 128 3329
1 1 16 256 3329
1 1 16 512 3329
1 1 32 1 3530
1 1 32 2 3429
1 1 32 4 3377
1 1 32 8 3349
1 1 32 16 3339
1 1 32 32 3332
1 1 32 64 3333
1 1 32 128 3329
1 1 32 256 3329
1 1 32 512 3329
1 1 64 1 3530
1 1 64 2 3425
1 1 64 4 3375
1 1 64 8 3347
1 1 64 16 3337
1 1 64 32 3331
1 1 64 64 3333
1 1 64 128 3329
1 1 64 256 3329
1 1 64 512 3329
1 1 128 1 3531
1 1 128 2 3427
1 1 128 4 3376
1 1 128 8 3348
1 1 128 16 3339
1 1 128 32 3332
1 1 128 64 3334
1 1 128 128 3329
1 1 128 256 3329
1 1 128 512 3329
1 1 256 1 3531
1 1 256 2 3427
1 1 256 4 3376
1 1 256 8 3347
1 1 256 16 3338
1 1 256 32 3331
1 1 256 64 3333
1 1 256 128 3329
1 1 256 256 3329
1 1 256 512 3329
1 1 512 1 3533
1 1 512 2 3427
1 1 512 4 3375
1 1 512 8 3347
1 1 512 16 3338
1 1 512 32 3331
1 1 512 64 3334
1 1 512 128 3329
1 1 512 256 3329
1 1 512 512 3328
1 2 1 1 3593
1 2 1 2 3473
1 2 1 4 3400
1 2 1 8 3369
1 2 1 16 3352
1 2 1 32 3340
1 2 1 64 3342
1 2 1 128 3338
1 2 1 256 3339
1 2 1 512 3339
1 2 2 1 3536
1 2 2 2 3441
1 2 2 4 3385
1 2 2 8 3360
1 2 2 16 3346
1 2 2 32 3341
1 2 2 64 3343
1 2 2 128 3338
1 2 2 256 3337
1 2 2 512 3337
1 2 4 1 3509
1 2 4 2 3419
1 2 4 4 3370
1 2 4 8 3350
1 2 4 16 3346
1 2 4 32 3337
1 2 4 64 3337
1 2 4 128 3330
1 2 4 256 3330
1 2 4 512 3330
1 2 8 1 3532
1 2 8 2 3423
1 2 8 4 3370
1 2 8 8 3357
1 2 8 16 3343
1 2 8 32 3334
1 2 8 64 3333
1 2 8 128 3329
1 2 8 256 3329
1 2 8 512 3329
1 2 16 1 3535
1 2 16 2 3433
1 2 16 4 3380
1 2 16 8 3353
1 2 16 16 3342
1 2 16 32 3333
1 2 16 64 3334
1 2 16 128 3329
1 2 16 256 3328
1 2 16 512 3328
1 2 32 1 3532
1 2 32 2 3435
1 2 32 4 3381
1 2 32 8 3352
1 2 32 16 3341
1 2 32 32 3333
1 2 32 64 3334
1 2 32 128 3329
1 2 32 256 3329
1 2 32 512 3329
1 2 64 1 3540
1 2 64 2 3437
1 2 64 4 3381
1 2 64 8 3350
1 2 64 16 3340
1 2 64 32 3332
1 2 64 64 3334
1 2 64 128 3328
1 2 64 256 3327
1 2 64 512 3328
1 2 128 1 3550
1 2 128 2 3439
1 2 128 4 3385
1 2 128 8 3352
1 2 128 16 3341
1 2 128 32 3333
1 2 128 64 3334
1 2 128 128 3329
1 2 128 256 3329
1 2 128 512 3330
1 2 256 1 3551
1 2 256 2 3440
1 2 256 4 3385
1 2 256 8 3353
1 2 256 16 3341
1 2 256 32 3333
1 2 256 64 3335
1 2 256 128 3329
1 2 256 256 3330
1 2 256 512 3328
1 2 512 1 3550
1 2 512 2 3438
1 2 512 4 3385
1 2 512 8 3352
1 2 512 16 3341
1 2 512 32 3333
1 2 512 64 3334
1 2 512 128 3329
1 2 512 256 3329
1 2 512 512 3329
1 4 1 1 3550
1 4 1 2 3452
1 4 1 4 3388
1 4 1 8 3360
1 4 1 16 3353
1 4 1 32 3340
1 4 1 64 3340
1 4 1 128 3334
1 4 1 256 3334
1 4 1 512 3334
1 4 2 1 3516
1 4 2 2 3430
1 4 2 4 3380
1 4 2 8 3361
1 4 2 16 3345
1 4 2 32 3337
1 4 2 64 3340
1 4 2 128 3337
1 4 2 256 3337
1 4 2 512 3337
1 4 4 1 3500
1 4 4 2 3418
1 4 4 4 3375
1 4 4 8 3350
1 4 4 16 3344
1 4 4 32 3335
1 4 4 64 3333
1 4 4 128 3328
1 4 4 256 3328
1 4 4 512 3328
1 4 8 1 3531
1 4 8 2 3433
1 4 8 4 3373
1 4 8 8 3354
1 4 8 16 3341
1 4 8 32 3333
1 4 8 64 3332
1 4 8 128 3327
1 4 8 256 3327
1 4 8 512 3327
1 4 16 1 3538
1 4 16 2 3438
1 4 16 4 3380
1 4 16 8 3353
1 4 16 16 3343
1 4 16 32 3333
1 4 16 64 3333
1 4 16 128 3327
1 4 16 256 3327
1 4 16 512 3327
1 4 32 1 3546
1 4 32 2 3441
1 4 32 4 3381
1 4 32 8 3349
1 4 32 16 3338
1 4 32 32 3328
1 4 32 64 3328
1 4 32 128 3323
1 4 32 256 3323
1 4 32 512 3323
1 4 64 1 3549
1 4 64 2 3442
1 4 64 4 3378
1 4 64 8 3346
1 4 64 16 3334
1 4 64 32 3326
1 4 64 64 3328
1 4 64 128 3323
1 4 64 256 3323
1 4 64 512 3323
1 4 128 1 3555
1 4 128 2 3445
1 4 128 4 3383
1 4 128 8 3349
1 4 128 16 3336
1 4 128 32 3328
1 4 128 64 3329
1 4 128 128 3325
1 4 128 256 3324
1 4 128 512 3324
1 4 256 1 3556
1 4 256 2 3445
1 4 256 4 3383
1 4 256 8 3348
1 4 256 16 3336
1 4 256 32 3328
1 4 256 64 3331
1 4 256 128 3324
1 4 256 256 3325
1 4 256 512 3325
1 4 512 1 3556
1 4 512 2 3445
1 4 512 4 3383
1 4 512 8 3348
1 4 512 16 3336
1 4 512 32 3328
1 4 512 64 3330
1 4 512 128 3324
1 4 512 256 3325
1 4 512 512 3325
1 8 1 1 3539
1 8 1 2 3448
1 8 1 4 3384
1 8 1 8 3360
1 8 1 16 3345
1 8 1 32 3334
1 8 1 64 3334
1 8 1 128 3329
1 8 1 256 3329
1 8 1 512 3329
1 8 2 1 3514
1 8 2 2 3431
1 8 2 4 3384
1 8 2 8 3353
1 8 2 16 3341
1 8 2 32 3331
1 8 2 64 3335
1 8 2 128 3331
1 8 2 256 3331
1 8 2 512 3331
1 8 4 1 3507
1 8 4 2 3426
1 8 4 4 3372
1 8 4 8 3343
1 8 4 16 3338
1 8 4 32 3329
1 8 4 64 3329
1 8 4 128 3323
1 8 4 256 3322
1 8 4 512 3322
1 8 8 1 3537
1 8 8 2 3432
1 8 8 4 3372
1 8 8 8 3351
1 8 8 16 3339
1 8 8 32 3329
1 8 8 64 3327
1 8 8 128 3321
1 8 8 256 3321
1 8 8 512 3322
1 8 16 1 3549
1 8 16 2 3447
1 8 16 4 3388
1 8 16 8 3353
1 8 16 16 3339
1 8 16 32 3328
1 8 16 64 3326
1 8 16 128 3321
1 8 16 256 3321
1 8 16 512 3321
1 8 32 1 3558
1 8 32 2 3454
1 8 32 4 3385
1 8 32 8 3350
1 8 32 16 3336
1 8 32 32 3327
1 8 32 64 3326
1 8 32 128 3322
1 8 32 256 3322
1 8 32 512 3320
1 8 64 1 3558
1 8 64 2 3448
1 8 64 4 3379
1 8 64 8 3345
1 8 64 16 3333
1 8 64 32 3325
1 8 64 64 3326
1 8 64 128 3322
1 8 64 256 3321
1 8 64 512 3321
1 8 128 1 3556
1 8 128 2 3447
1 8 128 4 3382
1 8 128 8 3348
1 8 128 16 3336
1 8 128 32 3328
1 8 128 64 3329
1 8 128 128 3325
1 8 128 256 3324
1 8 128 512 3324
1 8 256 1 3556
1 8 256 2 3448
1 8 256 4 3382
1 8 256 8 3349
1 8 256 16 3335
1 8 256 32 3327
1 8 256 64 3328
1 8 256 128 3324
1 8 256 256 3323
1 8 256 512 3323
1 8 512 1 3555
1 8 512 2 3446
1 8 512 4 3381
1 8 512 8 3349
1 8 512 16 3336
1 8 512 32 3326
1 8 512 64 3328
1 8 512 128 3324
1 8 512 256 3323
1 8 512 512 3324
1 16 1 1 3618
1 16 1 2 3529
1 16 1 4 3421
1 16 1 8 3370
1 16 1 16 3350
1 16 1 32 3337
1 16 1 64 3338
1 16 1 128 3328
1 16 1 256 3329
1 16 1 512 3330
1 16 2 1 3578
1 16 2 2 3475
1 16 2 4 3397
1 16 2 8 3360
1 16 2 16 3346
1 16 2 32 3334
1 16 2 64 3336
1 16 2 128 3330
1 16 2 256 3330
1 16 2 512 3330
1 16 4 1 3551
1 16 4 2 3449
1 16 4 4 3388
1 16 4 8 3353
1 16 4 16 3345
1 16 4 32 3330
1 16 4 64 3329
1 16 4 128 3321
1 16 4 256 3322
1 16 4 512 3323
1 16 8 1 3562
1 16 8 2 3461
1 16 8 4 3390
1 16 8 8 3360
1 16 8 16 3340
1 16 8 32 3327
1 16 8 64 3326
1 16 8 128 3320
1 16 8 256 3319
1 16 8 512 3320
1 16 16 1 3579
1 16 16 2 3470
1 16 16 4 3391
1 16 16 8 3353
1 16 16 16 3338
1 16 16 32 3327
1 16 16 64 3324
1 16 16 128 3320
1 16 16 256 3319
1 16 16 512 3319
1 16 32 1 3568
1 16 32 2 3462
1 16 32 4 3385
1 16 32 8 3350
1 16 32 16 3336
1 16 32 32 3325
1 16 32 64 3325
1 16 32 128 3319
1 16 32 256 3319
1 16 32 512 3318
1 16 64 1 3562
1 16 64 2 3453
1 16 64 4 3380
1 16 64 8 3345
1 16 64 16 3333
1 16 64 32 3325
1 16 64 64 3325
1 16 64 128 3319
1 16 64 256 3320
1 16 64 512 3320
1 16 128 1 3552
1 16 128 2 3447
1 16 128 4 3381
1 16 128 8 3349
1 16 128 16 3336
1 16 128 32 3327
1 16 128 64 3328
1 16 128 128 3324
1 16 128 256 3323
1 16 128 512 3323
1 16 256 1 3552
1 16 256 2 3447
1 16 256 4 3383
1 16 256 8 3348
1 16 256 16 3336
1 16 256 32 3328
1 16 256 64 3327
1 16 256 128 3324
1 16 256 256 3323
1 16 256 512 3322
1 16 512 1 3552
1 16 512 2 3448
1 16 512 4 3383
1 16 512 8 3349
1 16 512 16 3335
1 16 512 32 3328
1 16 512 64 3328
1 16 512 128 3322
1 16 512 256 3324
1 16 512 512 3323
1 32 1 1 3729
1 32 1 2 3633
1 32 1 4 3484
1 32 1 8 3404
1 32 1 16 3371
1 32 1 32 3349
1 32 1 64 3346
1 32 1 128 3333
1 32 1 256 3335
1 32 1 512 3334
1 32 2 1 3737
1 32 2 2 3565
1 32 2 4 3450
1 32 2 8 3389
1 32 2 16 3358
1 32 2 32 3341
1 32 2 64 3343
1 32 2 128 3336
1 32 2 256 3337
1 32 2 512 3337
1 32 4 1 3663
1 32 4 2 3515
1 32 4 4 3428
1 32 4 8 3380
1 32 4 16 3355
1 32 4 32 3339
1 32 4 64 3337
1 32 4 128 3338
1 32 4 256 3338
1 32 4 512 3337
1 32 8 1 3616
1 32 8 2 3493
1 32 8 4 3428
1 32 8 8 3395
1 32 8 16 3358
1 32 8 32 3344
1 32 8 64 3337
1 32 8 128 3326
1 32 8 256 3326
1 32 8 512 3327
1 32 16 1 3590
1 32 16 2 3480
1 32 16 4 3425
1 32 16 8 3398
1 32 16 16 3350
1 32 16 32 3335
1 32 16 64 3331
1 32 16 128 3321
1 32 16 256 3322
1 32 16 512 3321
1 32 32 1 3576
1 32 32 2 3467
1 32 32 4 3414
1 32 32 8 3383
1 32 32 16 3347
1 32 32 32 3332
1 32 32 64 3330
1 32 32 128 3320
1 32 32 256 3320
1 32 32 512 3319
1 32 64 1 3573
1 32 64 2 3458
1 32 64 4 3410
1 32 64 8 3377
1 32 64 16 3343
1 32 64 32 3331
1 32 64 64 3330
1 32 64 128 3319
1 32 64 256 3320
1 32 64 512 3320
1 32 128 1 3561
1 32 128 2 3451
1 32 128 4 3411
1 32 128 8 3376
1 32 128 16 3342
1 32 128 32 3328
1 32 128 64 3328
1 32 128 128 3320
1 32 128 256 3319
1 32 128 512 3320
1 32 256 1 3561
1 32 256 2 3452
1 32 256 4 3411
1 32 256 8 3375
1 32 256 16 3341
1 32 256 32 3329
1 32 256 64 3326
1 32 256 128 3320
1 32 256 256 3319
1 32 256 512 3319
1 32 512 1 3559
1 32 512 2 3452
1 32 512 4 3410
1 32 512 8 3376
1 32 512 16 3340
1 32 512 32 3329
1 32 512 64 3328
1 32 512 128 3320
1 32 512 256 3318
1 32 512 512 3319
1 64 1 1 3908
1 64 1 2 3753
1 64 1 4 3547
1 64 1 8 3436
1 64 1 16 3392
1 64 1 32 3363
1 64 1 64 3360
1 64 1 128 3347
1 64 1 256 3346
1 64 1 512 3345
1 64 2 1 3822
1 64 2 2 3606
1 64 2 4 3467
1 64 2 8 3418
1 64 2 16 3383
1 64 2 32 3363
1 64 2 64 3364
1 64 2 128 3338
1 64 2 256 3339
1 64 2 512 3339
1 64 4 1 3670
1 64 4 2 3520
1 64 4 4 3418
1 64 4 8 3374
1 64 4 16 3352
1 64 4 32 3336
1 64 4 64 3331
1 64 4 128 3324
1 64 4 256 3324
1 64 4 512 3323
1 64 8 1 3626
1 64 8 2 3505
1 64 8 4 3409
1 64 8 8 3370
1 64 8 16 3343
1 64 8 32 3331
1 64 8 64 3329
1 64 8 128 3322
1 64 8 256 3321
1 64 8 512 3322
1 64 16 1 3610
1 64 16 2 3489
1 64 16 4 3404
1 64 16 8 3360
1 64 16 16 3345
1 64 16 32 3332
1 64 16 64 3328
1 64 16 128 3323
1 64 16 256 3322
1 64 16 512 3321
1 64 32 1 3607
1 64 32 2 3474
1 64 32 4 3396
1 64 32 8 3358
1 64 32 16 3342
1 64 32 32 3332
1 64 32 64 3331
1 64 32 128 3322
1 64 32 256 3320
1 64 32 512 3322
1 64 64 1 3592
1 64 64 2 3475
1 64 64 4 3393
1 64 64 8 3354
1 64 64 16 3340
1 64 64 32 3329
1 64 64 64 3328
1 64 64 128 3325
1 64 64 256 3324
1 64 64 512 3322
1 64 128 1 3595
1 64 128 2 3478
1 64 128 4 3403
1 64 128 8 3360
1 64 128 16 3342
1 64 128 32 3332
1 64 128 64 3332
1 64 128 128 3324
1 64 128 256 3324
1 64 128 512 3324
1 64 256 1 3594
1 64 256 2 3477
1 64 256 4 3402
1 64 256 8 3360
1 64 256 16 3344
1 64 256 32 3332
1 64 256 64 3330
1 64 256 128 3325
1 64 256 256 3325
1 64 256 512 3323
1 64 512 1 3594
1 64 512 2 3477
1 64 512 4 3404
1 64 512 8 3360
1 64 512 16 3343
1 64 512 32 3332
1 64 512 64 3331
1 64 512 128 3324
1 64 512 256 3324
1 64 512 512 3324
1 128 1 1 3984
1 128 1 2 3813
1 128 1 4 3576
1 128 1 8 3458
1 128 1 16 3405
1 128 1 32 3374
1 128 1 64 3366
1 128 1 128 3351
1 128 1 256 3351
1 128 1 512 3351
1 128 2 1 3888
1 128 2 2 3649
1 128 2 4 3511
1 128 2 8 3437
1 128 2 16 3398
1 128 2 32 3375
1 128 2 64 3373
1 128 2 128 3341
1 128 2 256 3339
1 128 2 512 3340
1 128 4 1 3697
1 128 4 2 3536
1 128 4 4 3429
1 128 4 8 3381
1 128 4 16 3354
1 128 4 32 3338
1 128 4 64 3335
1 128 4 128 3324
1 128 4 256 3326
1 128 4 512 3326
1 128 8 1 3648
1 128 8 2 3521
1 128 8 4 3422
1 128 8 8 3375
1 128 8 16 3350
1 128 8 32 3334
1 128 8 64 3330
1 128 8 128 3324
1 128 8 256 3324
1 128 8 512 3322
1 128 16 1 3669
1 128 16 2 3500
1 128 16 4 3413
1 128 16 8 3369
1 128 16 16 3352
1 128 16 32 3335
1 128 16 64 3334
1 128 16 128 3326
1 128 16 256 3324
1 128 16 512 3325
1 128 32 1 3613
1 128 32 2 3481
1 128 32 4 3401
1 128 32 8 3359
1 128 32 16 3344
1 128 32 32 3334
1 128 32 64 3332
1 128 32 128 3325
1 128 32 256 3325
1 128 32 512 3325
1 128 64 1 3630
1 128 64 2 3496
1 128 64 4 3408
1 128 64 8 3362
1 128 64 16 3344
1 128 64 32 3329
1 128 64 64 3331
1 128 64 128 3326
1 128 64 256 3324
1 128 64 512 3326
1 128 128 1 3634
1 128 128 2 3500
1 128 128 4 3416
1 128 128 8 3365
1 128 128 16 3347
1 128 128 32 3333
1 128 128 64 3333
1 128 128 128 3324
1 128 128 256 3325
1 128 128 512 3324
1 128 256 1 3633
1 128 256 2 3500
1 128 256 4 3416
1 128 256 8 3367
1 128 256 16 3347
1 128 256 32 3331
1 128 256 64 3333
1 128 256 128 3325
1 128 256 256 3324
1 128 256 512 3323
1 128 512 1 3636
1 128 512 2 3500
1 128 512 4 3416
1 128 512 8 3366
1 128 512 16 3346
1 128 512 32 3333
1 128 512 64 3333
1 128 512 128 3324
1 128 512 256 3325
1 128 512 512 3324
1 256 1 1 3984
1 256 1 2 3813
1 256 1 4 3576
1 256 1 8 3458
1 256 1 16 3405
1 256 1 32 3374
1 256 1 64 3366
1 256 1 128 3351
1 256 1 256 3352
1 256 1 512 3352
1 256 2 1 3888
1 256 2 2 3649
1 256 2 4 3510
1 256 2 8 3436
1 256 2 16 3397
1 256 2 32 3374
1 256 2 64 3372
1 256 2 128 3341
1 256 2 256 3339
1 256 2 512 3340
1 256 4 1 3696
1 256 4 2 3536
1 256 4 4 3428
1 256 4 8 3380
1 256 4 16 3353
1 256 4 32 3338
1 256 4 64 3335
1 256 4 128 3323
1 256 4 256 3325
1 256 4 512 3325
1 256 8 1 3647
1 256 8 2 3521
1 256 8 4 3422
1 256 8 8 3374
1 256 8 16 3349
1 256 8 32 3334
1 256 8 64 3330
1 256 8 128 3323
1 256 8 256 3323
1 256 8 512 3322
1 256 16 1 3669
1 256 16 2 3500
1 256 16 4 3413
1 256 16 8 3369
1 256 16 16 3352
1 256 16 32 3335
1 256 16 64 3334
1 256 16 128 3325
1 256 16 256 3323
1 256 16 512 3325
1 256 32 1 3613
1 256 32 2 3482
1 256 32 4 3402
1 256 32 8 3358
1 256 32 16 3344
1 256 32 32 3333
1 256 32 64 3331
1 256 32 128 3325
1 256 32 256 3325
1 256 32 512 3325
1 256 64 1 3630
1 256 64 2 3496
1 256 64 4 3407
1 256 64 8 3361
1 256 64 16 3343
1 256 64 32 3329
1 256 64 64 3332
1 256 64 128 3326
1 256 64 256 3324
1 256 64 512 3326
1 256 128 1 3639
1 256 128 2 3500
1 256 128 4 3416
1 256 128 8 3367
1 256 128 16 3346
1 256 128 32 3333
1 256 128 64 3333
1 256 128 128 3324
1 256 128 256 3325
1 256 128 512 3325
1 256 256 1 3635
1 256 256 2 3500
1 256 256 4 3415
1 256 256 8 3367
1 256 256 16 3348
1 256 256 32 3331
1 256 256 64 3333
1 256 256 128 3326
1 256 256 256 3326
1 256 256 512 3323
1 256 512 1 3637
1 256 512 2 3501
1 256 512 4 3416
1 256 512 8 3367
1 256 512 16 3346
1 256 512 32 3333
1 256 512 64 3333
1 256 512 128 3324
1 256 512 256 3325
1 256 512 512 3325
1 512 1 1 3984
1 512 1 2 3813
1 512 1 4 3576
1 512 1 8 3458
1 512 1 16 3405
1 512 1 32 3375
1 512 1 64 3367
1 512 1 128 3350
1 512 1 256 3352
1 512 1 512 3352
1 512 2 1 3889
1 512 2 2 3649
1 512 2 4 3509
1 512 2 8 3436
1 512 2 16 3398
1 512 2 32 3374
1 512 2 64 3373
1 512 2 128 3340
1 512 2 256 3339
1 512 2 512 3339
1 512 4 1 3696
1 512 4 2 3536
1 512 4 4 3429
1 512 4 8 3382
1 512 4 16 3353
1 512 4 32 3338
1 512 4 64 3334
1 512 4 128 3323
1 512 4 256 3325
1 512 4 512 3325
1 512 8 1 3647
1 512 8 2 3521
1 512 8 4 3422
1 512 8 8 3374
1 512 8 16 3349
1 512 8 32 3334
1 512 8 64 3330
1 512 8 128 3323
1 512 8 256 3323
1 512 8 512 3322
1 512 16 1 3670
1 512 16 2 3498
1 512 16 4 3413
1 512 16 8 3369
1 512 16 16 3351
1 512 16 32 3335
1 512 16 64 3334
1 512 16 128 3325
1 512 16 256 3323
1 512 16 512 3325
1 512 32 1 3613
1 512 32 2 3481
1 512 32 4 3400
1 512 32 8 3358
1 512 32 16 3344
1 512 32 32 3333
1 512 32 64 3333
1 512 32 128 3323
1 512 32 256 3326
1 512 32 512 3325
1 512 64 1 3630
1 512 64 2 3496
1 512 64 4 3407
1 512 64 8 3361
1 512 64 16 3344
1 512 64 32 3329
1 512 64 64 3331
1 512 64 128 3326
1 512 64 256 3324
1 512 64 512 3326
1 512 128 1 3636
1 512 128 2 3500
1 512 128 4 3416
1 512 128 8 3366
1 512 128 16 3345
1 512 128 32 3333
1 512 128 64 3332
1 512 128 128 3324
1 512 128 256 3325
1 512 128 512 3324
1 512 256 1 3635
1 512 256 2 3500
1 512 256 4 3415
1 512 256 8 3367
1 512 256 16 3347
1 512 256 32 3332
1 512 256 64 3330
1 512 256 128 3325
1 512 256 256 3324
1 512 256 512 3323
1 512 512 1 3635
1 512 512 2 3500
1 512 512 4 3416
1 512 512 8 3368
1 512 512 16 3346
1 512 512 32 3333
1 512 512 64 3332
1 512 512 128 3324
1 512 512 256 3324
1 512 512 512 3324
2 1 1 1 3621
2 1 1 2 3483
2 1 1 4 3403
2 1 1 8 3366
2 1 1 16 3346
2 1 1 32 3334
2 1 1 64 3334
2 1 1 128 3332
2 1 1 256 3331
2 1 1 512 3330
2 1 2 1 3547
2 1 2 2 3443
2 1 2 