Start coordinate search:
Starting position: (1, 1, 1) with performance: 31783 ms
Neighbor size: 6
Neighbor size: 8
tile size (t1, t2, t3): (1, 16, 1) with performance: 7245 ms
Neighbor size: 8
tile size (t1, t2, t3): (1, 64, 1) with performance: 6025 ms
Neighbor size: 8
tile size (t1, t2, t3): (1, 64, 2) with performance: 5877 ms
Neighbor size: 9
tile size (t1, t2, t3): (1, 256, 2) with performance: 5710 ms
Neighbor size: 8
coordinate search took 548351 milliseconds to converge.
Best tile sizes: (1, 256, 2) with performance: 5710 ms
Start exhaustive search:
1 1 1 33427
1 1 2 24342
1 1 4 19772
1 1 8 17474
1 1 16 16456
1 1 32 15836
1 1 64 15503
1 1 128 15339
1 1 256 15261
1 1 512 15207
1 2 1 18748
1 2 2 14170
1 2 4 12037
1 2 8 11280
1 2 16 10883
1 2 32 10551
1 2 64 10441
1 2 128 10216
1 2 256 10176
1 2 512 9933
1 4 1 11413
1 4 2 9141
1 4 4 8044
1 4 8 7583
1 4 16 7264
1 4 32 7131
1 4 64 6985
1 4 128 7090
1 4 256 7028
1 4 512 6996
1 8 1 8330
1 8 2 7331
1 8 4 6781
1 8 8 6594
1 8 16 6434
1 8 32 6371
1 8 64 6360
1 8 128 6321
1 8 256 6333
1 8 512 6325
1 16 1 7193
1 16 2 6884
1 16 4 6596
1 16 8 6443
1 16 16 6388
1 16 32 6406
1 16 64 6381
1 16 128 6414
1 16 256 6383
1 16 512 6377
1 32 1 6463
1 32 2 6223
1 32 4 6135
1 32 8 6038
1 32 16 6109
1 32 32 6074
1 32 64 6044
1 32 128 6038
1 32 256 6003
1 32 512 6004
1 64 1 6007
1 64 2 5907
1 64 4 5840
1 64 8 5778
1 64 16 5815
1 64 32 5807
1 64 64 5805
1 64 128 5850
1 64 256 5808
1 64 512 5782
1 128 1 5915
1 128 2 5820
1 128 4 5724
1 128 8 5705
1 128 16 5817
1 128 32 5764
1 128 64 5779
1 128 128 5745
1 128 256 5751
1 128 512 5756
1 256 1 5885
1 256 2 5748
1 256 4 5735
1 256 8 5714
1 256 16 5759
1 256 32 5734
1 256 64 5768
1 256 128 5815
1 256 256 5798
1 256 512 5815
1 512 1 5802
1 512 2 5826
1 512 4 5788
1 512 8 5756
1 512 16 5772
1 512 32 5750
1 512 64 5795
1 512 128 5743
1 512 256 5754
1 512 512 5840
2 1 1 29711
2 1 2 22377
2 1 4 18712
2 1 8 16891
2 1 16 16145
2 1 32 14441
2 1 64 13328
2 1 128 13220
2 1 256 13164
2 1 512 13143
2 2 1 14594
2 2 2 11260
2 2 4 9727
2 2 8 9461
2 2 16 9053
2 2 32 8817
2 2 64 8703
2 2 128 8610
2 2 256 8564
2 2 512 8524
2 4 1 9195
2 4 2 8106
2 4 4 7425
2 4 8 6934
2 4 16 6629
2 4 32 6533
2 4 64 6539
2 4 128 6478
2 4 256 6547
2 4 512 6592
2 8 1 7515
2 8 2 6824
2 8 4 6437
2 8 8 6194
2 8 16 6131
2 8 32 6029
2 8 64 6070
2 8 128 6164
2 8 256 6178
2 8 512 6193
2 16 1 6930
2 16 2 6642
2 16 4 6318
2 16 8 6222
2 16 16 6149
2 16 32 6139
2 16 64 6168
2 16 128 6101
2 16 256 6086
2 16 512 6178
2 32 1 6210
2 32 2 5965
2 32 4 5891
2 32 8 5880
2 32 16 5799
2 32 32 5971
2 32 64 5753
2 32 128 5736
2 32 256 5902
2 32 512 5736
2 64 1 5816
2 64 2 5749
2 64 4 5726
2 64 8 5670
2 64 16 5673
2 64 32 5733
2 64 64 5746
2 64 128 5781
2 64 256 5718
2 64 512 5778
2 128 1 5734
2 128 2 5670
2 128 4 5664
2 128 8 5635
2 128 16 5697
2 128 32 5762
2 128 64 5712
2 128 128 5687
2 128 256 5641
2 128 512 5820
2 256 1 5733
2 256 2 5658
2 256 4 5622
2 256 8 5696
2 256 16 5775
2 256 32 5768
2 256 64 5646
2 256 128 5796
2 256 256 5707
2 256 512 5773
2 512 1 5616
2 512 2 5581
2 512 4 5732
2 512 8 5806
2 512 16 5766
2 512 32 5745
2 512 64 5788
2 512 128 5567
2 512 256 5753
2 512 512 5795
4 1 1 24373
4 1 2 18746
4 1 4 16024
4 1 8 14511
4 1 16 13767
4 1 32 13404
4 1 64 13216
4 1 128 13128
4 1 256 13079
4 1 512 13065
4 2 1 13681
4 2 2 10990
4 2 4 9551
4 2 8 9013
4 2 16 8572
4 2 32 8402
4 2 64 8257
4 2 128 8217
4 2 256 8269
4 2 512 8207
4 4 1 9173
4 4 2 8068
4 4 4 7474
4 4 8 7088
4 4 16 6708
4 4 32 6707
4 4 64 6596
4 4 128 6616
4 4 256 6612
4 4 512 6561
4 8 1 7397
4 8 2 6780
4 8 4 6574
4 8 8 6323
4 8 16 6257
4 8 32 6213
4 8 64 6281
4 8 128 6252
4 8 256 6218
4 8 512 6218
4 16 1 6962
4 16 2 6697
4 16 4 6453
4 16 8 6345
4 16 16 6393
4 16 32 6303
4 16 64 6322
4 16 128 6409
4 16 256 6375
4 16 512 6350
4 32 1 6495
4 32 2 6102
4 32 4 5976
4 32 8 6052
4 32 16 6019
4 32 32 6013
4 32 64 6020
4 32 128 5943
4 32 256 6008
4 32 512 6031
4 64 1 6061
4 64 2 5771
4 64 4 5865
4 64 8 5834
4 64 16 5843
4 64 32 5971
4 64 64 5777
4 64 128 5796
4 64 256 5881
4 64 512 5762
4 128 1 5872
4 128 2 5671
4 128 4 5694
4 128 8 5785
4 128 16 5753
4 128 32 5796
4 128 64 5713
4 128 128 5830
4 128 256 5804
4 128 512 5875
4 256 1 5670
4 256 2 5642
4 256 4 5735
4 256 8 5655
4 256 16 5917
4 256 32 5793
4 256 64 5791
4 256 128 5788
4 256 256 5871
4 256 512 5779
4 512 1 5830
4 512 2 5689
4 512 4 5650
4 512 8 5694
4 512 16 5667
4 512 32 5859
4 512 64 5834
4 512 128 5857
4 512 256 5870
4 512 512 6010
8 1 1 23766
8 1 2 18352
8 1 4 15697
8 1 8 14330
8 1 16 13673
8 1 32 13337
8 1 64 13163
8 1 128 13080
8 1 256 13036
8 1 512 13024
8 2 1 13283
8 2 2 10651
8 2 4 9392
8 2 8 8804
8 2 16 8419
8 2 32 8349
8 2 64 8203
8 2 128 8227
8 2 256 8142
8 2 512 8097
8 4 1 8784
8 4 2 7891
8 4 4 7343
8 4 8 6974
8 4 16 6860
8 4 32 6706
8 4 64 6759
8 4 128 6703
8 4 256 6647
8 4 512 6603
8 8 1 7355
8 8 2 6799
8 8 4 6527
8 8 8 6384
8 8 16 6294
8 8 32 6214
8 8 64 6199
8 8 128 6292
8 8 256 6168
8 8 512 6289
8 16 1 6786
8 16 2 6632
8 16 4 6510
8 16 8 6361
8 16 16 6352
8 16 32 6388
8 16 64 6356
8 16 128 6305
8 16 256 6343
8 16 512 6415
8 32 1 6386
8 32 2 6043
8 32 4 6029
8 32 8 6031
8 32 16 6069
8 32 32 6039
8 32 64 6013
8 32 128 5997
8 32 256 6023
8 32 512 6208
8 64 1 6176
8 64 2 5830
8 64 4 5867
8 64 8 5928
8 64 16 5942
8 64 32 5847
8 64 64 5760
8 64 128 6002
8 64 256 5994
8 64 512 5879
8 128 1 6088
8 128 2 5706
8 128 4 5842
8 128 8 5882
8 128 16 5716
8 128 32 5847
8 128 64 5817
8 128 128 5983
8 128 256 5971
8 128 512 5888
8 256 1 5778
8 256 2 5641
8 256 4 5736
8 256 8 5763
8 256 16 5844
8 256 32 5631
8 256 64 5678
8 256 128 5631
8 256 256 5805
8 256 512 5950
8 512 1 5795
8 512 2 5709
8 512 4 5908
8 512 8 5715
8 512 16 5856
8 512 32 5911
8 512 64 5861
8 512 128 5969
8 512 256 6015
8 512 512 5955
16 1 1 23225
16 1 2 18090
16 1 4 15538
16 1 8 14247
16 1 16 13628
16 1 32 13306
16 1 64 13140
16 1 128 13061
16 1 256 13019
16 1 512 13005
16 2 1 13037
16 2 2 10546
16 2 4 9291
16 2 8 8698
16 2 16 8425
16 2 32 8208
16 2 64 8137
16 2 128 8126
16 2 256 8057
16 2 512 8121
16 4 1 8825
16 4 2 7912
16 4 4 7268
16 4 8 7010
16 4 16 6900
16 4 32 6722
16 4 64 6786
16 4 128 6754
16 4 256 6602
16 4 512 6619
16 8 1 7271
16 8 2 6782
16 8 4 6447
16 8 8 6380
16 8 16 6321
16 8 32 6282
16 8 64 6295
16 8 128 6287
16 8 256 6318
16 8 512 6330
16 16 1 6792
16 16 2 6664
16 16 4 6530
16 16 8 6493
16 16 16 6363
16 16 32 6387
16 16 64 6413
16 16 128 6333
16 16 256 6391
16 16 512 6387
16 32 1 6407
16 32 2 6085
16 32 4 6060
16 32 8 6002
16 32 16 6057
16 32 32 6080
16 32 64 6162
16 32 128 6073
16 32 256 6042
16 32 512 6202
16 64 1 6059
16 64 2 5799
16 64 4 5870
16 64 8 5899
16 64 16 5960
16 64 32 5973
16 64 64 5882
16 64 128 5902
16 64 256 6027
16 64 512 5988
16 128 1 6046
16 128 2 5649
16 128 4 5766
16 128 8 5703
16 128 16 5906
16 128 32 5837
16 128 64 5801
16 128 128 5868
16 128 256 5803
16 128 512 5955
16 256 1 5928
16 256 2 5703
16 256 4 5716
16 256 8 5742
16 256 16 5809
16 256 32 5862
16 256 64 5940
16 256 128 5987
16 256 256 5978
16 256 512 6002
16 512 1 5769
16 512 2 5735
16 512 4 5739
16 512 8 5998
16 512 16 5848
16 512 32 5941
16 512 64 5989
16 512 128 5823
16 512 256 6080
16 512 512 6075
32 1 1 22955
32 1 2 17953
32 1 4 15454
32 1 8 14201
32 1 16 13603
32 1 32 13286
32 1 64 13124
32 1 128 13052
32 1 256 13007
32 1 512 12995
32 2 1 12918
32 2 2 10489
32 2 4 9210
32 2 8 8703
32 2 16 8382
32 2 32 8230
32 2 64 8165
32 2 128 8091
32 2 256 8037
32 2 512 8058
32 4 1 8690
32 4 2 7934
32 4 4 7267
32 4 8 7067
32 4 16 6938
32 4 32 6751
32 4 64 6789
32 4 128 6848
32 4 256 6623
32 4 512 6720
32 8 1 7255
32 8 2 6815
32 8 4 6524
32 8 8 6385
32 8 16 6304
32 8 32 6247
32 8 64 6260
32 8 128 6351
32 8 256 6264
32 8 512 6309
32 16 1 6796
32 16 2 6706
32 16 4 6509
32 16 8 6402
32 16 16 6474
32 16 32 6330
32 16 64 6484
32 16 128 6438
32 16 256 6417
32 16 512 6418
32 32 1 6384
32 32 2 6031
32 32 4 6085
32 32 8 6131
32 32 16 5915
32 32 32 5938
32 32 64 6005
32 32 128 6035
32 32 256 6000
32 32 512 6080
32 64 1 6114
32 64 2 6116
32 64 4 5864
32 64 8 5912
32 64 16 5945
32 64 32 6018
32 64 64 5918
32 64 128 6081
32 64 256 6023
32 64 512 5959
32 128 1 5981
32 128 2 5903
32 128 4 5915
32 128 8 5846
32 128 16 5962
32 128 32 5821
32 128 64 5847
32 128 128 5861
32 128 256 5997
32 128 512 6011
32 256 1 5885
32 256 2 5645
32 256 4 5688
32 256 8 5784
32 256 16 5752
32 256 32 5887
32 256 64 5756
32 256 128 5955
32 256 256 5895
32 256 512 5936
32 512 1 5900
32 512 2 5660
32 512 4 5930
32 512 8 5657
32 512 16 5951
32 512 32 5733
32 512 64 5862
32 512 128 5853
32 512 256 6033
32 512 512 5879
64 1 1 22841
64 1 2 17895
64 1 4 15426
64 1 8 14182
64 1 16 13611
64 1 32 13291
64 1 64 13126
64 1 128 13048
64 1 256 13002
64 1 512 12990
64 2 1 12871
64 2 2 10549
64 2 4 9222
64 2 8 8835
64 2 16 8441
64 2 32 8331
64 2 64 8164
64 2 128 8191
64 2 256 8130
64 2 512 8153
64 4 1 8821
64 4 2 7821
64 4 4 7267
64 4 8 7088
64 4 16 6924
64 4 32 6895
64 4 64 6809
64 4 128 6837
64 4 256 6714
64 4 512 6781
64 8 1 7244
64 8 2 6732
64 8 4 6583
64 8 8 6394
64 8 16 6306
64 8 32 6294
64 8 64 6333
64 8 128 6273
64 8 256 6420
64 8 512 6354
64 16 1 6777
64 16 2 6626
64 16 4 6513
64 16 8 6389
64 16 16 6436
64 16 32 6374
64 16 64 6391
64 16 128 6341
64 16 256 6462
64 16 512 6512
64 32 1 6211
64 32 2 6080
64 32 4 6025
64 32 8 5908
64 32 16 6021
64 32 32 6098
64 32 64 6151
64 32 128 6216
64 32 256 6044
64 32 512 6141
64 64 1 6040
64 64 2 5819
64 64 4 5867
64 64 8 5935
64 64 16 5867
64 64 32 5920
64 64 64 5896
64 64 128 5899
64 64 256 5998
64 64 512 5933
64 128 1 5958
64 128 2 5774
64 128 4 5666
64 128 8 5859
64 128 16 5815
64 128 32 5842
64 128 64 5991
64 128 128 5848
64 128 256 5893
64 128 512 5799
64 256 1 5784
64 256 2 5646
64 256 4 5857
64 256 8 5891
64 256 16 5944
64 256 32 5740
64 256 64 5945
64 256 128 5860
64 256 256 6022
64 256 512 6053
64 512 1 5755
64 512 2 5756
64 512 4 5709
64 512 8 5669
64 512 16 6002
64 512 32 5947
64 512 64 6121
64 512 128 6062
64 512 256 5967
64 512 512 6016
128 1 1 22750
128 1 2 17868
128 1 4 15404
128 1 8 14176
128 1 16 13674
128 1 32 13324
128 1 64 13149
128 1 128 13052
128 1 256 13002
128 1 512 12993
128 2 1 12836
128 2 2 10431
128 2 4 9246
128 2 8 8861
128 2 16 8520
128 2 32 8384
128 2 64 8432
128 2 128 8244
128 2 256 8207
128 2 512 8273
128 4 1 8891
128 4 2 7747
128 4 4 7268
128 4 8 7115
128 4 16 6956
128 4 32 6932
128 4 64 6913
128 4 128 6872
128 4 256 6784
128 4 512 6932
128 8 1 7210
128 8 2 6893
128 8 4 6543
128 8 8 6337
128 8 16 6308
128 8 32 6299
128 8 64 6268
128 8 128 6353
128 8 256 6367
128 8 512 6339
128 16 1 6734
128 16 2 6702
128 16 4 6579
128 16 8 6435
128 16 16 6402
128 16 32 6466
128 16 64 6386
128 16 128 6339
128 16 256 6383
128 16 512 6510
128 32 1 6288
128 32 2 6131
128 32 4 6001
128 32 8 6052
128 32 16 6142
128 32 32 6138
128 32 64 6074
128 32 128 6120
128 32 256 6203
128 32 512 6122
128 64 1 6083
128 64 2 5916
128 64 4 5923
128 64 8 5880
128 64 16 5990
128 64 32 6034
128 64 64 5928
128 64 128 5921
128 64 256 5941
128 64 512 6042
128 128 1 6243
128 128 2 5962
128 128 4 5944
128 128 8 5897
128 128 16 5987
128 128 32 5950
128 128 64 5947
128 128 128 5931
128 128 256 5950
128 128 512 5980
128 256 1 5794
128 256 2 5770
128 256 4 5828
128 256 8 5809
128 256 16 5951
128 256 32 5812
128 256 64 5870
128 256 128 5896
128 256 256 5989
128 256 512 6016
128 512 1 5871
128 512 2 5649
128 512 4 5826
128 512 8 5963
128 512 16 5838
128 512 32 5995
128 512 64 5937
128 512 128 5981
128 512 256 5885
128 512 512 5982
256 1 1 22734
256 1 2 17947
256 1 4 15443
256 1 8 14192
256 1 16 13691
256 1 32 13336
256 1 64 13179
256 1 128 13070
256 1 256 13013
256 1 512 12992
256 2 1 12871
256 2 2 10464
256 2 4 9251
256 2 8 8985
256 2 16 8523
256 2 32 8477
256 2 64 8512
256 2 128 8334
256 2 256 8355
256 2 512 8359
256 4 1 8748
256 4 2 7768
256 4 4 7168
256 4 8 7103
256 4 16 6874
256 4 32 6899
256 4 64 6850
256 4 128 6889
256 4 256 6763
256 4 512 6883
256 8 1 7145
256 8 2 6753
256 8 4 6521
256 8 8 6425
256 8 16 6282
256 8 32 6321
256 8 64 6311
256 8 128 6328
256 8 256 6374
256 8 512 6352
256 16 1 6719
256 16 2 6649
256 16 4 6501
256 16 8 6414
256 16 16 6408
256 16 32 6533
256 16 64 6366
256 16 128 6413
256 16 256 6528
256 16 512 6435
256 32 1 6262
256 32 2 6065
256 32 4 6062
256 32 8 6085
256 32 16 6101
256 32 32 6212
256 32 64 6067
256 32 128 6096
256 32 256 6071
256 32 512 6099
256 64 1 5883
256 64 2 5812
256 64 4 5922
256 64 8 5842
256 64 16 5870
256 64 32 6043
256 64 64 6000
256 64 128 5973
256 64 256 5945
256 64 512 6109
256 128 1 5889
256 128 2 5772
256 128 4 5836
256 128 8 5722
256 128 16 5919
256 128 32 5797
256 128 64 5851
256 128 128 6022
256 128 256 5836
256 128 512 5961
256 256 1 5897
256 256 2 5709
256 256 4 5927
256 256 8 5835
256 256 16 5878
256 256 32 5876
256 256 64 5991
256 256 128 5903
256 256 256 5882
256 256 512 5966
256 512 1 5852
256 512 2 5746
256 512 4 5973
256 512 8 5760
256 512 16 6019
256 512 32 6034
256 512 64 6026
256 512 128 5991
256 512 256 6063
256 512 512 6087
512 1 1 22822
512 1 2 18024
512 1 4 15451
512 1 8 14200
512 1 16 13722
512 1 32 13361
512 1 64 13239
512 1 128 13094
512 1 256 13023
512 1 512 13002
512 2 1 12959
512 2 2 10529
512 2 4 9322
512 2 8 9208
512 2 16 8696
512 2 32 8525
512 2 64 8419
512 2 128 8446
512 2 256 8363
512 2 512 8466
512 4 1 8821
512 4 2 7744
512 4 4 7157
512 4 8 7118
512 4 16 6976
512 4 32 6887
512 4 64 6829
512 4 128 6769
512 4 256 6713
512 4 512 6747
512 8 1 7148
512 8 2 6820
512 8 4 6672
512 8 8 6469
512 8 16 6468
512 8 32 6320
512 8 64 6384
512 8 128 6307
512 8 256 6319
512 8 512 6291
512 16 1 6726
512 16 2 6740
512 16 4 6505
512 16 8 6450
512 16 16 6474
512 16 32 6462
512 16 64 6415
512 16 128 6408
512 16 256 6417
512 16 512 6410
512 32 1 6251
512 32 2 6079
512 32 4 6195
512 32 8 6106
512 32 16 6152
512 32 32 6165
512 32 64 6066
512 32 128 6077
512 32 256 6089
512 32 512 6199
512 64 1 5991
512 64 2 5951
512 64 4 5916
512 64 8 5925
512 64 16 6096
512 64 32 5956
512 64 64 5968
512 64 128 5961
512 64 256 5939
512 64 512 6101
512 128 1 5962
512 128 2 5760
512 128 4 5860
512 128 8 5931
512 128 16 5827
512 128 32 6025
512 128 64 5794
512 128 128 5874
512 128 256 5918
512 128 512 6029
512 256 1 5789
512 256 2 5765
512 256 4 5870
512 256 8 5822
512 256 16 5938
512 256 32 5995
512 256 64 5901
512 256 128 5975
512 256 256 5845
512 256 512 5963
512 512 1 5917
512 512 2 5709
512 512 4 5957
512 512 8 5983
512 512 16 5823
512 512 32 6013
512 512 64 6004
512 512 128 5982
512 512 256 5941
512 512 512 6041
exhaustive search took 7485650 milliseconds to converge.
Best tile sizes: (2, 512, 128) with performance: 5567 ms
