Start coordinate search:
Starting position: (1, 1, 1) with performance: 30414 ms
Neighbor size: 6
Neighbor size: 8
tile size (t1, t2, t3): (1, 16, 1) with performance: 10010 ms
Neighbor size: 8
tile size (t1, t2, t3): (1, 16, 4) with performance: 9143 ms
Neighbor size: 10
tile size (t1, t2, t3): (1, 32, 4) with performance: 8875 ms
Neighbor size: 10
tile size (t1, t2, t3): (2, 32, 4) with performance: 8809 ms
Neighbor size: 11
tile size (t1, t2, t3): (2, 128, 4) with performance: 8678 ms
Neighbor size: 11
tile size (t1, t2, t3): (2, 256, 4) with performance: 8256 ms
Neighbor size: 10
tile size (t1, t2, t3): (2, 256, 16) with performance: 8152 ms
Neighbor size: 10
tile size (t1, t2, t3): (2, 256, 32) with performance: 8115 ms
Neighbor size: 10
coordinate search took 1085021 milliseconds to converge.
Best tile sizes: (2, 256, 32) with performance: 8115 ms
Start exhaustive search:
1 1 1 30417
1 1 2 22321
1 1 4 18288
1 1 8 16290
1 1 16 15458
1 1 32 14868
1 1 64 14569
1 1 128 14422
1 1 256 14335
1 1 512 14297
1 2 1 17022
1 2 2 13462
1 2 4 12036
1 2 8 11940
1 2 16 11452
1 2 32 11149
1 2 64 11404
1 2 128 11143
1 2 256 10923
1 2 512 11063
1 4 1 12321
1 4 2 10793
1 4 4 10435
1 4 8 10259
1 4 16 9827
1 4 32 9631
1 4 64 9571
1 4 128 9815
1 4 256 9416
1 4 512 9411
1 8 1 10539
1 8 2 9311
1 8 4 9393
1 8 8 9463
1 8 16 9521
1 8 32 9215
1 8 64 8823
1 8 128 9178
1 8 256 9313
1 8 512 8958
1 16 1 9838
1 16 2 9328
1 16 4 9305
1 16 8 9079
1 16 16 9387
1 16 32 9078
1 16 64 9073
1 16 128 9005
1 16 256 9052
1 16 512 8860
1 32 1 9500
1 32 2 8913
1 32 4 8847
1 32 8 8812
1 32 16 8741
1 32 32 8900
1 32 64 8707
1 32 128 8876
1 32 256 8759
1 32 512 8798
1 64 1 9069
1 64 2 8774
1 64 4 8734
1 64 8 8680
1 64 16 8864
1 64 32 8728
1 64 64 8681
1 64 128 8694
1 64 256 8666
1 64 512 8650
1 128 1 9061
1 128 2 8694
1 128 4 8735
1 128 8 8598
1 128 16 8673
1 128 32 8616
1 128 64 8671
1 128 128 8626
1 128 256 8657
1 128 512 8677
1 256 1 8629
1 256 2 8191
1 256 4 8121
1 256 8 8108
1 256 16 8139
1 256 32 8175
1 256 64 8248
1 256 128 8256
1 256 256 8414
1 256 512 8478
1 512 1 8849
1 512 2 8616
1 512 4 8539
1 512 8 8489
1 512 16 8434
1 512 32 8453
1 512 64 8500
1 512 128 8577
1 512 256 8507
1 512 512 8444
2 1 1 27133
2 1 2 20656
2 1 4 17492
2 1 8 15763
2 1 16 15023
2 1 32 14539
2 1 64 14290
2 1 128 14167
2 1 256 14103
2 1 512 14081
2 2 1 15332
2 2 2 12747
2 2 4 11630
2 2 8 11786
2 2 16 11537
2 2 32 11116
2 2 64 11028
2 2 128 11134
2 2 256 11229
2 2 512 11032
2 4 1 11651
2 4 2 10515
2 4 4 10243
2 4 8 9834
2 4 16 9751
2 4 32 9365
2 4 64 9255
2 4 128 9329
2 4 256 9295
2 4 512 9358
2 8 1 10109
2 8 2 9409
2 8 4 9214
2 8 8 9115
2 8 16 9020
2 8 32 8991
2 8 64 8845
2 8 128 8942
2 8 256 8888
2 8 512 8926
2 16 1 9544
2 16 2 9232
2 16 4 9015
2 16 8 8953
2 16 16 8929
2 16 32 9096
2 16 64 8884
2 16 128 8865
2 16 256 8828
2 16 512 8856
2 32 1 8896
2 32 2 8782
2 32 4 8764
2 32 8 8693
2 32 16 8700
2 32 32 8676
2 32 64 8677
2 32 128 8507
2 32 256 8453
2 32 512 8420
2 64 1 8831
2 64 2 8703
2 64 4 8598
2 64 8 8660
2 64 16 8636
2 64 32 8771
2 64 64 8670
2 64 128 8691
2 64 256 8732
2 64 512 8699
2 128 1 8620
2 128 2 8576
2 128 4 8594
2 128 8 8683
2 128 16 8575
2 128 32 8559
2 128 64 8718
2 128 128 8622
2 128 256 8948
2 128 512 8693
2 256 1 8577
2 256 2 8218
2 256 4 8131
2 256 8 8082
2 256 16 8099
2 256 32 8106
2 256 64 8214
2 256 128 8301
2 256 256 8340
2 256 512 8448
2 512 1 8551
2 512 2 8462
2 512 4 8439
2 512 8 8484
2 512 16 8313
2 512 32 8388
2 512 64 8388
2 512 128 8415
2 512 256 8437
2 512 512 8338
4 1 1 25484
4 1 2 19743
4 1 4 16986
4 1 8 15416
4 1 16 14792
4 1 32 14365
4 1 64 14140
4 1 128 14032
4 1 256 13978
4 1 512 13960
4 2 1 14550
4 2 2 12779
4 2 4 11935
4 2 8 11608
4 2 16 11298
4 2 32 10982
4 2 64 10902
4 2 128 11029
4 2 256 10968
4 2 512 10852
4 4 1 11402
4 4 2 10339
4 4 4 10116
4 4 8 10073
4 4 16 9762
4 4 32 9555
4 4 64 9582
4 4 128 9543
4 4 256 9376
4 4 512 9550
4 8 1 9986
4 8 2 9293
4 8 4 9480
4 8 8 9266
4 8 16 8847
4 8 32 9113
4 8 64 9320
4 8 128 8925
4 8 256 9129
4 8 512 8863
4 16 1 9751
4 16 2 9340
4 16 4 9257
4 16 8 9138
4 16 16 9201
4 16 32 9133
4 16 64 8947
4 16 128 8968
4 16 256 8967
4 16 512 9055
4 32 1 9313
4 32 2 8995
4 32 4 9015
4 32 8 8949
4 32 16 8833
4 32 32 8817
4 32 64 8842
4 32 128 8848
4 32 256 8836
4 32 512 8930
4 64 1 9063
4 64 2 8851
4 64 4 8804
4 64 8 8783
4 64 16 8803
4 64 32 8750
4 64 64 8746
4 64 128 8751
4 64 256 8761
4 64 512 8874
4 128 1 8855
4 128 2 8661
4 128 4 8694
4 128 8 8684
4 128 16 8791
4 128 32 8704
4 128 64 8752
4 128 128 8853
4 128 256 8765
4 128 512 8938
4 256 1 8651
4 256 2 8278
4 256 4 8213
4 256 8 8196
4 256 16 8203
4 256 32 8224
4 256 64 8267
4 256 128 8328
4 256 256 8442
4 256 512 8544
4 512 1 8599
4 512 2 8532
4 512 4 8530
4 512 8 8458
4 512 16 8585
4 512 32 8425
4 512 64 8472
4 512 128 8567
4 512 256 8587
4 512 512 8464
8 1 1 24715
8 1 2 19404
8 1 4 16648
8 1 8 15233
8 1 16 14673
8 1 32 14276
8 1 64 14067
8 1 128 13964
8 1 256 13912
8 1 512 13897
8 2 1 14314
8 2 2 12486
8 2 4 11520
8 2 8 11422
8 2 16 10965
8 2 32 10928
8 2 64 10721
8 2 128 10714
8 2 256 10720
8 2 512 10773
8 4 1 11445
8 4 2 10236
8 4 4 10044
8 4 8 9747
8 4 16 9591
8 4 32 9516
8 4 64 9439
8 4 128 9559
8 4 256 9355
8 4 512 9366
8 8 1 9869
8 8 2 9126
8 8 4 9415
8 8 8 9257
8 8 16 9109
8 8 32 8893
8 8 64 9487
8 8 128 8992
8 8 256 9098
8 8 512 9315
8 16 1 9870
8 16 2 9336
8 16 4 9187
8 16 8 9270
8 16 16 9129
8 16 32 9271
8 16 64 9190
8 16 128 9124
8 16 256 9137
8 16 512 9144
8 32 1 9330
8 32 2 8965
8 32 4 8955
8 32 8 8952
8 32 16 8901
8 32 32 9038
8 32 64 8906
8 32 128 8879
8 32 256 8992
8 32 512 8845
8 64 1 8992
8 64 2 8882
8 64 4 8801
8 64 8 8921
8 64 16 8856
8 64 32 8871
8 64 64 8812
8 64 128 8885
8 64 256 8852
8 64 512 8862
8 128 1 8860
8 128 2 8718
8 128 4 8881
8 128 8 8768
8 128 16 8773
8 128 32 8790
8 128 64 8675
8 128 128 8718
8 128 256 8781
8 128 512 8852
8 256 1 8666
8 256 2 8286
8 256 4 8183
8 256 8 8196
8 256 16 8165
8 256 32 8244
8 256 64 8211
8 256 128 8362
8 256 256 8389
8 256 512 8541
8 512 1 8786
8 512 2 8552
8 512 4 8479
8 512 8 8446
8 512 16 8482
8 512 32 8470
8 512 64 8428
8 512 128 8480
8 512 256 8489
8 512 512 8622
16 1 1 24283
16 1 2 19117
16 1 4 16478
16 1 8 15142
16 1 16 14612
16 1 32 14233
16 1 64 14029
16 1 128 13934
16 1 256 13892
16 1 512 13866
16 2 1 14446
16 2 2 12380
16 2 4 11595
16 2 8 11282
16 2 16 10942
16 2 32 10963
16 2 64 10739
16 2 128 10731
16 2 256 10831
16 2 512 10644
16 4 1 11324
16 4 2 10297
16 4 4 10031
16 4 8 9817
16 4 16 9727
16 4 32 9639
16 4 64 9443
16 4 128 9596
16 4 256 9716
16 4 512 9521
16 8 1 10336
16 8 2 9244
16 8 4 9416
16 8 8 9339
16 8 16 9296
16 8 32 9101
16 8 64 9326
16 8 128 9220
16 8 256 9106
16 8 512 9465
16 16 1 9723
16 16 2 9380
16 16 4 9377
16 16 8 9310
16 16 16 9245
16 16 32 9402
16 16 64 9220
16 16 128 9218
16 16 256 9197
16 16 512 9389
16 32 1 9244
16 32 2 8945
16 32 4 8958
16 32 8 8848
16 32 16 9000
16 32 32 8995
16 32 64 9024
16 32 128 9068
16 32 256 8975
16 32 512 9139
16 64 1 9094
16 64 2 8858
16 64 4 8932
16 64 8 8851
16 64 16 8861
16 64 32 8954
16 64 64 8941
16 64 128 8905
16 64 256 8998
16 64 512 8873
16 128 1 8971
16 128 2 8636
16 128 4 8923
16 128 8 8803
16 128 16 8956
16 128 32 8770
16 128 64 8759
16 128 128 8765
16 128 256 8813
16 128 512 8805
16 256 1 8562
16 256 2 8275
16 256 4 8215
16 256 8 8219
16 256 16 8236
16 256 32 8291
16 256 64 8283
16 256 128 8386
16 256 256 8492
16 256 512 8397
16 512 1 8598
16 512 2 8280
16 512 4 8634
16 512 8 8493
16 512 16 8452
16 512 32 8418
16 512 64 8430
16 512 128 8524
16 512 256 8511
16 512 512 8523
32 1 1 24064
32 1 2 18972
32 1 4 16396
32 1 8 15102
32 1 16 14583
32 1 32 14213
32 1 64 14009
32 1 128 13913
32 1 256 13864
32 1 512 13845
32 2 1 14043
32 2 2 12307
32 2 4 11385
32 2 8 11304
32 2 16 10963
32 2 32 10887
32 2 64 10916
32 2 128 10675
32 2 256 11075
32 2 512 10869
32 4 1 11539
32 4 2 10226
32 4 4 9897
32 4 8 10045
32 4 16 9862
32 4 32 9852
32 4 64 10225
32 4 128 9917
32 4 256 9797
32 4 512 10178
32 8 1 9895
32 8 2 9245
32 8 4 9371
32 8 8 9680
32 8 16 9293
32 8 32 9451
32 8 64 9541
32 8 128 9204
32 8 256 9483
32 8 512 9231
32 16 1 9829
32 16 2 9410
32 16 4 9419
32 16 8 9345
32 16 16 9456
32 16 32 9268
32 16 64 9449
32 16 128 9267
32 16 256 9245
32 16 512 9280
32 32 1 9372
32 32 2 9034
32 32 4 9253
32 32 8 9076
32 32 16 9035
32 32 32 9014
32 32 64 9283
32 32 128 9120
32 32 256 9268
32 32 512 9428
32 64 1 8940
32 64 2 8769
32 64 4 9075
32 64 8 8928
32 64 16 9060
32 64 32 8955
32 64 64 8935
32 64 128 9335
32 64 256 9070
32 64 512 9078
32 128 1 8932
32 128 2 8641
32 128 4 9141
32 128 8 9255
32 128 16 8951
32 128 32 8853
32 128 64 8973
32 128 128 9195
32 128 256 9089
32 128 512 9033
32 256 1 8577
32 256 2 8386
32 256 4 8345
32 256 8 8349
32 256 16 8356
32 256 32 8362
32 256 64 8554
32 256 128 8563
32 256 256 8758
32 256 512 8788
32 512 1 8734
32 512 2 8592
32 512 4 8599
32 512 8 8550
32 512 16 8686
32 512 32 8893
32 512 64 8610
32 512 128 8815
32 512 256 8563
32 512 512 8664
64 1 1 23955
64 1 2 18897
64 1 4 16356
64 1 8 15080
64 1 16 14573
64 1 32 14217
64 1 64 14010
64 1 128 13912
64 1 256 13871
64 1 512 13840
64 2 1 14094
64 2 2 12171
64 2 4 11236
64 2 8 11410
64 2 16 11180
64 2 32 11206
64 2 64 10935
64 2 128 10964
64 2 256 11141
64 2 512 10970
64 4 1 11167
64 4 2 10245
64 4 4 10071
64 4 8 10023
64 4 16 10193
64 4 32 10010
64 4 64 9907
64 4 128 9933
64 4 256 9889
64 4 512 9816
64 8 1 9838
64 8 2 9425
64 8 4 9465
64 8 8 9478
64 8 16 9475
64 8 32 9411
64 8 64 9463
64 8 128 9236
64 8 256 9325
64 8 512 9324
64 16 1 9734
64 16 2 9429
64 16 4 9439
64 16 8 9301
64 16 16 9386
64 16 32 9512
64 16 64 9243
64 16 128 9437
64 16 256 9441
64 16 512 9392
64 32 1 9311
64 32 2 8941
64 32 4 9118
64 32 8 9094
64 32 16 9034
64 32 32 8941
64 32 64 9159
64 32 128 9141
64 32 256 9334
64 32 512 9248
64 64 1 9358
64 64 2 8833
64 64 4 8985
64 64 8 9130
64 64 16 9316
64 64 32 9182
64 64 64 8950
64 64 128 9081
64 64 256 9165
64 64 512 8892
64 128 1 8884
64 128 2 8589
64 128 4 8808
64 128 8 8902
64 128 16 8961
64 128 32 9154
64 128 64 9027
64 128 128 8945
64 128 256 8905
64 128 512 8938
64 256 1 8650
64 256 2 8326
64 256 4 8347
64 256 8 8373
64 256 16 8438
64 256 32 8420
64 256 64 8499
64 256 128 8593
64 256 256 8768
64 256 512 8823
64 512 1 8795
64 512 2 8607
64 512 4 8574
64 512 8 8603
64 512 16 8475
64 512 32 8751
64 512 64 8622
64 512 128 8808
64 512 256 8762
64 512 512 8708
128 1 1 23899
128 1 2 18871
128 1 4 16345
128 1 8 15078
128 1 16 14570
128 1 32 14227
128 1 64 14020
128 1 128 13970
128 1 256 13925
128 1 512 13893
128 2 1 15197
128 2 2 13347
128 2 4 12617
128 2 8 12079
128 2 16 11700
128 2 32 11488
128 2 64 11731
128 2 128 11745
128 2 256 11540
128 2 512 11183
128 4 1 12455
128 4 2 11323
128 4 4 10874
128 4 8 10632
128 4 16 10617
128 4 32 10562
128 4 64 10517
128 4 128 10710
128 4 256 10585
128 4 512 10715
128 8 1 10909
128 8 2 10120
128 8 4 10215
128 8 8 9762
128 8 16 9774
128 8 32 10203
128 8 64 9757
128 8 128 9926
128 8 256 9932
128 8 512 10234
128 16 1 10367
128 16 2 9966
128 16 4 9974
128 16 8 9485
128 16 16 9421
128 16 32 9388
128 16 64 9288
128 16 128 9349
128 16 256 9263
128 16 512 9454
128 32 1 9823
128 32 2 8916
128 32 4 9161
128 32 8 9194
128 32 16 9076
128 32 32 8998
128 32 64 9101
128 32 128 9213
128 32 256 9232
128 32 512 9164
128 64 1 9103
128 64 2 8744
128 64 4 8885
128 64 8 9097
128 64 16 9250
128 64 32 8942
128 64 64 9292
128 64 128 8868
128 64 256 9041
128 64 512 8988
128 128 1 8757
128 128 2 8542
128 128 4 8806
128 128 8 8934
128 128 16 9206
128 128 32 8700
128 128 64 8827
128 128 128 9307
128 128 256 8822
128 128 512 9149
128 256 1 8631
128 256 2 8217
128 256 4 8107
128 256 8 8228
128 256 16 8227
128 256 32 8292
128 256 64 8339
128 256 128 8565
128 256 256 8532
128 256 512 8647
128 512 1 8477
128 512 2 8489
128 512 4 8591
128 512 8 8447
128 512 16 8576
128 512 32 8530
128 512 64 8599
128 512 128 8441
128 512 256 8751
128 512 512 8682
256 1 1 23925
256 1 2 18879
256 1 4 16377
256 1 8 15089
256 1 16 14579
256 1 32 14287
256 1 64 14059
256 1 128 13926
256 1 256 13873
256 1 512 13841
256 2 1 14083
256 2 2 12380
256 2 4 11694
256 2 8 11506
256 2 16 11201
256 2 32 11034
256 2 64 11236
256 2 128 11248
256 2 256 11016
256 2 512 11275
256 4 1 11462
256 4 2 10551
256 4 4 10239
256 4 8 10251
256 4 16 10137
256 4 32 10106
256 4 64 10097
256 4 128 10037
256 4 256 10156
256 4 512 9930
256 8 1 9927
256 8 2 9201
256 8 4 9470
256 8 8 9425
256 8 16 9302
256 8 32 9425
256 8 64 9379
256 8 128 9384
256 8 256 9333
256 8 512 9195
256 16 1 10153
256 16 2 9390
256 16 4 9413
256 16 8 9331
256 16 16 9307
256 16 32 9516
256 16 64 9430
256 16 128 9309
256 16 256 9611
256 16 512 9387
256 32 1 9414
256 32 2 8895
256 32 4 8967
256 32 8 8988
256 32 16 9390
256 32 32 9125
256 32 64 9016
256 32 128 8961
256 32 256 9026
256 32 512 9239
256 64 1 9140
256 64 2 8702
256 64 4 9143
256 64 8 8774
256 64 16 9153
256 64 32 8832
256 64 64 8968
256 64 128 8908
256 64 256 9341
256 64 512 9441
256 128 1 8890
256 128 2 8545
256 128 4 8790
256 128 8 8747
256 128 16 8694
256 128 32 8808
256 128 64 9234
256 128 128 8707
256 128 256 8873
256 128 512 9093
256 256 1 8555
256 256 2 8103
256 256 4 8036
256 256 8 8219
256 256 16 8192
256 256 32 8162
256 256 64 8270
256 256 128 8360
256 256 256 8376
256 256 512 8331
256 512 1 8554
256 512 2 8402
256 512 4 8634
256 512 8 8396
256 512 16 8469
256 512 32 8510
256 512 64 8461
256 512 128 8405
256 512 256 8594
256 512 512 8464
512 1 1 24019
512 1 2 19504
512 1 4 16391
512 1 8 15105
512 1 16 14575
512 1 32 14410
512 1 64 14113
512 1 128 13980
512 1 256 13893
512 1 512 13884
512 2 1 14191
512 2 2 12453
512 2 4 11590
512 2 8 11741
512 2 16 11146
512 2 32 11073
512 2 64 11245
512 2 128 11001
512 2 256 10976
512 2 512 11129
512 4 1 11354
512 4 2 10348
512 4 4 10223
512 4 8 10242
512 4 16 9900
512 4 32 10181
512 4 64 10014
512 4 128 10005
512 4 256 10137
512 4 512 10154
512 8 1 10031
512 8 2 9327
512 8 4 9451
512 8 8 9469
512 8 16 9450
512 8 32 9345
512 8 64 9502
512 8 128 9377
512 8 256 9377
512 8 512 9358
512 16 1 9722
512 16 2 9398
512 16 4 9727
512 16 8 9369
512 16 16 9418
512 16 32 9305
512 16 64 9406
512 16 128 9346
512 16 256 9506
512 16 512 9344
512 32 1 9395
512 32 2 8820
512 32 4 9073
512 32 8 9478
512 32 16 9238
512 32 32 9072
512 32 64 9190
512 32 128 9082
512 32 256 9221
512 32 512 9166
512 64 1 9416
512 64 2 8706
512 64 4 8851
512 64 8 8882
512 64 16 8897
512 64 32 8866
512 64 64 8832
512 64 128 8893
512 64 256 9492
512 64 512 9390
512 128 1 8809
512 128 2 8428
512 128 4 8680
512 128 8 8693
512 128 16 8853
512 128 32 9105
512 128 64 8761
512 128 128 9058
512 128 256 8915
512 128 512 8879
512 256 1 8837
512 256 2 8153
512 256 4 7963
512 256 8 8020
512 256 16 8123
512 256 32 7979
512 256 64 8099
512 256 128 8212
512 256 256 8344
512 256 512 8564
512 512 1 8580
512 512 2 8524
512 512 4 8458
512 512 8 8421
512 512 16 8412
512 512 32 8534
512 512 64 8652
512 512 128 8470
512 512 256 8533
512 512 512 8479
exhaustive search took 10050830 milliseconds to converge.
Best tile sizes: (512, 256, 4) with performance: 7963 ms
