Starting position: (1, 1) with performance: 4499 ms
tile size (x, y): (1, 4) with performance: 3300 ms
tile size (x, y): (1, 8) with performance: 3100 ms
tile size (x, y): (1, 16) with performance: 3001 ms
tile size (x, y): (1, 32) with performance: 2946 ms
tile size (x, y): (1, 64) with performance: 2917 ms
tile size (x, y): (1, 128) with performance: 2905 ms
tile size (x, y): (1, 256) with performance: 2898 ms
Coordinate search took 117119759 microseconds to converge.
Coordinate Descent result: (1, 256) with performance: 2898 ms
1 1 4479
1 2 3692
1 4 3296
1 8 3100
1 16 2998
1 32 2947
1 64 2919
1 128 2905
1 256 2899
1 512 2899
2 1 4218
2 2 3554
2 4 3226
2 8 3069
2 16 2982
2 32 2938
2 64 2913
2 128 2902
2 256 2899
2 512 2902
4 1 4085
4 2 3495
4 4 3194
4 8 3050
4 16 2969
4 32 2929
4 64 2914
4 128 2901
4 256 2900
4 512 2903
8 1 4035
8 2 3463
8 4 3173
8 8 3039
8 16 2964
8 32 2926
8 64 2911
8 128 2900
8 256 2899
8 512 2900
16 1 3998
16 2 3431
16 4 3160
16 8 3038
16 16 2964
16 32 2925
16 64 2911
16 128 2899
16 256 2899
16 512 2900
32 1 4778
32 2 3982
32 4 3217
32 8 3083
32 16 2999
32 32 2958
32 64 2936
32 128 2918
32 256 2924
32 512 2922
64 1 5105
64 2 4554
64 4 3876
64 8 3770
64 16 3709
64 32 3680
64 64 3636
64 128 3600
64 256 3271
64 512 2913
128 1 5131
128 2 4559
128 4 3864
128 8 3767
128 16 3715
128 32 3676
128 64 3640
128 128 3616
128 256 3268
128 512 2890
256 1 5176
256 2 4577
256 4 3876
256 8 3767
256 16 3727
256 32 3687
256 64 3638
256 128 3602
256 256 3172
256 512 2888
512 1 5228
512 2 4579
512 4 3883
512 8 3783
512 16 3723
512 32 3677
512 64 3644
512 128 3609
512 256 2974
512 512 2882
Exhaustive search took 342511663 microseconds to converge.
Exhaustive Search result: (512, 512) with performance: 2882 ms
