Starting position: (1, 1) with performance: 465 ms
tile size (x, y): (1, 2) with performance: 328 ms
tile size (x, y): (1, 4) with performance: 137 ms
tile size (x, y): (1, 8) with performance: 94 ms
tile size (x, y): (1, 16) with performance: 75 ms
tile size (x, y): (2, 16) with performance: 63 ms
tile size (x, y): (2, 32) with performance: 60 ms
tile size (x, y): (2, 64) with performance: 59 ms
Coordinate search took 6900115 microseconds to converge.
Coordinate Descent result: (2, 64) with performance: 59 ms
1 1 461
1 2 328
1 4 137
1 8 94
1 16 76
1 32 66
1 64 61
1 128 61
1 256 63
1 512 64
2 1 351
2 2 299
2 4 112
2 8 77
2 16 65
2 32 60
2 64 59
2 128 63
2 256 65
2 512 66
4 1 308
4 2 271
4 4 90
4 8 70
4 16 63
4 32 62
4 64 62
4 128 65
4 256 65
4 512 67
8 1 285
8 2 260
8 4 81
8 8 69
8 16 64
8 32 63
8 64 65
8 128 66
8 256 64
8 512 67
16 1 271
16 2 256
16 4 78
16 8 65
16 16 63
16 32 62
16 64 63
16 128 67
16 256 65
16 512 74
32 1 443
32 2 568
32 4 262
32 8 172
32 16 105
32 32 64
32 64 65
32 128 69
32 256 74
32 512 77
64 1 461
64 2 511
64 4 297
64 8 194
64 16 143
64 32 99
64 64 101
64 128 98
64 256 100
64 512 102
128 1 467
128 2 430
128 4 302
128 8 205
128 16 147
128 32 109
128 64 104
128 128 102
128 256 100
128 512 102
256 1 428
256 2 289
256 4 278
256 8 209
256 16 152
256 32 114
256 64 104
256 128 93
256 256 84
256 512 89
512 1 448
512 2 310
512 4 257
512 8 206
512 16 153
512 32 118
512 64 111
512 128 91
512 256 80
512 512 82
Exhaustive search took 15721471 microseconds to converge.
Exhaustive Search result: (2, 64) with performance: 59 ms
