
Coordinate Descent:
Starting position: 1 with performance: 17812 ms
Tile size: 4 with performance: 17218 ms
Tile size: 4 with performance: 16941 ms
Tile size: 8 with performance: 16906 ms
Tile size: 16 with performance: 16690 ms
Tile size: 32 with performance: 16630 ms
coordinate search took 358691 microseconds to converge.
Converged to: 32 with performance: 16630 ms

Exhaustive search:
1 17817
2 17236
4 16971
8 16893
16 16685
32 16644
64 16835
128 16763
256 16849
512 16621
coordinate search took 169325 microseconds to converge.
Converged to: 512 with performance: 16621 ms
