----------------------------------------------------------------------
------------------------------  [ Search ]
----------------------------------------------------------------------
Generate Sketches		#s: 3
Sample Initial Population	#s: 2005	fail_ct: 3	Time elapsed: 2.72
GA Iter: 0	Max score: 0.9997	Min score: 0.9420	#Pop: 128	#M+: 0	#M-: 0
GA Iter: 4	Max score: 0.9997	Min score: 0.9875	#Pop: 128	#M+: 1379	#M-: 73
EvolutionarySearch		#s: 128	Time elapsed: 12.01
----------------------------------------------------------------------
------------------------------  [ Measure ]
----------------------------------------------------------------------
----------------------------------------------------------------------
------------------------------  [ Train cost model ]
----------------------------------------------------------------------
Time elapsed for training: 0.21 s
----------------------------------------------------------------------
------------------------------  [ Search ]
----------------------------------------------------------------------
Sample Initial Population	#s: 2013	fail_ct: 3	Time elapsed: 2.83
GA Iter: 0	Max score: 0.9996	Min score: 0.9472	#Pop: 128	#M+: 0	#M-: 0
GA Iter: 4	Max score: 1.0000	Min score: 0.9893	#Pop: 128	#M+: 1367	#M-: 76
EvolutionarySearch		#s: 128	Time elapsed: 12.23
----------------------------------------------------------------------
------------------------------  [ Measure ]
----------------------------------------------------------------------
----------------------------------------------------------------------
------------------------------  [ Train cost model ]
----------------------------------------------------------------------
Time elapsed for training: 0.17 s
----------------------------------------------------------------------
------------------------------  [ Search ]
----------------------------------------------------------------------
Sample Initial Population	#s: 2004	fail_ct: 4	Time elapsed: 2.90
GA Iter: 0	Max score: 0.9031	Min score: 0.5767	#Pop: 128	#M+: 0	#M-: 0
GA Iter: 4	Max score: 0.9611	Min score: 0.7857	#Pop: 128	#M+: 1380	#M-: 76
EvolutionarySearch		#s: 128	Time elapsed: 12.88
----------------------------------------------------------------------
------------------------------  [ Measure ]
----------------------------------------------------------------------
----------------------------------------------------------------------
------------------------------  [ Train cost model ]
----------------------------------------------------------------------
Time elapsed for training: 0.24 s
----------------------------------------------------------------------
------------------------------  [ Search ]
----------------------------------------------------------------------
Sample Initial Population	#s: 2001	fail_ct: 2	Time elapsed: 2.94
GA Iter: 0	Max score: 0.9637	Min score: 0.5424	#Pop: 128	#M+: 0	#M-: 0
GA Iter: 4	Max score: 0.9637	Min score: 0.8383	#Pop: 128	#M+: 1393	#M-: 78
EvolutionarySearch		#s: 128	Time elapsed: 13.82
----------------------------------------------------------------------
------------------------------  [ Measure ]
----------------------------------------------------------------------
----------------------------------------------------------------------
------------------------------  [ Train cost model ]
----------------------------------------------------------------------
Time elapsed for training: 0.31 s
----------------------------------------------------------------------
------------------------------  [ Search ]
----------------------------------------------------------------------
Sample Initial Population	#s: 2003	fail_ct: 2	Time elapsed: 2.84
GA Iter: 0	Max score: 0.7722	Min score: 0.5023	#Pop: 128	#M+: 0	#M-: 0
GA Iter: 4	Max score: 0.9609	Min score: 0.7657	#Pop: 128	#M+: 1387	#M-: 76
EvolutionarySearch		#s: 128	Time elapsed: 13.74
----------------------------------------------------------------------
------------------------------  [ Measure ]
----------------------------------------------------------------------
----------------------------------------------------------------------
------------------------------  [ Train cost model ]
----------------------------------------------------------------------
Time elapsed for training: 0.24 s
----------------------------------------------------------------------
------------------------------  [ Search ]
----------------------------------------------------------------------
Sample Initial Population	#s: 2017	fail_ct: 2	Time elapsed: 2.91
GA Iter: 0	Max score: 0.8308	Min score: 0.5065	#Pop: 128	#M+: 0	#M-: 0
GA Iter: 4	Max score: 1.0038	Min score: 0.8153	#Pop: 128	#M+: 1385	#M-: 75
EvolutionarySearch		#s: 128	Time elapsed: 14.40
----------------------------------------------------------------------
------------------------------  [ Measure ]
----------------------------------------------------------------------
----------------------------------------------------------------------
------------------------------  [ Train cost model ]
----------------------------------------------------------------------
Time elapsed for training: 0.24 s
----------------------------------------------------------------------
------------------------------  [ Search ]
----------------------------------------------------------------------
Sample Initial Population	#s: 2023	fail_ct: 1	Time elapsed: 2.93
GA Iter: 0	Max score: 0.7454	Min score: 0.5012	#Pop: 128	#M+: 0	#M-: 0
GA Iter: 4	Max score: 0.9423	Min score: 0.8009	#Pop: 128	#M+: 1385	#M-: 74
EvolutionarySearch		#s: 128	Time elapsed: 14.83
----------------------------------------------------------------------
------------------------------  [ Measure ]
----------------------------------------------------------------------
----------------------------------------------------------------------
------------------------------  [ Train cost model ]
----------------------------------------------------------------------
Time elapsed for training: 0.25 s
----------------------------------------------------------------------
------------------------------  [ Search ]
----------------------------------------------------------------------
Sample Initial Population	#s: 2015	fail_ct: 2	Time elapsed: 2.89
GA Iter: 0	Max score: 0.8353	Min score: 0.5305	#Pop: 128	#M+: 0	#M-: 0
GA Iter: 4	Max score: 0.9548	Min score: 0.8087	#Pop: 128	#M+: 1388	#M-: 71
EvolutionarySearch		#s: 128	Time elapsed: 15.04
----------------------------------------------------------------------
------------------------------  [ Measure ]
----------------------------------------------------------------------
----------------------------------------------------------------------
------------------------------  [ Train cost model ]
----------------------------------------------------------------------
Time elapsed for training: 0.26 s
----------------------------------------------------------------------
------------------------------  [ Search ]
----------------------------------------------------------------------
Sample Initial Population	#s: 2018	fail_ct: 1	Time elapsed: 2.89
GA Iter: 0	Max score: 0.8435	Min score: 0.5143	#Pop: 128	#M+: 0	#M-: 0
GA Iter: 4	Max score: 0.9529	Min score: 0.7981	#Pop: 128	#M+: 1379	#M-: 72
EvolutionarySearch		#s: 128	Time elapsed: 15.18
----------------------------------------------------------------------
------------------------------  [ Measure ]
----------------------------------------------------------------------
----------------------------------------------------------------------
------------------------------  [ Train cost model ]
----------------------------------------------------------------------
Time elapsed for training: 0.23 s
----------------------------------------------------------------------
------------------------------  [ Search ]
----------------------------------------------------------------------
Sample Initial Population	#s: 2006	fail_ct: 0	Time elapsed: 2.91
GA Iter: 0	Max score: 0.7716	Min score: 0.5247	#Pop: 128	#M+: 0	#M-: 0
GA Iter: 4	Max score: 0.9336	Min score: 0.7853	#Pop: 128	#M+: 1383	#M-: 68
EvolutionarySearch		#s: 128	Time elapsed: 15.23
----------------------------------------------------------------------
------------------------------  [ Measure ]
----------------------------------------------------------------------
----------------------------------------------------------------------
------------------------------  [ Train cost model ]
----------------------------------------------------------------------
Time elapsed for training: 0.27 s
----------------------------------------------------------------------
------------------------------  [ Search ]
----------------------------------------------------------------------
Sample Initial Population	#s: 2019	fail_ct: 2	Time elapsed: 2.91
GA Iter: 0	Max score: 0.7983	Min score: 0.5050	#Pop: 128	#M+: 0	#M-: 0
GA Iter: 4	Max score: 0.9150	Min score: 0.7920	#Pop: 128	#M+: 1377	#M-: 71
EvolutionarySearch		#s: 128	Time elapsed: 15.29
----------------------------------------------------------------------
------------------------------  [ Measure ]
----------------------------------------------------------------------
----------------------------------------------------------------------
------------------------------  [ Train cost model ]
----------------------------------------------------------------------
Time elapsed for training: 0.27 s
----------------------------------------------------------------------
------------------------------  [ Search ]
----------------------------------------------------------------------
Sample Initial Population	#s: 2011	fail_ct: 2	Time elapsed: 2.86
GA Iter: 0	Max score: 0.8263	Min score: 0.5019	#Pop: 128	#M+: 0	#M-: 0
GA Iter: 4	Max score: 0.8964	Min score: 0.7943	#Pop: 128	#M+: 1378	#M-: 79
EvolutionarySearch		#s: 128	Time elapsed: 15.39
----------------------------------------------------------------------
------------------------------  [ Measure ]
----------------------------------------------------------------------
----------------------------------------------------------------------
------------------------------  [ Train cost model ]
----------------------------------------------------------------------
Time elapsed for training: 0.24 s
----------------------------------------------------------------------
------------------------------  [ Search ]
----------------------------------------------------------------------
Sample Initial Population	#s: 1998	fail_ct: 3	Time elapsed: 2.88
GA Iter: 0	Max score: 0.8201	Min score: 0.5018	#Pop: 128	#M+: 0	#M-: 0
GA Iter: 4	Max score: 0.9026	Min score: 0.8027	#Pop: 128	#M+: 1371	#M-: 72
EvolutionarySearch		#s: 128	Time elapsed: 15.48
----------------------------------------------------------------------
------------------------------  [ Measure ]
----------------------------------------------------------------------
----------------------------------------------------------------------
------------------------------  [ Train cost model ]
----------------------------------------------------------------------
Time elapsed for training: 0.23 s
----------------------------------------------------------------------
------------------------------  [ Search ]
----------------------------------------------------------------------
Sample Initial Population	#s: 2016	fail_ct: 2	Time elapsed: 2.89
GA Iter: 0	Max score: 0.8646	Min score: 0.5180	#Pop: 128	#M+: 0	#M-: 0
GA Iter: 4	Max score: 0.9225	Min score: 0.8094	#Pop: 128	#M+: 1378	#M-: 74
EvolutionarySearch		#s: 128	Time elapsed: 15.55
----------------------------------------------------------------------
------------------------------  [ Measure ]
----------------------------------------------------------------------
----------------------------------------------------------------------
------------------------------  [ Train cost model ]
----------------------------------------------------------------------
Time elapsed for training: 0.25 s
----------------------------------------------------------------------
------------------------------  [ Search ]
----------------------------------------------------------------------
Sample Initial Population	#s: 2015	fail_ct: 0	Time elapsed: 2.93
GA Iter: 0	Max score: 0.8776	Min score: 0.5226	#Pop: 128	#M+: 0	#M-: 0
GA Iter: 4	Max score: 0.9526	Min score: 0.8231	#Pop: 128	#M+: 1391	#M-: 67
EvolutionarySearch		#s: 128	Time elapsed: 15.67
----------------------------------------------------------------------
------------------------------  [ Measure ]
----------------------------------------------------------------------
----------------------------------------------------------------------
------------------------------  [ Train cost model ]
----------------------------------------------------------------------
Time elapsed for training: 0.23 s
----------------------------------------------------------------------
------------------------------  [ Search ]
----------------------------------------------------------------------
Sample Initial Population	#s: 2021	fail_ct: 1	Time elapsed: 2.90
GA Iter: 0	Max score: 0.8724	Min score: 0.5064	#Pop: 128	#M+: 0	#M-: 0
GA Iter: 4	Max score: 0.9066	Min score: 0.8085	#Pop: 128	#M+: 1369	#M-: 77
EvolutionarySearch		#s: 128	Time elapsed: 15.66
----------------------------------------------------------------------
------------------------------  [ Measure ]
----------------------------------------------------------------------
----------------------------------------------------------------------
------------------------------  [ Done ]
----------------------------------------------------------------------
Best time (ms): 0.0008973827
Best std  (ms): 0.0000018634
Tuning Time (min): 18.58
