1 1 5106
1 2 3577
1 4 3233
1 8 2997
1 16 2850
1 32 2804
1 64 2753
1 128 2740
1 256 2728
1 512 2726
2 1 2623
2 2 1982
2 4 1732
2 8 1574
2 16 1476
2 32 1454
2 64 1437
2 128 1407
2 256 1419
2 512 1419
4 1 1573
4 2 1275
4 4 1075
4 8 983
4 16 935
4 32 931
4 64 900
4 128 894
4 256 891
4 512 891
8 1 872
8 2 749
8 4 643
8 8 602
8 16 567
8 32 532
8 64 541
8 128 539
8 256 515
8 512 535
16 1 651
16 2 517
16 4 466
16 8 402
16 16 401
16 32 370
16 64 366
16 128 380
16 256 361
16 512 377
32 1 502
32 2 420
32 4 353
32 8 355
32 16 327
32 32 324
32 64 339
32 128 319
32 256 339
32 512 318
64 1 483
64 2 406
64 4 384
64 8 393
64 16 374
64 32 390
64 64 370
64 128 391
64 256 370
64 512 390
128 1 367
128 2 360
128 4 372
128 8 351
128 16 370
128 32 349
128 64 370
128 128 349
128 256 351
128 512 367
256 1 314
256 2 338
256 4 318
256 8 319
256 16 339
256 32 318
256 64 320
256 128 337
256 256 319
256 512 338
512 1 234
512 2 233
512 4 234
512 8 249
512 16 231
512 32 230
512 64 250
512 128 231
512 256 231
512 512 232
Converged to: (512, 32) with performance: 230ms
