Wed Oct 30 09:52:57 PM EDT 2024
WARNING:root:Could not find any valid schedule for task Task(func_name=cholesky, args=(1000, 'float32'), kwargs={}, workload=('cholesky', 1000, 'float32')). A file containing the errors has been written to /tmp/tvm_tuning_errors_n_qqxi52.log.
[T.iter_var(i, T.Range(0, 1000), "DataPar", ""), T.iter_var(j, T.Range(0, 1000), "DataPar", "")]
[T.iter_var(i, T.Range(0, 1000), "DataPar", ""), T.iter_var(j, T.Range(0, 1000), "DataPar", "")]
[T.iter_var(i, T.Range(0, 1000), "DataPar", ""), T.iter_var(j, T.Range(0, 1000), "DataPar", "")]
[T.iter_var(i, T.Range(0, 1000), "DataPar", ""), T.iter_var(j, T.Range(0, 1000), "DataPar", "")]
[T.iter_var(i, T.Range(0, 1000), "DataPar", ""), T.iter_var(j, T.Range(0, 1000), "DataPar", "")]
[T.iter_var(i, T.Range(0, 1000), "DataPar", ""), T.iter_var(j, T.Range(0, 1000), "DataPar", "")]
[T.iter_var(i, T.Range(0, 1000), "DataPar", ""), T.iter_var(j, T.Range(0, 1000), "DataPar", "")]
[T.iter_var(i, T.Range(0, 1000), "DataPar", ""), T.iter_var(j, T.Range(0, 1000), "DataPar", "")]
[T.iter_var(i, T.Range(0, 1000), "DataPar", ""), T.iter_var(j, T.Range(0, 1000), "DataPar", "")]
[T.iter_var(i, T.Range(0, 1000), "DataPar", ""), T.iter_var(j, T.Range(0, 1000), "DataPar", "")]
[T.iter_var(i, T.Range(0, 1000), "DataPar", ""), T.iter_var(j, T.Range(0, 1000), "DataPar", "")]
[T.iter_var(i, T.Range(0, 1000), "DataPar", ""), T.iter_var(j, T.Range(0, 1000), "DataPar", "")]
[T.iter_var(i, T.Range(0, 1000), "DataPar", ""), T.iter_var(j, T.Range(0, 1000), "DataPar", "")]
[T.iter_var(i, T.Range(0, 1000), "DataPar", ""), T.iter_var(j, T.Range(0, 1000), "DataPar", "")]
[T.iter_var(i, T.Range(0, 1000), "DataPar", ""), T.iter_var(j, T.Range(0, 1000), "DataPar", "")]
[T.iter_var(i, T.Range(0, 1000), "DataPar", ""), T.iter_var(j, T.Range(0, 1000), "DataPar", "")]
[T.iter_var(i, T.Range(0, 1000), "DataPar", ""), T.iter_var(j, T.Range(0, 1000), "DataPar", "")]
[T.iter_var(i, T.Range(0, 1000), "DataPar", ""), T.iter_var(j, T.Range(0, 1000), "DataPar", "")]
[T.iter_var(i, T.Range(0, 1000), "DataPar", ""), T.iter_var(j, T.Range(0, 1000), "DataPar", "")]
[T.iter_var(i, T.Range(0, 1000), "DataPar", ""), T.iter_var(j, T.Range(0, 1000), "DataPar", "")]
[T.iter_var(i, T.Range(0, 1000), "DataPar", ""), T.iter_var(j, T.Range(0, 1000), "DataPar", "")]
[T.iter_var(i, T.Range(0, 1000), "DataPar", ""), T.iter_var(j, T.Range(0, 1000), "DataPar", "")]
[T.iter_var(i, T.Range(0, 1000), "DataPar", ""), T.iter_var(j, T.Range(0, 1000), "DataPar", "")]
[T.iter_var(i, T.Range(0, 1000), "DataPar", ""), T.iter_var(j, T.Range(0, 1000), "DataPar", "")]
[T.iter_var(i, T.Range(0, 1000), "DataPar", ""), T.iter_var(j, T.Range(0, 1000), "DataPar", "")]
[T.iter_var(i, T.Range(0, 1000), "DataPar", ""), T.iter_var(j, T.Range(0, 1000), "DataPar", "")]
[T.iter_var(i, T.Range(0, 1000), "DataPar", ""), T.iter_var(j, T.Range(0, 1000), "DataPar", "")]
[T.iter_var(i, T.Range(0, 1000), "DataPar", ""), T.iter_var(j, T.Range(0, 1000), "DataPar", "")]
[T.iter_var(i, T.Range(0, 1000), "DataPar", ""), T.iter_var(j, T.Range(0, 1000), "DataPar", "")]
[T.iter_var(i, T.Range(0, 1000), "DataPar", ""), T.iter_var(j, T.Range(0, 1000), "DataPar", "")]
[T.iter_var(i, T.Range(0, 1000), "DataPar", ""), T.iter_var(j, T.Range(0, 1000), "DataPar", "")]
[T.iter_var(i, T.Range(0, 1000), "DataPar", ""), T.iter_var(j, T.Range(0, 1000), "DataPar", "")]
[T.iter_var(i, T.Range(0, 1000), "DataPar", ""), T.iter_var(j, T.Range(0, 1000), "DataPar", "")]
[T.iter_var(i, T.Range(0, 1000), "DataPar", ""), T.iter_var(j, T.Range(0, 1000), "DataPar", "")]
[T.iter_var(i, T.Range(0, 1000), "DataPar", ""), T.iter_var(j, T.Range(0, 1000), "DataPar", "")]
[T.iter_var(i, T.Range(0, 1000), "DataPar", ""), T.iter_var(j, T.Range(0, 1000), "DataPar", "")]
[T.iter_var(i, T.Range(0, 1000), "DataPar", ""), T.iter_var(j, T.Range(0, 1000), "DataPar", "")]
[T.iter_var(i, T.Range(0, 1000), "DataPar", ""), T.iter_var(j, T.Range(0, 1000), "DataPar", "")]
[T.iter_var(i, T.Range(0, 1000), "DataPar", ""), T.iter_var(j, T.Range(0, 1000), "DataPar", "")]
[T.iter_var(i, T.Range(0, 1000), "DataPar", ""), T.iter_var(j, T.Range(0, 1000), "DataPar", "")]
[T.iter_var(i, T.Range(0, 1000), "DataPar", ""), T.iter_var(j, T.Range(0, 1000), "DataPar", "")]
[T.iter_var(i, T.Range(0, 1000), "DataPar", ""), T.iter_var(j, T.Range(0, 1000), "DataPar", "")]
[T.iter_var(i, T.Range(0, 1000), "DataPar", ""), T.iter_var(j, T.Range(0, 1000), "DataPar", "")]
[T.iter_var(i, T.Range(0, 1000), "DataPar", ""), T.iter_var(j, T.Range(0, 1000), "DataPar", "")]
[T.iter_var(i, T.Range(0, 1000), "DataPar", ""), T.iter_var(j, T.Range(0, 1000), "DataPar", "")]
[T.iter_var(i, T.Range(0, 1000), "DataPar", ""), T.iter_var(j, T.Range(0, 1000), "DataPar", "")]
[T.iter_var(i, T.Range(0, 1000), "DataPar", ""), T.iter_var(j, T.Range(0, 1000), "DataPar", "")]
[T.iter_var(i, T.Range(0, 1000), "DataPar", ""), T.iter_var(j, T.Range(0, 1000), "DataPar", "")]
[T.iter_var(i, T.Range(0, 1000), "DataPar", ""), T.iter_var(j, T.Range(0, 1000), "DataPar", "")]
[T.iter_var(i, T.Range(0, 1000), "DataPar", ""), T.iter_var(j, T.Range(0, 1000), "DataPar", "")]
[T.iter_var(i, T.Range(0, 1000), "DataPar", ""), T.iter_var(j, T.Range(0, 1000), "DataPar", "")]
[T.iter_var(i, T.Range(0, 1000), "DataPar", ""), T.iter_var(j, T.Range(0, 1000), "DataPar", "")]
[T.iter_var(i, T.Range(0, 1000), "DataPar", ""), T.iter_var(j, T.Range(0, 1000), "DataPar", "")]
[T.iter_var(i, T.Range(0, 1000), "DataPar", ""), T.iter_var(j, T.Range(0, 1000), "DataPar", "")]
[T.iter_var(i, T.Range(0, 1000), "DataPar", ""), T.iter_var(j, T.Range(0, 1000), "DataPar", "")]
[T.iter_var(i, T.Range(0, 1000), "DataPar", ""), T.iter_var(j, T.Range(0, 1000), "DataPar", "")]
[T.iter_var(i, T.Range(0, 1000), "DataPar", ""), T.iter_var(j, T.Range(0, 1000), "DataPar", "")]
[T.iter_var(i, T.Range(0, 1000), "DataPar", ""), T.iter_var(j, T.Range(0, 1000), "DataPar", "")]
[T.iter_var(i, T.Range(0, 1000), "DataPar", ""), T.iter_var(j, T.Range(0, 1000), "DataPar", "")]
[T.iter_var(i, T.Range(0, 1000), "DataPar", ""), T.iter_var(j, T.Range(0, 1000), "DataPar", "")]
[T.iter_var(i, T.Range(0, 1000), "DataPar", ""), T.iter_var(j, T.Range(0, 1000), "DataPar", "")]
[T.iter_var(i, T.Range(0, 1000), "DataPar", ""), T.iter_var(j, T.Range(0, 1000), "DataPar", "")]
[T.iter_var(i, T.Range(0, 1000), "DataPar", ""), T.iter_var(j, T.Range(0, 1000), "DataPar", "")]
[T.iter_var(i, T.Range(0, 1000), "DataPar", ""), T.iter_var(j, T.Range(0, 1000), "DataPar", "")]
[T.iter_var(i, T.Range(0, 1000), "DataPar", ""), T.iter_var(j, T.Range(0, 1000), "DataPar", "")]
[T.iter_var(i, T.Range(0, 1000), "DataPar", ""), T.iter_var(j, T.Range(0, 1000), "DataPar", "")]
[T.iter_var(i, T.Range(0, 1000), "DataPar", ""), T.iter_var(j, T.Range(0, 1000), "DataPar", "")]
[T.iter_var(i, T.Range(0, 1000), "DataPar", ""), T.iter_var(j, T.Range(0, 1000), "DataPar", "")]
[T.iter_var(i, T.Range(0, 1000), "DataPar", ""), T.iter_var(j, T.Range(0, 1000), "DataPar", "")]
[T.iter_var(i, T.Range(0, 1000), "DataPar", ""), T.iter_var(j, T.Range(0, 1000), "DataPar", "")]
[T.iter_var(i, T.Range(0, 1000), "DataPar", ""), T.iter_var(j, T.Range(0, 1000), "DataPar", "")]
[T.iter_var(i, T.Range(0, 1000), "DataPar", ""), T.iter_var(j, T.Range(0, 1000), "DataPar", "")]
[T.iter_var(i, T.Range(0, 1000), "DataPar", ""), T.iter_var(j, T.Range(0, 1000), "DataPar", "")]
[T.iter_var(i, T.Range(0, 1000), "DataPar", ""), T.iter_var(j, T.Range(0, 1000), "DataPar", "")]
[T.iter_var(i, T.Range(0, 1000), "DataPar", ""), T.iter_var(j, T.Range(0, 1000), "DataPar", "")]
[T.iter_var(i, T.Range(0, 1000), "DataPar", ""), T.iter_var(j, T.Range(0, 1000), "DataPar", "")]
[T.iter_var(i, T.Range(0, 1000), "DataPar", ""), T.iter_var(j, T.Range(0, 1000), "DataPar", "")]
[T.iter_var(i, T.Range(0, 1000), "DataPar", ""), T.iter_var(j, T.Range(0, 1000), "DataPar", "")]
[T.iter_var(i, T.Range(0, 1000), "DataPar", ""), T.iter_var(j, T.Range(0, 1000), "DataPar", "")]
[T.iter_var(i, T.Range(0, 1000), "DataPar", ""), T.iter_var(j, T.Range(0, 1000), "DataPar", "")]
[T.iter_var(i, T.Range(0, 1000), "DataPar", ""), T.iter_var(j, T.Range(0, 1000), "DataPar", "")]
[T.iter_var(i, T.Range(0, 1000), "DataPar", ""), T.iter_var(j, T.Range(0, 1000), "DataPar", "")]
[T.iter_var(i, T.Range(0, 1000), "DataPar", ""), T.iter_var(j, T.Range(0, 1000), "DataPar", "")]
[T.iter_var(i, T.Range(0, 1000), "DataPar", ""), T.iter_var(j, T.Range(0, 1000), "DataPar", "")]
[T.iter_var(i, T.Range(0, 1000), "DataPar", ""), T.iter_var(j, T.Range(0, 1000), "DataPar", "")]
[T.iter_var(i, T.Range(0, 1000), "DataPar", ""), T.iter_var(j, T.Range(0, 1000), "DataPar", "")]
[T.iter_var(i, T.Range(0, 1000), "DataPar", ""), T.iter_var(j, T.Range(0, 1000), "DataPar", "")]
[T.iter_var(i, T.Range(0, 1000), "DataPar", ""), T.iter_var(j, T.Range(0, 1000), "DataPar", "")]
[T.iter_var(i, T.Range(0, 1000), "DataPar", ""), T.iter_var(j, T.Range(0, 1000), "DataPar", "")]
[T.iter_var(i, T.Range(0, 1000), "DataPar", ""), T.iter_var(j, T.Range(0, 1000), "DataPar", "")]
[T.iter_var(i, T.Range(0, 1000), "DataPar", ""), T.iter_var(j, T.Range(0, 1000), "DataPar", "")]
[T.iter_var(i, T.Range(0, 1000), "DataPar", ""), T.iter_var(j, T.Range(0, 1000), "DataPar", "")]
[T.iter_var(i, T.Range(0, 1000), "DataPar", ""), T.iter_var(j, T.Range(0, 1000), "DataPar", "")]
[T.iter_var(i, T.Range(0, 1000), "DataPar", ""), T.iter_var(j, T.Range(0, 1000), "DataPar", "")]
[T.iter_var(i, T.Range(0, 1000), "DataPar", ""), T.iter_var(j, T.Range(0, 1000), "DataPar", "")]
[T.iter_var(i, T.Range(0, 1000), "DataPar", ""), T.iter_var(j, T.Range(0, 1000), "DataPar", "")]
[T.iter_var(i, T.Range(0, 1000), "DataPar", ""), T.iter_var(j, T.Range(0, 1000), "DataPar", "")]
[T.iter_var(i, T.Range(0, 1000), "DataPar", ""), T.iter_var(j, T.Range(0, 1000), "DataPar", "")]
[T.iter_var(i, T.Range(0, 1000), "DataPar", ""), T.iter_var(j, T.Range(0, 1000), "DataPar", "")]
[T.iter_var(i, T.Range(0, 1000), "DataPar", ""), T.iter_var(j, T.Range(0, 1000), "DataPar", "")]
[T.iter_var(i, T.Range(0, 1000), "DataPar", ""), T.iter_var(j, T.Range(0, 1000), "DataPar", "")]
Best time (s): 9999.0000000000
Best std  (s): 0.0000000000
Tuning Time (min): 0.22
Wed Oct 30 09:53:11 PM EDT 2024
completed