Wed Oct 30 09:01:06 PM EDT 2024
WARNING:root:Could not find any valid schedule for task Task(func_name=gemm_layernorm, args=(1000, 1000, 1000, 'float32'), kwargs={}, workload=('gemm_layernorm', 1000, 1000, 1000, 'float32')). A file containing the errors has been written to /tmp/tvm_tuning_errors_ltgyd43q.log.
[T.iter_var(i, T.Range(0, 1000), "DataPar", ""), T.iter_var(j, T.Range(0, 1000), "DataPar", "")]
[T.iter_var(i, T.Range(0, 1000), "DataPar", ""), T.iter_var(j, T.Range(0, 1000), "DataPar", "")]
[T.iter_var(i, T.Range(0, 1000), "DataPar", ""), T.iter_var(j, T.Range(0, 1000), "DataPar", "")]
[T.iter_var(i, T.Range(0, 1000), "DataPar", ""), T.iter_var(j, T.Range(0, 1000), "DataPar", "")]
[T.iter_var(i, T.Range(0, 1000), "DataPar", ""), T.iter_var(j, T.Range(0, 1000), "DataPar", "")]
[T.iter_var(i, T.Range(0, 1000), "DataPar", ""), T.iter_var(j, T.Range(0, 1000), "DataPar", "")]
[T.iter_var(i, T.Range(0, 1000), "DataPar", ""), T.iter_var(j, T.Range(0, 1000), "DataPar", "")]
[T.iter_var(i, T.Range(0, 1000), "DataPar", ""), T.iter_var(j, T.Range(0, 1000), "DataPar", "")]
[T.iter_var(i, T.Range(0, 1000), "DataPar", ""), T.iter_var(j, T.Range(0, 1000), "DataPar", "")]
[T.iter_var(i, T.Range(0, 1000), "DataPar", ""), T.iter_var(j, T.Range(0, 1000), "DataPar", "")]
[T.iter_var(i, T.Range(0, 1000), "DataPar", ""), T.iter_var(j, T.Range(0, 1000), "DataPar", "")]
[T.iter_var(i, T.Range(0, 1000), "DataPar", ""), T.iter_var(j, T.Range(0, 1000), "DataPar", "")]
[T.iter_var(i, T.Range(0, 1000), "DataPar", ""), T.iter_var(j, T.Range(0, 1000), "DataPar", "")]
[T.iter_var(i, T.Range(0, 1000), "DataPar", ""), T.iter_var(j, T.Range(0, 1000), "DataPar", "")]
[T.iter_var(i, T.Range(0, 1000), "DataPar", ""), T.iter_var(j, T.Range(0, 1000), "DataPar", "")]
[T.iter_var(i, T.Range(0, 1000), "DataPar", ""), T.iter_var(j, T.Range(0, 1000), "DataPar", "")]
[T.iter_var(i, T.Range(0, 1000), "DataPar", ""), T.iter_var(j, T.Range(0, 1000), "DataPar", "")]
[T.iter_var(i, T.Range(0, 1000), "DataPar", ""), T.iter_var(j, T.Range(0, 1000), "DataPar", "")]
[T.iter_var(i, T.Range(0, 1000), "DataPar", ""), T.iter_var(j, T.Range(0, 1000), "DataPar", "")]
[T.iter_var(i, T.Range(0, 1000), "DataPar", ""), T.iter_var(j, T.Range(0, 1000), "DataPar", "")]
[T.iter_var(i, T.Range(0, 1000), "DataPar", ""), T.iter_var(j, T.Range(0, 1000), "DataPar", "")]
[T.iter_var(i, T.Range(0, 1000), "DataPar", ""), T.iter_var(j, T.Range(0, 1000), "DataPar", "")]
[T.iter_var(i, T.Range(0, 1000), "DataPar", ""), T.iter_var(j, T.Range(0, 1000), "DataPar", "")]
[T.iter_var(i, T.Range(0, 1000), "DataPar", ""), T.iter_var(j, T.Range(0, 1000), "DataPar", "")]
[T.iter_var(i, T.Range(0, 1000), "DataPar", ""), T.iter_var(j, T.Range(0, 1000), "DataPar", "")]
[T.iter_var(i, T.Range(0, 1000), "DataPar", ""), T.iter_var(j, T.Range(0, 1000), "DataPar", "")]
[T.iter_var(i, T.Range(0, 1000), "DataPar", ""), T.iter_var(j, T.Range(0, 1000), "DataPar", "")]
[T.iter_var(i, T.Range(0, 1000), "DataPar", ""), T.iter_var(j, T.Range(0, 1000), "DataPar", "")]
[T.iter_var(i, T.Range(0, 1000), "DataPar", ""), T.iter_var(j, T.Range(0, 1000), "DataPar", "")]
[T.iter_var(i, T.Range(0, 1000), "DataPar", ""), T.iter_var(j, T.Range(0, 1000), "DataPar", "")]
[T.iter_var(i, T.Range(0, 1000), "DataPar", ""), T.iter_var(j, T.Range(0, 1000), "DataPar", "")]
[T.iter_var(i, T.Range(0, 1000), "DataPar", ""), T.iter_var(j, T.Range(0, 1000), "DataPar", "")]
[T.iter_var(i, T.Range(0, 1000), "DataPar", ""), T.iter_var(j, T.Range(0, 1000), "DataPar", "")]
[T.iter_var(i, T.Range(0, 1000), "DataPar", ""), T.iter_var(j, T.Range(0, 1000), "DataPar", "")]
[T.iter_var(i, T.Range(0, 1000), "DataPar", ""), T.iter_var(j, T.Range(0, 1000), "DataPar", "")]
[T.iter_var(i, T.Range(0, 1000), "DataPar", ""), T.iter_var(j, T.Range(0, 1000), "DataPar", "")]
[T.iter_var(i, T.Range(0, 1000), "DataPar", ""), T.iter_var(j, T.Range(0, 1000), "DataPar", "")]
[T.iter_var(i, T.Range(0, 1000), "DataPar", ""), T.iter_var(j, T.Range(0, 1000), "DataPar", "")]
[T.iter_var(i, T.Range(0, 1000), "DataPar", ""), T.iter_var(j, T.Range(0, 1000), "DataPar", "")]
[T.iter_var(i, T.Range(0, 1000), "DataPar", ""), T.iter_var(j, T.Range(0, 1000), "DataPar", "")]
[T.iter_var(i, T.Range(0, 1000), "DataPar", ""), T.iter_var(j, T.Range(0, 1000), "DataPar", "")]
[T.iter_var(i, T.Range(0, 1000), "DataPar", ""), T.iter_var(j, T.Range(0, 1000), "DataPar", "")]
[T.iter_var(i, T.Range(0, 1000), "DataPar", ""), T.iter_var(j, T.Range(0, 1000), "DataPar", "")]
[T.iter_var(i, T.Range(0, 1000), "DataPar", ""), T.iter_var(j, T.Range(0, 1000), "DataPar", "")]
[T.iter_var(i, T.Range(0, 1000), "DataPar", ""), T.iter_var(j, T.Range(0, 1000), "DataPar", "")]
[T.iter_var(i, T.Range(0, 1000), "DataPar", ""), T.iter_var(j, T.Range(0, 1000), "DataPar", "")]
[T.iter_var(i, T.Range(0, 1000), "DataPar", ""), T.iter_var(j, T.Range(0, 1000), "DataPar", "")]
[T.iter_var(i, T.Range(0, 1000), "DataPar", ""), T.iter_var(j, T.Range(0, 1000), "DataPar", "")]
[T.iter_var(i, T.Range(0, 1000), "DataPar", ""), T.iter_var(j, T.Range(0, 1000), "DataPar", "")]
[T.iter_var(i, T.Range(0, 1000), "DataPar", ""), T.iter_var(j, T.Range(0, 1000), "DataPar", "")]
[T.iter_var(i, T.Range(0, 1000), "DataPar", ""), T.iter_var(j, T.Range(0, 1000), "DataPar", "")]
[T.iter_var(i, T.Range(0, 1000), "DataPar", ""), T.iter_var(j, T.Range(0, 1000), "DataPar", "")]
[T.iter_var(i, T.Range(0, 1000), "DataPar", ""), T.iter_var(j, T.Range(0, 1000), "DataPar", "")]
[T.iter_var(i, T.Range(0, 1000), "DataPar", ""), T.iter_var(j, T.Range(0, 1000), "DataPar", "")]
[T.iter_var(i, T.Range(0, 1000), "DataPar", ""), T.iter_var(j, T.Range(0, 1000), "DataPar", "")]
[T.iter_var(i, T.Range(0, 1000), "DataPar", ""), T.iter_var(j, T.Range(0, 1000), "DataPar", "")]
[T.iter_var(i, T.Range(0, 1000), "DataPar", ""), T.iter_var(j, T.Range(0, 1000), "DataPar", "")]
[T.iter_var(i, T.Range(0, 1000), "DataPar", ""), T.iter_var(j, T.Range(0, 1000), "DataPar", "")]
[T.iter_var(i, T.Range(0, 1000), "DataPar", ""), T.iter_var(j, T.Range(0, 1000), "DataPar", "")]
[T.iter_var(i, T.Range(0, 1000), "DataPar", ""), T.iter_var(j, T.Range(0, 1000), "DataPar", "")]
[T.iter_var(i, T.Range(0, 1000), "DataPar", ""), T.iter_var(j, T.Range(0, 1000), "DataPar", "")]
[T.iter_var(i, T.Range(0, 1000), "DataPar", ""), T.iter_var(j, T.Range(0, 1000), "DataPar", "")]
[T.iter_var(i, T.Range(0, 1000), "DataPar", ""), T.iter_var(j, T.Range(0, 1000), "DataPar", "")]
[T.iter_var(i, T.Range(0, 1000), "DataPar", ""), T.iter_var(j, T.Range(0, 1000), "DataPar", "")]
[T.iter_var(i, T.Range(0, 1000), "DataPar", ""), T.iter_var(j, T.Range(0, 1000), "DataPar", "")]
[T.iter_var(i, T.Range(0, 1000), "DataPar", ""), T.iter_var(j, T.Range(0, 1000), "DataPar", "")]
[T.iter_var(i, T.Range(0, 1000), "DataPar", ""), T.iter_var(j, T.Range(0, 1000), "DataPar", "")]
[T.iter_var(i, T.Range(0, 1000), "DataPar", ""), T.iter_var(j, T.Range(0, 1000), "DataPar", "")]
[T.iter_var(i, T.Range(0, 1000), "DataPar", ""), T.iter_var(j, T.Range(0, 1000), "DataPar", "")]
[T.iter_var(i, T.Range(0, 1000), "DataPar", ""), T.iter_var(j, T.Range(0, 1000), "DataPar", "")]
[T.iter_var(i, T.Range(0, 1000), "DataPar", ""), T.iter_var(j, T.Range(0, 1000), "DataPar", "")]
[T.iter_var(i, T.Range(0, 1000), "DataPar", ""), T.iter_var(j, T.Range(0, 1000), "DataPar", "")]
[T.iter_var(i, T.Range(0, 1000), "DataPar", ""), T.iter_var(j, T.Range(0, 1000), "DataPar", "")]
[T.iter_var(i, T.Range(0, 1000), "DataPar", ""), T.iter_var(j, T.Range(0, 1000), "DataPar", "")]
[T.iter_var(i, T.Range(0, 1000), "DataPar", ""), T.iter_var(j, T.Range(0, 1000), "DataPar", "")]
[T.iter_var(i, T.Range(0, 1000), "DataPar", ""), T.iter_var(j, T.Range(0, 1000), "DataPar", "")]
[T.iter_var(i, T.Range(0, 1000), "DataPar", ""), T.iter_var(j, T.Range(0, 1000), "DataPar", "")]
[T.iter_var(i, T.Range(0, 1000), "DataPar", ""), T.iter_var(j, T.Range(0, 1000), "DataPar", "")]
[T.iter_var(i, T.Range(0, 1000), "DataPar", ""), T.iter_var(j, T.Range(0, 1000), "DataPar", "")]
[T.iter_var(i, T.Range(0, 1000), "DataPar", ""), T.iter_var(j, T.Range(0, 1000), "DataPar", "")]
[T.iter_var(i, T.Range(0, 1000), "DataPar", ""), T.iter_var(j, T.Range(0, 1000), "DataPar", "")]
[T.iter_var(i, T.Range(0, 1000), "DataPar", ""), T.iter_var(j, T.Range(0, 1000), "DataPar", "")]
[T.iter_var(i, T.Range(0, 1000), "DataPar", ""), T.iter_var(j, T.Range(0, 1000), "DataPar", "")]
[T.iter_var(i, T.Range(0, 1000), "DataPar", ""), T.iter_var(j, T.Range(0, 1000), "DataPar", "")]
[T.iter_var(i, T.Range(0, 1000), "DataPar", ""), T.iter_var(j, T.Range(0, 1000), "DataPar", "")]
[T.iter_var(i, T.Range(0, 1000), "DataPar", ""), T.iter_var(j, T.Range(0, 1000), "DataPar", "")]
[T.iter_var(i, T.Range(0, 1000), "DataPar", ""), T.iter_var(j, T.Range(0, 1000), "DataPar", "")]
[T.iter_var(i, T.Range(0, 1000), "DataPar", ""), T.iter_var(j, T.Range(0, 1000), "DataPar", "")]
[T.iter_var(i, T.Range(0, 1000), "DataPar", ""), T.iter_var(j, T.Range(0, 1000), "DataPar", "")]
[T.iter_var(i, T.Range(0, 1000), "DataPar", ""), T.iter_var(j, T.Range(0, 1000), "DataPar", "")]
[T.iter_var(i, T.Range(0, 1000), "DataPar", ""), T.iter_var(j, T.Range(0, 1000), "DataPar", "")]
[T.iter_var(i, T.Range(0, 1000), "DataPar", ""), T.iter_var(j, T.Range(0, 1000), "DataPar", "")]
[T.iter_var(i, T.Range(0, 1000), "DataPar", ""), T.iter_var(j, T.Range(0, 1000), "DataPar", "")]
[T.iter_var(i, T.Range(0, 1000), "DataPar", ""), T.iter_var(j, T.Range(0, 1000), "DataPar", "")]
[T.iter_var(i, T.Range(0, 1000), "DataPar", ""), T.iter_var(j, T.Range(0, 1000), "DataPar", "")]
[T.iter_var(i, T.Range(0, 1000), "DataPar", ""), T.iter_var(j, T.Range(0, 1000), "DataPar", "")]
[T.iter_var(i, T.Range(0, 1000), "DataPar", ""), T.iter_var(j, T.Range(0, 1000), "DataPar", "")]
[T.iter_var(i, T.Range(0, 1000), "DataPar", ""), T.iter_var(j, T.Range(0, 1000), "DataPar", "")]
[T.iter_var(i, T.Range(0, 1000), "DataPar", ""), T.iter_var(j, T.Range(0, 1000), "DataPar", "")]
[T.iter_var(i, T.Range(0, 1000), "DataPar", ""), T.iter_var(j, T.Range(0, 1000), "DataPar", "")]
[T.iter_var(i, T.Range(0, 1000), "DataPar", ""), T.iter_var(j, T.Range(0, 1000), "DataPar", "")]
Best time (s): 9999.0000000000
Best std  (s): 0.0000000000
Tuning Time (min): 0.24
Wed Oct 30 09:01:40 PM EDT 2024
completed