Start coordinate search:
Starting position: (1, 1, 1) with performance: 5744 ms
Neighbor size: 6
Neighbor size: 8
tile size (t1, t2, t3): (4, 4, 1) with performance: 1230 ms
Neighbor size: 10
tile size (t1, t2, t3): (4, 16, 1) with performance: 486 ms
Neighbor size: 10
tile size (t1, t2, t3): (4, 64, 1) with performance: 395 ms
Neighbor size: 10
tile size (t1, t2, t3): (16, 64, 1) with performance: 372 ms
Neighbor size: 10
tile size (t1, t2, t3): (16, 256, 1) with performance: 369 ms
Neighbor size: 9
tile size (t1, t2, t3): (64, 256, 1) with performance: 364 ms
Neighbor size: 9
tile size (t1, t2, t3): (64, 512, 1) with performance: 362 ms
Neighbor size: 8
coordinate search took 102908 milliseconds to converge.
Best tile sizes: (64, 512, 1) with performance: 362 ms
Start exhaustive search:
1 1 1 5698
1 1 2 5433
1 1 4 5223
1 1 8 5173
1 1 16 5140
1 1 32 5139
1 1 64 5186
1 1 128 5168
1 1 256 5161
1 1 512 5155
1 2 1 3382
1 2 2 2855
1 2 4 2629
1 2 8 2614
1 2 16 2607
1 2 32 2604
1 2 64 2616
1 2 128 2609
1 2 256 2605
1 2 512 2605
1 4 1 3235
1 4 2 3235
1 4 4 3214
1 4 8 3221
1 4 16 3213
1 4 32 3209
1 4 64 3221
1 4 128 3221
1 4 256 3217
1 4 512 3209
1 8 1 1361
1 8 2 1114
1 8 4 1098
1 8 8 1095
1 8 16 1095
1 8 32 1095
1 8 64 1095
1 8 128 1095
1 8 256 1095
1 8 512 1096
1 16 1 920
1 16 2 866
1 16 4 856
1 16 8 834
1 16 16 822
1 16 32 818
1 16 64 834
1 16 128 831
1 16 256 827
1 16 512 823
1 32 1 685
1 32 2 597
1 32 4 570
1 32 8 553
1 32 16 542
1 32 32 538
1 32 64 555
1 32 128 551
1 32 256 549
1 32 512 543
1 64 1 521
1 64 2 484
1 64 4 469
1 64 8 461
1 64 16 458
1 64 32 464
1 64 64 461
1 64 128 460
1 64 256 459
1 64 512 458
1 128 1 486
1 128 2 451
1 128 4 435
1 128 8 419
1 128 16 421
1 128 32 412
1 128 64 405
1 128 128 406
1 128 256 405
1 128 512 402
1 256 1 391
1 256 2 382
1 256 4 378
1 256 8 381
1 256 16 378
1 256 32 377
1 256 64 376
1 256 128 376
1 256 256 376
1 256 512 376
1 512 1 384
1 512 2 381
1 512 4 380
1 512 8 380
1 512 16 379
1 512 32 378
1 512 64 378
1 512 128 378
1 512 256 377
1 512 512 377
2 1 1 3584
2 1 2 2880
2 1 4 2729
2 1 8 2678
2 1 16 2826
2 1 32 3126
2 1 64 3931
2 1 128 4585
2 1 256 4889
2 1 512 5053
2 2 1 2316
2 2 2 1759
2 2 4 1605
2 2 8 1639
2 2 16 1851
2 2 32 2000
2 2 64 2372
2 2 128 2494
2 2 256 2548
2 2 512 2580
2 4 1 1734
2 4 2 1815
2 4 4 1675
2 4 8 1948
2 4 16 2020
2 4 32 2605
2 4 64 2923
2 4 128 3085
2 4 256 3158
2 4 512 3196
2 8 1 997
2 8 2 923
2 8 4 814
2 8 8 839
2 8 16 821
2 8 32 950
2 8 64 1023
2 8 128 1067
2 8 256 1082
2 8 512 1090
2 16 1 627
2 16 2 602
2 16 4 631
2 16 8 626
2 16 16 644
2 16 32 666
2 16 64 685
2 16 128 694
2 16 256 692
2 16 512 690
2 32 1 505
2 32 2 438
2 32 4 417
2 32 8 411
2 32 16 413
2 32 32 429
2 32 64 439
2 32 128 442
2 32 256 443
2 32 512 441
2 64 1 435
2 64 2 415
2 64 4 408
2 64 8 407
2 64 16 407
2 64 32 413
2 64 64 411
2 64 128 407
2 64 256 407
2 64 512 408
2 128 1 411
2 128 2 392
2 128 4 385
2 128 8 385
2 128 16 391
2 128 32 388
2 128 64 385
2 128 128 384
2 128 256 383
2 128 512 384
2 256 1 390
2 256 2 387
2 256 4 387
2 256 8 392
2 256 16 387
2 256 32 385
2 256 64 383
2 256 128 383
2 256 256 382
2 256 512 378
2 512 1 385
2 512 2 384
2 512 4 385
2 512 8 385
2 512 16 386
2 512 32 386
2 512 64 385
2 512 128 385
2 512 256 385
2 512 512 389
4 1 1 2830
4 1 2 2191
4 1 4 1838
4 1 8 2045
4 1 16 2459
4 1 32 3083
4 1 64 3835
4 1 128 4538
4 1 256 4863
4 1 512 5032
4 2 1 1895
4 2 2 1749
4 2 4 1487
4 2 8 1428
4 2 16 1730
4 2 32 1914
4 2 64 2312
4 2 128 2465
4 2 256 2532
4 2 512 2568
4 4 1 1221
4 4 2 1317
4 4 4 1469
4 4 8 1859
4 4 16 1959
4 4 32 2551
4 4 64 2889
4 4 128 3067
4 4 256 3152
4 4 512 3190
4 8 1 723
4 8 2 676
4 8 4 682
4 8 8 726
4 8 16 758
4 8 32 907
4 8 64 1003
4 8 128 1057
4 8 256 1077
4 8 512 1089
4 16 1 484
4 16 2 526
4 16 4 507
4 16 8 517
4 16 16 561
4 16 32 598
4 16 64 615
4 16 128 623
4 16 256 625
4 16 512 624
4 32 1 420
4 32 2 394
4 32 4 382
4 32 8 387
4 32 16 394
4 32 32 396
4 32 64 400
4 32 128 402
4 32 256 402
4 32 512 402
4 64 1 394
4 64 2 389
4 64 4 386
4 64 8 388
4 64 16 388
4 64 32 390
4 64 64 388
4 64 128 379
4 64 256 379
4 64 512 383
4 128 1 379
4 128 2 375
4 128 4 375
4 128 8 376
4 128 16 378
4 128 32 376
4 128 64 374
4 128 128 373
4 128 256 371
4 128 512 370
4 256 1 379
4 256 2 379
4 256 4 377
4 256 8 378
4 256 16 377
4 256 32 377
4 256 64 376
4 256 128 375
4 256 256 375
4 256 512 377
4 512 1 375
4 512 2 375
4 512 4 374
4 512 8 374
4 512 16 374
4 512 32 374
4 512 64 373
4 512 128 373
4 512 256 373
4 512 512 376
8 1 1 2571
8 1 2 1985
8 1 4 1700
8 1 8 1999
8 1 16 2369
8 1 32 3030
8 1 64 3806
8 1 128 4521
8 1 256 4851
8 1 512 5021
8 2 1 1669
8 2 2 1738
8 2 4 1405
8 2 8 1393
8 2 16 1632
8 2 32 1853
8 2 64 2286
8 2 128 2453
8 2 256 2524
8 2 512 2561
8 4 1 1128
8 4 2 1184
8 4 4 1389
8 4 8 1834
8 4 16 1940
8 4 32 2527
8 4 64 2878
8 4 128 3062
8 4 256 3149
8 4 512 3192
8 8 1 604
8 8 2 547
8 8 4 579
8 8 8 669
8 8 16 737
8 8 32 889
8 8 64 993
8 8 128 1052
8 8 256 1075
8 8 512 1086
8 16 1 425
8 16 2 447
8 16 4 443
8 16 8 461
8 16 16 524
8 16 32 558
8 16 64 578
8 16 128 589
8 16 256 591
8 16 512 587
8 32 1 393
8 32 2 389
8 32 4 376
8 32 8 382
8 32 16 384
8 32 32 386
8 32 64 389
8 32 128 389
8 32 256 386
8 32 512 387
8 64 1 378
8 64 2 377
8 64 4 379
8 64 8 377
8 64 16 376
8 64 32 378
8 64 64 375
8 64 128 373
8 64 256 373
8 64 512 374
8 128 1 370
8 128 2 371
8 128 4 369
8 128 8 369
8 128 16 371
8 128 32 370
8 128 64 369
8 128 128 368
8 128 256 367
8 128 512 366
8 256 1 374
8 256 2 372
8 256 4 370
8 256 8 371
8 256 16 370
8 256 32 370
8 256 64 369
8 256 128 369
8 256 256 369
8 256 512 370
8 512 1 369
8 512 2 368
8 512 4 368
8 512 8 368
8 512 16 368
8 512 32 368
8 512 64 368
8 512 128 367
8 512 256 367
8 512 512 371
16 1 1 2474
16 1 2 1908
16 1 4 1756
16 1 8 1901
16 1 16 2304
16 1 32 3010
16 1 64 3790
16 1 128 4509
16 1 256 4843
16 1 512 5015
16 2 1 1568
16 2 2 1747
16 2 4 1438
16 2 8 1344
16 2 16 1597
16 2 32 1832
16 2 64 2279
16 2 128 2449
16 2 256 2520
16 2 512 2558
16 4 1 1107
16 4 2 1121
16 4 4 1384
16 4 8 1813
16 4 16 1924
16 4 32 2515
16 4 64 2873
16 4 128 3060
16 4 256 3148
16 4 512 3191
16 8 1 533
16 8 2 503
16 8 4 523
16 8 8 644
16 8 16 720
16 8 32 880
16 8 64 987
16 8 128 1050
16 8 256 1074
16 8 512 1086
16 16 1 401
16 16 2 422
16 16 4 411
16 16 8 440
16 16 16 503
16 16 32 540
16 16 64 559
16 16 128 572
16 16 256 574
16 16 512 571
16 32 1 387
16 32 2 385
16 32 4 376
16 32 8 378
16 32 16 380
16 32 32 381
16 32 64 385
16 32 128 384
16 32 256 383
16 32 512 383
16 64 1 371
16 64 2 374
16 64 4 372
16 64 8 371
16 64 16 371
16 64 32 372
16 64 64 370
16 64 128 370
16 64 256 370
16 64 512 370
16 128 1 370
16 128 2 368
16 128 4 367
16 128 8 367
16 128 16 368
16 128 32 368
16 128 64 367
16 128 128 366
16 128 256 365
16 128 512 365
16 256 1 369
16 256 2 367
16 256 4 366
16 256 8 367
16 256 16 367
16 256 32 366
16 256 64 366
16 256 128 366
16 256 256 366
16 256 512 366
16 512 1 365
16 512 2 364
16 512 4 364
16 512 8 365
16 512 16 365
16 512 32 364
16 512 64 364
16 512 128 365
16 512 256 364
16 512 512 367
32 1 1 2421
32 1 2 1901
32 1 4 1645
32 1 8 1843
32 1 16 2278
32 1 32 3007
32 1 64 3790
32 1 128 4509
32 1 256 4841
32 1 512 5013
32 2 1 1502
32 2 2 1610
32 2 4 1402
32 2 8 1321
32 2 16 1602
32 2 32 1835
32 2 64 2278
32 2 128 2446
32 2 256 2518
32 2 512 2556
32 4 1 1095
32 4 2 1123
32 4 4 1355
32 4 8 1796
32 4 16 1920
32 4 32 2510
32 4 64 2871
32 4 128 3060
32 4 256 3148
32 4 512 3191
32 8 1 501
32 8 2 477
32 8 4 504
32 8 8 630
32 8 16 713
32 8 32 876
32 8 64 986
32 8 128 1050
32 8 256 1074
32 8 512 1086
32 16 1 396
32 16 2 407
32 16 4 398
32 16 8 427
32 16 16 495
32 16 32 532
32 16 64 551
32 16 128 563
32 16 256 566
32 16 512 565
32 32 1 384
32 32 2 386
32 32 4 374
32 32 8 376
32 32 16 378
32 32 32 379
32 32 64 382
32 32 128 381
32 32 256 382
32 32 512 382
32 64 1 371
32 64 2 370
32 64 4 369
32 64 8 368
32 64 16 368
32 64 32 370
32 64 64 368
32 64 128 368
32 64 256 368
32 64 512 368
32 128 1 367
32 128 2 366
32 128 4 365
32 128 8 365
32 128 16 366
32 128 32 366
32 128 64 366
32 128 128 365
32 128 256 365
32 128 512 364
32 256 1 366
32 256 2 365
32 256 4 364
32 256 8 365
32 256 16 365
32 256 32 365
32 256 64 364
32 256 128 364
32 256 256 364
32 256 512 364
32 512 1 363
32 512 2 363
32 512 4 363
32 512 8 363
32 512 16 363
32 512 32 363
32 512 64 363
32 512 128 363
32 512 256 363
32 512 512 364
64 1 1 2645
64 1 2 1961
64 1 4 1661
64 1 8 1832
64 1 16 2292
64 1 32 3023
64 1 64 3805
64 1 128 4514
64 1 256 4842
64 1 512 5013
64 2 1 1651
64 2 2 1569
64 2 4 1388
64 2 8 1362
64 2 16 1618
64 2 32 1843
64 2 64 2280
64 2 128 2447
64 2 256 2517
64 2 512 2555
64 4 1 1173
64 4 2 1112
64 4 4 1352
64 4 8 1797
64 4 16 1929
64 4 32 2511
64 4 64 2875
64 4 128 3061
64 4 256 3147
64 4 512 3191
64 8 1 497
64 8 2 484
64 8 4 495
64 8 8 630
64 8 16 716
64 8 32 877
64 8 64 986
64 8 128 1049
64 8 256 1073
64 8 512 1086
64 16 1 399
64 16 2 405
64 16 4 395
64 16 8 431
64 16 16 495
64 16 32 529
64 16 64 547
64 16 128 560
64 16 256 562
64 16 512 562
64 32 1 386
64 32 2 384
64 32 4 373
64 32 8 375
64 32 16 377
64 32 32 379
64 32 64 381
64 32 128 381
64 32 256 382
64 32 512 382
64 64 1 369
64 64 2 368
64 64 4 367
64 64 8 367
64 64 16 367
64 64 32 369
64 64 64 367
64 64 128 368
64 64 256 368
64 64 512 367
64 128 1 366
64 128 2 366
64 128 4 365
64 128 8 364
64 128 16 366
64 128 32 365
64 128 64 365
64 128 128 365
64 128 256 364
64 128 512 364
64 256 1 364
64 256 2 364
64 256 4 363
64 256 8 365
64 256 16 364
64 256 32 364
64 256 64 363
64 256 128 363
64 256 256 363
64 256 512 363
64 512 1 362
64 512 2 362
64 512 4 362
64 512 8 363
64 512 16 363
64 512 32 362
64 512 64 362
64 512 128 362
64 512 256 362
64 512 512 364
128 1 1 2609
128 1 2 1980
128 1 4 1692
128 1 8 1858
128 1 16 2310
128 1 32 3035
128 1 64 3818
128 1 128 4514
128 1 256 4841
128 1 512 5012
128 2 1 1677
128 2 2 1575
128 2 4 1379
128 2 8 1385
128 2 16 1621
128 2 32 1844
128 2 64 2281
128 2 128 2447
128 2 256 2518
128 2 512 2557
128 4 1 1156
128 4 2 1108
128 4 4 1352
128 4 8 1809
128 4 16 1942
128 4 32 2511
128 4 64 2875
128 4 128 3061
128 4 256 3148
128 4 512 3191
128 8 1 498
128 8 2 478
128 8 4 499
128 8 8 637
128 8 16 720
128 8 32 879
128 8 64 986
128 8 128 1050
128 8 256 1073
128 8 512 1086
128 16 1 403
128 16 2 401
128 16 4 408
128 16 8 436
128 16 16 493
128 16 32 527
128 16 64 545
128 16 128 557
128 16 256 559
128 16 512 561
128 32 1 383
128 32 2 381
128 32 4 374
128 32 8 375
128 32 16 376
128 32 32 378
128 32 64 381
128 32 128 381
128 32 256 382
128 32 512 382
128 64 1 368
128 64 2 368
128 64 4 367
128 64 8 366
128 64 16 366
128 64 32 368
128 64 64 367
128 64 128 367
128 64 256 367
128 64 512 367
128 128 1 365
128 128 2 366
128 128 4 364
128 128 8 364
128 128 16 366
128 128 32 365
128 128 64 365
128 128 128 365
128 128 256 364
128 128 512 364
128 256 1 363
128 256 2 365
128 256 4 362
128 256 8 364
128 256 16 364
128 256 32 363
128 256 64 363
128 256 128 363
128 256 256 363
128 256 512 363
128 512 1 362
128 512 2 363
128 512 4 362
128 512 8 362
128 512 16 362
128 512 32 362
128 512 64 362
128 512 128 362
128 512 256 362
128 512 512 363
256 1 1 2622
256 1 2 2003
256 1 4 1786
256 1 8 1913
256 1 16 2310
256 1 32 3036
256 1 64 3817
256 1 128 4513
256 1 256 4839
256 1 512 5011
256 2 1 1729
256 2 2 1599
256 2 4 1380
256 2 8 1345
256 2 16 1621
256 2 32 1844
256 2 64 2281
256 2 128 2447
256 2 256 2517
256 2 512 2557
256 4 1 1158
256 4 2 1130
256 4 4 1403
256 4 8 1837
256 4 16 1944
256 4 32 2509
256 4 64 2878
256 4 128 3061
256 4 256 3148
256 4 512 3191
256 8 1 508
256 8 2 509
256 8 4 516
256 8 8 645
256 8 16 721
256 8 32 879
256 8 64 986
256 8 128 1050
256 8 256 1073
256 8 512 1086
256 16 1 429
256 16 2 410
256 16 4 416
256 16 8 436
256 16 16 492
256 16 32 526
256 16 64 544
256 16 128 556
256 16 256 559
256 16 512 561
256 32 1 387
256 32 2 382
256 32 4 374
256 32 8 375
256 32 16 376
256 32 32 378
256 32 64 381
256 32 128 381
256 32 256 382
256 32 512 382
256 64 1 368
256 64 2 369
256 64 4 367
256 64 8 366
256 64 16 366
256 64 32 368
256 64 64 367
256 64 128 367
256 64 256 368
256 64 512 367
256 128 1 365
256 128 2 368
256 128 4 364
256 128 8 364
256 128 16 366
256 128 32 365
256 128 64 364
256 128 128 364
256 128 256 364
256 128 512 364
256 256 1 363
256 256 2 365
256 256 4 362
256 256 8 364
256 256 16 364
256 256 32 363
256 256 64 363
256 256 128 363
256 256 256 362
256 256 512 362
256 512 1 362
256 512 2 362
256 512 4 362
256 512 8 362
256 512 16 362
256 512 32 362
256 512 64 361
256 512 128 362
256 512 256 362
256 512 512 364
512 1 1 3198
512 1 2 2427
512 1 4 1783
512 1 8 1924
512 1 16 2315
512 1 32 3043
512 1 64 3821
512 1 128 4518
512 1 256 4844
512 1 512 5023
512 2 1 1964
512 2 2 1599
512 2 4 1415
512 2 8 1362
512 2 16 1624
512 2 32 1848
512 2 64 2284
512 2 128 2455
512 2 256 2528
512 2 512 2579
512 4 1 1317
512 4 2 1296
512 4 4 1407
512 4 8 1843
512 4 16 1946
512 4 32 2510
512 4 64 2874
512 4 128 3062
512 4 256 3147
512 4 512 3193
512 8 1 560
512 8 2 517
512 8 4 516
512 8 8 645
512 8 16 721
512 8 32 882
512 8 64 988
512 8 128 1050
512 8 256 1074
512 8 512 1088
512 16 1 436
512 16 2 408
512 16 4 422
512 16 8 436
512 16 16 492
512 16 32 526
512 16 64 544
512 16 128 557
512 16 256 560
512 16 512 565
512 32 1 392
512 32 2 393
512 32 4 374
512 32 8 376
512 32 16 377
512 32 32 378
512 32 64 381
512 32 128 382
512 32 256 384
512 32 512 383
512 64 1 368
512 64 2 374
512 64 4 366
512 64 8 366
512 64 16 366
512 64 32 368
512 64 64 367
512 64 128 367
512 64 256 368
512 64 512 368
512 128 1 365
512 128 2 369
512 128 4 363
512 128 8 363
512 128 16 366
512 128 32 365
512 128 64 364
512 128 128 364
512 128 256 365
512 128 512 364
512 256 1 363
512 256 2 365
512 256 4 362
512 256 8 364
512 256 16 364
512 256 32 363
512 256 64 363
512 256 128 363
512 256 256 363
512 256 512 362
512 512 1 363
512 512 2 364
512 512 4 363
512 512 8 363
512 512 16 363
512 512 32 363
512 512 64 362
512 512 128 362
512 512 256 361
512 512 512 364
exhaustive search took 1116815 milliseconds to converge.
Best tile sizes: (256, 512, 64) with performance: 361 ms
