Start coordinate search:
Starting position: (1, 1, 1) with performance: 28799 ms
Neighbor size: 6
Neighbor size: 8
tile size (t1, t2, t3): (1, 16, 1) with performance: 7442 ms
Neighbor size: 8
tile size (t1, t2, t3): (1, 64, 1) with performance: 6524 ms
Neighbor size: 8
tile size (t1, t2, t3): (1, 256, 1) with performance: 6056 ms
Neighbor size: 7
tile size (t1, t2, t3): (2, 256, 1) with performance: 5943 ms
Neighbor size: 8
tile size (t1, t2, t3): (2, 256, 2) with performance: 5836 ms
Neighbor size: 9
coordinate search took 566470 milliseconds to converge.
Best tile sizes: (2, 256, 2) with performance: 5836 ms
Start exhaustive search:
1 1 1 28855
1 1 2 21063
1 1 4 17140
1 1 8 15217
1 1 16 14263
1 1 32 13760
1 1 64 13498
1 1 128 13364
1 1 256 13297
1 1 512 13263
1 2 1 15756
1 2 2 12032
1 2 4 10326
1 2 8 10030
1 2 16 9578
1 2 32 9342
1 2 64 9222
1 2 128 9224
1 2 256 8911
1 2 512 9129
1 4 1 9868
1 4 2 8789
1 4 4 8063
1 4 8 7958
1 4 16 7805
1 4 32 7521
1 4 64 7552
1 4 128 7428
1 4 256 7271
1 4 512 7284
1 8 1 8093
1 8 2 7513
1 8 4 7345
1 8 8 6906
1 8 16 7014
1 8 32 7180
1 8 64 6799
1 8 128 6781
1 8 256 6784
1 8 512 6679
1 16 1 7306
1 16 2 6983
1 16 4 6752
1 16 8 6670
1 16 16 6616
1 16 32 6586
1 16 64 6599
1 16 128 6550
1 16 256 6543
1 16 512 6628
1 32 1 6767
1 32 2 6363
1 32 4 6371
1 32 8 6279
1 32 16 6218
1 32 32 6303
1 32 64 6211
1 32 128 6268
1 32 256 6263
1 32 512 6123
1 64 1 6590
1 64 2 6135
1 64 4 6116
1 64 8 6136
1 64 16 6072
1 64 32 6057
1 64 64 6061
1 64 128 6038
1 64 256 5908
1 64 512 5998
1 128 1 6394
1 128 2 6114
1 128 4 6102
1 128 8 6047
1 128 16 6033
1 128 32 5981
1 128 64 5985
1 128 128 6027
1 128 256 5978
1 128 512 5995
1 256 1 6038
1 256 2 5951
1 256 4 6031
1 256 8 6021
1 256 16 6002
1 256 32 6013
1 256 64 5964
1 256 128 5970
1 256 256 6056
1 256 512 6151
1 512 1 6054
1 512 2 6021
1 512 4 5980
1 512 8 6001
1 512 16 5969
1 512 32 5991
1 512 64 6042
1 512 128 6057
1 512 256 6092
1 512 512 6172
2 1 1 25920
2 1 2 19521
2 1 4 16331
2 1 8 14712
2 1 16 13935
2 1 32 13517
2 1 64 13304
2 1 128 13196
2 1 256 13140
2 1 512 13119
2 2 1 14282
2 2 2 11151
2 2 4 10197
2 2 8 9918
2 2 16 9500
2 2 32 9312
2 2 64 9124
2 2 128 9070
2 2 256 10233
2 2 512 8879
2 4 1 9487
2 4 2 8459
2 4 4 8105
2 4 8 7455
2 4 16 7191
2 4 32 7125
2 4 64 6991
2 4 128 6985
2 4 256 6895
2 4 512 6945
2 8 1 7843
2 8 2 7340
2 8 4 6876
2 8 8 6631
2 8 16 6573
2 8 32 6540
2 8 64 6499
2 8 128 6593
2 8 256 6522
2 8 512 6525
2 16 1 7073
2 16 2 6820
2 16 4 6554
2 16 8 6428
2 16 16 6337
2 16 32 6349
2 16 64 6267
2 16 128 6367
2 16 256 6374
2 16 512 6369
2 32 1 6279
2 32 2 6240
2 32 4 6115
2 32 8 6036
2 32 16 5992
2 32 32 5975
2 32 64 6003
2 32 128 6036
2 32 256 6221
2 32 512 6067
2 64 1 6114
2 64 2 6015
2 64 4 6072
2 64 8 6051
2 64 16 6080
2 64 32 6052
2 64 64 6009
2 64 128 6052
2 64 256 6073
2 64 512 6076
2 128 1 5915
2 128 2 5971
2 128 4 6000
2 128 8 6068
2 128 16 5987
2 128 32 5988
2 128 64 5894
2 128 128 5830
2 128 256 5848
2 128 512 5979
2 256 1 5957
2 256 2 5759
2 256 4 5874
2 256 8 5860
2 256 16 5880
2 256 32 5925
2 256 64 5916
2 256 128 5933
2 256 256 6107
2 256 512 6204
2 512 1 6020
2 512 2 5985
2 512 4 5980
2 512 8 5930
2 512 16 5949
2 512 32 5997
2 512 64 5953
2 512 128 6022
2 512 256 6075
2 512 512 6162
4 1 1 24433
4 1 2 18720
4 1 4 15999
4 1 8 14491
4 1 16 13762
4 1 32 13386
4 1 64 13195
4 1 128 13099
4 1 256 13052
4 1 512 13034
4 2 1 13516
4 2 2 11059
4 2 4 10009
4 2 8 9564
4 2 16 9175
4 2 32 8927
4 2 64 8858
4 2 128 8694
4 2 256 8706
4 2 512 8555
4 4 1 9420
4 4 2 8606
4 4 4 7876
4 4 8 7541
4 4 16 7368
4 4 32 7221
4 4 64 7176
4 4 128 7082
4 4 256 7101
4 4 512 7047
4 8 1 7863
4 8 2 7336
4 8 4 6992
4 8 8 6833
4 8 16 6715
4 8 32 6737
4 8 64 6680
4 8 128 6630
4 8 256 6631
4 8 512 6630
4 16 1 6885
4 16 2 6772
4 16 4 6672
4 16 8 6519
4 16 16 6484
4 16 32 6504
4 16 64 6449
4 16 128 6431
4 16 256 6497
4 16 512 6567
4 32 1 6602
4 32 2 6368
4 32 4 6189
4 32 8 6172
4 32 16 6147
4 32 32 6125
4 32 64 6056
4 32 128 6113
4 32 256 6120
4 32 512 6284
4 64 1 6424
4 64 2 6122
4 64 4 6153
4 64 8 6111
4 64 16 6144
4 64 32 6037
4 64 64 6016
4 64 128 6051
4 64 256 6161
4 64 512 6096
4 128 1 6230
4 128 2 6052
4 128 4 6066
4 128 8 6076
4 128 16 6018
4 128 32 5951
4 128 64 5892
4 128 128 6041
4 128 256 5996
4 128 512 6186
4 256 1 6010
4 256 2 5730
4 256 4 5848
4 256 8 5832
4 256 16 5891
4 256 32 5883
4 256 64 5889
4 256 128 6000
4 256 256 6160
4 256 512 6336
4 512 1 6093
4 512 2 5912
4 512 4 5920
4 512 8 5986
4 512 16 5971
4 512 32 5951
4 512 64 5954
4 512 128 6006
4 512 256 6117
4 512 512 6202
8 1 1 23698
8 1 2 18424
8 1 4 15714
8 1 8 14329
8 1 16 13680
8 1 32 13325
8 1 64 13146
8 1 128 13058
8 1 256 13011
8 1 512 12997
8 2 1 13223
8 2 2 10799
8 2 4 10012
8 2 8 9462
8 2 16 9016
8 2 32 8808
8 2 64 8888
8 2 128 8615
8 2 256 8459
8 2 512 8506
8 4 1 9193
8 4 2 8456
8 4 4 8034
8 4 8 7648
8 4 16 7396
8 4 32 7270
8 4 64 7244
8 4 128 7155
8 4 256 7124
8 4 512 7175
8 8 1 7666
8 8 2 7207
8 8 4 7065
8 8 8 6965
8 8 16 6897
8 8 32 6788
8 8 64 6712
8 8 128 6858
8 8 256 6605
8 8 512 6809
8 16 1 7290
8 16 2 6810
8 16 4 6708
8 16 8 6614
8 16 16 6590
8 16 32 6584
8 16 64 6525
8 16 128 6603
8 16 256 6620
8 16 512 6670
8 32 1 6857
8 32 2 6339
8 32 4 6291
8 32 8 6228
8 32 16 6212
8 32 32 6218
8 32 64 6216
8 32 128 6226
8 32 256 6418
8 32 512 6517
8 64 1 6298
8 64 2 6204
8 64 4 6212
8 64 8 6178
8 64 16 6158
8 64 32 6056
8 64 64 6098
8 64 128 6124
8 64 256 6165
8 64 512 6204
8 128 1 6470
8 128 2 6025
8 128 4 6142
8 128 8 6109
8 128 16 5980
8 128 32 5964
8 128 64 5954
8 128 128 6065
8 128 256 6185
8 128 512 6235
8 256 1 5989
8 256 2 5819
8 256 4 5891
8 256 8 5897
8 256 16 5873
8 256 32 5873
8 256 64 5967
8 256 128 5981
8 256 256 6111
8 256 512 6336
8 512 1 6071
8 512 2 6069
8 512 4 5929
8 512 8 5948
8 512 16 5912
8 512 32 5956
8 512 64 6014
8 512 128 6050
8 512 256 6228
8 512 512 6237
16 1 1 23329
16 1 2 18182
16 1 4 15570
16 1 8 14252
16 1 16 13644
16 1 32 13296
16 1 64 13123
16 1 128 13038
16 1 256 12993
16 1 512 12980
16 2 1 13010
16 2 2 10738
16 2 4 9844
16 2 8 9518
16 2 16 9217
16 2 32 9096
16 2 64 8909
16 2 128 8722
16 2 256 8854
16 2 512 8775
16 4 1 9131
16 4 2 8380
16 4 4 8019
16 4 8 7761
16 4 16 7618
16 4 32 7401
16 4 64 7472
16 4 128 7552
16 4 256 7386
16 4 512 7563
16 8 1 7910
16 8 2 7452
16 8 4 7155
16 8 8 6930
16 8 16 6970
16 8 32 7124
16 8 64 6796
16 8 128 6934
16 8 256 6832
16 8 512 6959
16 16 1 7323
16 16 2 6851
16 16 4 6724
16 16 8 6626
16 16 16 6603
16 16 32 6641
16 16 64 6517
16 16 128 6589
16 16 256 6712
16 16 512 6797
16 32 1 6745
16 32 2 6350
16 32 4 6294
16 32 8 6240
16 32 16 6205
16 32 32 6241
16 32 64 6248
16 32 128 6296
16 32 256 6465
16 32 512 6492
16 64 1 6676
16 64 2 6200
16 64 4 6156
16 64 8 6149
16 64 16 6089
16 64 32 6022
16 64 64 6046
16 64 128 6167
16 64 256 6336
16 64 512 6211
16 128 1 6373
16 128 2 6023
16 128 4 6091
16 128 8 6025
16 128 16 6016
16 128 32 6031
16 128 64 6127
16 128 128 6072
16 128 256 6245
16 128 512 6300
16 256 1 6013
16 256 2 5818
16 256 4 5903
16 256 8 5928
16 256 16 5922
16 256 32 5964
16 256 64 6018
16 256 128 6113
16 256 256 6214
16 256 512 6331
16 512 1 6136
16 512 2 5975
16 512 4 5955
16 512 8 5916
16 512 16 6076
16 512 32 5996
16 512 64 6054
16 512 128 6081
16 512 256 6178
16 512 512 6245
32 1 1 23162
32 1 2 18060
32 1 4 15497
32 1 8 14211
32 1 16 13621
32 1 32 13282
32 1 64 13113
32 1 128 13026
32 1 256 12982
32 1 512 12971
32 2 1 12900
32 2 2 10695
32 2 4 9626
32 2 8 9638
32 2 16 9079
32 2 32 9014
32 2 64 8999
32 2 128 8788
32 2 256 8738
32 2 512 8741
32 4 1 9028
32 4 2 8453
32 4 4 7934
32 4 8 7867
32 4 16 7579
32 4 32 7691
32 4 64 7585
32 4 128 7540
32 4 256 7425
32 4 512 7592
32 8 1 7784
32 8 2 7368
32 8 4 7252
32 8 8 7241
32 8 16 7000
32 8 32 6979
32 8 64 6905
32 8 128 7046
32 8 256 7053
32 8 512 7025
32 16 1 7512
32 16 2 6814
32 16 4 6714
32 16 8 6645
32 16 16 6613
32 16 32 6650
32 16 64 6585
32 16 128 6646
32 16 256 6779
32 16 512 6852
32 32 1 6826
32 32 2 6375
32 32 4 6346
32 32 8 6241
32 32 16 6272
32 32 32 6309
32 32 64 6266
32 32 128 6358
32 32 256 6461
32 32 512 6435
32 64 1 6724
32 64 2 6185
32 64 4 6265
32 64 8 6192
32 64 16 6042
32 64 32 6062
32 64 64 6096
32 64 128 6157
32 64 256 6194
32 64 512 6318
32 128 1 6369
32 128 2 6174
32 128 4 6044
32 128 8 6063
32 128 16 5977
32 128 32 5939
32 128 64 6048
32 128 128 6124
32 128 256 6165
32 128 512 6305
32 256 1 6079
32 256 2 5808
32 256 4 5851
32 256 8 5876
32 256 16 5907
32 256 32 5959
32 256 64 5946
32 256 128 5981
32 256 256 6165
32 256 512 6252
32 512 1 5920
32 512 2 5960
32 512 4 5898
32 512 8 5951
32 512 16 6013
32 512 32 6030
32 512 64 6045
32 512 128 5969
32 512 256 6105
32 512 512 6216
64 1 1 23077
64 1 2 18012
64 1 4 15469
64 1 8 14193
64 1 16 13628
64 1 32 13284
64 1 64 13109
64 1 128 13022
64 1 256 12978
64 1 512 12965
64 2 1 12846
64 2 2 10689
64 2 4 9548
64 2 8 9332
64 2 16 9237
64 2 32 8894
64 2 64 8973
64 2 128 8858
64 2 256 8806
64 2 512 8974
64 4 1 9090
64 4 2 8323
64 4 4 7838
64 4 8 7815
64 4 16 7754
64 4 32 7669
64 4 64 7616
64 4 128 7441
64 4 256 7624
64 4 512 7747
64 8 1 7739
64 8 2 7318
64 8 4 7104
64 8 8 7203
64 8 16 7184
64 8 32 7129
64 8 64 7047
64 8 128 6925
64 8 256 7001
64 8 512 7062
64 16 1 7396
64 16 2 6857
64 16 4 6750
64 16 8 6670
64 16 16 6655
64 16 32 6621
64 16 64 6585
64 16 128 6717
64 16 256 6767
64 16 512 6774
64 32 1 6832
64 32 2 6333
64 32 4 6339
64 32 8 6396
64 32 16 6261
64 32 32 6214
64 32 64 6263
64 32 128 6354
64 32 256 6464
64 32 512 6537
64 64 1 6611
64 64 2 6158
64 64 4 6119
64 64 8 6099
64 64 16 6061
64 64 32 6074
64 64 64 6162
64 64 128 6168
64 64 256 6303
64 64 512 6397
64 128 1 6455
64 128 2 6159
64 128 4 6097
64 128 8 5949
64 128 16 6064
64 128 32 6056
64 128 64 6111
64 128 128 6133
64 128 256 6319
64 128 512 6335
64 256 1 5985
64 256 2 5844
64 256 4 5934
64 256 8 5912
64 256 16 5930
64 256 32 5903
64 256 64 6025
64 256 128 6086
64 256 256 6302
64 256 512 6288
64 512 1 6011
64 512 2 5929
64 512 4 5998
64 512 8 6088
64 512 16 6139
64 512 32 6037
64 512 64 6174
64 512 128 6148
64 512 256 6144
64 512 512 6246
128 1 1 23004
128 1 2 17969
128 1 4 15453
128 1 8 14187
128 1 16 13659
128 1 32 13304
128 1 64 13121
128 1 128 13027
128 1 256 12976
128 1 512 12964
128 2 1 12820
128 2 2 10451
128 2 4 9527
128 2 8 9633
128 2 16 9132
128 2 32 8941
128 2 64 8917
128 2 128 8964
128 2 256 8928
128 2 512 9021
128 4 1 9100
128 4 2 8410
128 4 4 7887
128 4 8 7868
128 4 16 7743
128 4 32 7759
128 4 64 7726
128 4 128 7747
128 4 256 7628
128 4 512 7591
128 8 1 7708
128 8 2 7326
128 8 4 7206
128 8 8 6942
128 8 16 6969
128 8 32 7146
128 8 64 7049
128 8 128 7116
128 8 256 7171
128 8 512 7170
128 16 1 7365
128 16 2 6849
128 16 4 6795
128 16 8 6742
128 16 16 6674
128 16 32 6556
128 16 64 6628
128 16 128 6702
128 16 256 6764
128 16 512 6860
128 32 1 6986
128 32 2 6396
128 32 4 6446
128 32 8 6326
128 32 16 6330
128 32 32 6227
128 32 64 6251
128 32 128 6391
128 32 256 6419
128 32 512 6514
128 64 1 6720
128 64 2 6142
128 64 4 6108
128 64 8 6098
128 64 16 6133
128 64 32 6089
128 64 64 6192
128 64 128 6287
128 64 256 6261
128 64 512 6335
128 128 1 6442
128 128 2 6052
128 128 4 6060
128 128 8 5995
128 128 16 6016
128 128 32 6052
128 128 64 6053
128 128 128 6277
128 128 256 6256
128 128 512 6385
128 256 1 5944
128 256 2 5890
128 256 4 5958
128 256 8 5972
128 256 16 5910
128 256 32 5904
128 256 64 6062
128 256 128 6127
128 256 256 6273
128 256 512 6272
128 512 1 5948
128 512 2 6007
128 512 4 5980
128 512 8 6090
128 512 16 6054
128 512 32 6147
128 512 64 6097
128 512 128 6169
128 512 256 6218
128 512 512 6256
256 1 1 23029
256 1 2 17980
256 1 4 15496
256 1 8 14208
256 1 16 13665
256 1 32 13313
256 1 64 13138
256 1 128 13034
256 1 256 12980
256 1 512 12965
256 2 1 12848
256 2 2 10638
256 2 4 9550
256 2 8 9494
256 2 16 9070
256 2 32 9101
256 2 64 8851
256 2 128 8966
256 2 256 8953
256 2 512 8972
256 4 1 9029
256 4 2 8332
256 4 4 7846
256 4 8 7898
256 4 16 7618
256 4 32 7698
256 4 64 7509
256 4 128 7625
256 4 256 7699
256 4 512 7678
256 8 1 7752
256 8 2 7403
256 8 4 7269
256 8 8 7247
256 8 16 7021
256 8 32 7051
256 8 64 7092
256 8 128 7126
256 8 256 7186
256 8 512 7008
256 16 1 7346
256 16 2 6792
256 16 4 6744
256 16 8 6791
256 16 16 6761
256 16 32 6573
256 16 64 6622
256 16 128 6660
256 16 256 6782
256 16 512 6798
256 32 1 6871
256 32 2 6329
256 32 4 6403
256 32 8 6339
256 32 16 6213
256 32 32 6276
256 32 64 6311
256 32 128 6337
256 32 256 6411
256 32 512 6533
256 64 1 6706
256 64 2 6111
256 64 4 6154
256 64 8 6086
256 64 16 6155
256 64 32 6032
256 64 64 6119
256 64 128 6160
256 64 256 6251
256 64 512 6301
256 128 1 6548
256 128 2 6092
256 128 4 6010
256 128 8 6150
256 128 16 5992
256 128 32 6145
256 128 64 6210
256 128 128 6226
256 128 256 6300
256 128 512 6404
256 256 1 6097
256 256 2 5884
256 256 4 6003
256 256 8 6079
256 256 16 6068
256 256 32 6003
256 256 64 6107
256 256 128 6128
256 256 256 6193
256 256 512 6252
256 512 1 6027
256 512 2 6165
256 512 4 6165
256 512 8 6223
256 512 16 6219
256 512 32 6082
256 512 64 6089
256 512 128 6217
256 512 256 6193
256 512 512 6290
512 1 1 23194
512 1 2 18281
512 1 4 15516
512 1 8 14227
512 1 16 13704
512 1 32 13368
512 1 64 13185
512 1 128 13062
512 1 256 13003
512 1 512 12984
512 2 1 12965
512 2 2 10744
512 2 4 9581
512 2 8 9678
512 2 16 9275
512 2 32 9130
512 2 64 9055
512 2 128 9061
512 2 256 8959
512 2 512 8829
512 4 1 9046
512 4 2 8581
512 4 4 7950
512 4 8 8006
512 4 16 7569
512 4 32 7558
512 4 64 7552
512 4 128 7622
512 4 256 7701
512 4 512 7712
512 8 1 7766
512 8 2 7446
512 8 4 7252
512 8 8 7323
512 8 16 7240
512 8 32 7195
512 8 64 7060
512 8 128 7116
512 8 256 6975
512 8 512 7131
512 16 1 7220
512 16 2 6963
512 16 4 6815
512 16 8 6811
512 16 16 6819
512 16 32 6662
512 16 64 6624
512 16 128 6652
512 16 256 6686
512 16 512 6754
512 32 1 6913
512 32 2 6359
512 32 4 6361
512 32 8 6410
512 32 16 6418
512 32 32 6234
512 32 64 6284
512 32 128 6375
512 32 256 6424
512 32 512 6516
512 64 1 6659
512 64 2 6148
512 64 4 6290
512 64 8 6326
512 64 16 6315
512 64 32 6100
512 64 64 6098
512 64 128 6162
512 64 256 6256
512 64 512 6352
512 128 1 6336
512 128 2 6106
512 128 4 6001
512 128 8 6299
512 128 16 6022
512 128 32 6098
512 128 64 6088
512 128 128 6291
512 128 256 6177
512 128 512 6314
512 256 1 6218
512 256 2 5905
512 256 4 5972
512 256 8 6143
512 256 16 6136
512 256 32 6058
512 256 64 6212
512 256 128 6157
512 256 256 6188
512 256 512 6346
512 512 1 6246
512 512 2 6120
512 512 4 6231
512 512 8 6283
512 512 16 6191
512 512 32 6213
512 512 64 6163
512 512 128 6187
512 512 256 6141
512 512 512 6276
exhaustive search took 7739713 milliseconds to converge.
Best tile sizes: (4, 256, 2) with performance: 5730 ms
